2871  01:31:13.661356 rt_sigaction(SIGRT_27, {sa_handler=0x469a60, sa_mask=~[], sa_flags=SA_RESTORER|SA_ONSTACK|SA_RESTART|SA_SIGINFO, sa_restorer=0x469ba0}, NULL, 8) = 0 <0.000095>
2871  01:31:13.662112 rt_sigaction(SIGRT_28, NULL, {sa_handler=SIG_DFL, sa_mask=[], sa_flags=0}, 8) = 0 <0.000088>
2871  01:31:13.662775 rt_sigaction(SIGRT_28, {sa_handler=0x469a60, sa_mask=~[], sa_flags=SA_RESTORER|SA_ONSTACK|SA_RESTART|SA_SIGINFO, sa_restorer=0x469ba0}, NULL, 8) = 0 <0.000082>
2871  01:31:13.663447 rt_sigaction(SIGRT_29, NULL, {sa_handler=SIG_DFL, sa_mask=[], sa_flags=0}, 8) = 0 <0.000093>
2871  01:31:13.664124 rt_sigaction(SIGRT_29, {sa_handler=0x469a60, sa_mask=~[], sa_flags=SA_RESTORER|SA_ONSTACK|SA_RESTART|SA_SIGINFO, sa_restorer=0x469ba0}, NULL, 8) = 0 <0.000061>
2871  01:31:13.664703 rt_sigaction(SIGRT_30, NULL, {sa_handler=SIG_DFL, sa_mask=[], sa_flags=0}, 8) = 0 <0.000056>
2871  01:31:13.665247 rt_sigaction(SIGRT_30, {sa_handler=0x469a60, sa_mask=~[], sa_flags=SA_RESTORER|SA_ONSTACK|SA_RESTART|SA_SIGINFO, sa_restorer=0x469ba0}, NULL, 8) = 0 <0.000105>
2871  01:31:13.665980 rt_sigaction(SIGRT_31, NULL, {sa_handler=SIG_DFL, sa_mask=[], sa_flags=0}, 8) = 0 <0.000069>
2871  01:31:13.666568 rt_sigaction(SIGRT_31, {sa_handler=0x469a60, sa_mask=~[], sa_flags=SA_RESTORER|SA_ONSTACK|SA_RESTART|SA_SIGINFO, sa_restorer=0x469ba0}, NULL, 8) = 0 <0.000082>
2871  01:31:13.667111 rt_sigaction(SIGRT_32, NULL, {sa_handler=SIG_DFL, sa_mask=[], sa_flags=0}, 8) = 0 <0.000059>
2871  01:31:13.667713 rt_sigaction(SIGRT_32, {sa_handler=0x469a60, sa_mask=~[], sa_flags=SA_RESTORER|SA_ONSTACK|SA_RESTART|SA_SIGINFO, sa_restorer=0x469ba0}, NULL, 8) = 0 <0.000055>
2871  01:31:13.668301 rt_sigprocmask(SIG_SETMASK, ~[], [], 8) = 0 <0.000073>
2871  01:31:13.668917 clone(child_stack=0xc000096000, flags=CLONE_VM|CLONE_FS|CLONE_FILES|CLONE_SIGHAND|CLONE_THREAD|CLONE_SYSVSEM|CLONE_SETTLS, tls=0xc00007a090) = 2872 <0.000268>
2872  01:31:13.669747 gettid( <unfinished ...>
2871  01:31:13.670047 rt_sigprocmask(SIG_SETMASK, [],  <unfinished ...>
2872  01:31:13.670346 <... gettid resumed>) = 2872 <0.000343>
2871  01:31:13.670603 <... rt_sigprocmask resumed>NULL, 8) = 0 <0.000303>
2872  01:31:13.670826 sigaltstack(NULL,  <unfinished ...>
2871  01:31:13.671037 rt_sigprocmask(SIG_SETMASK, ~[],  <unfinished ...>
2872  01:31:13.671249 <... sigaltstack resumed>{ss_sp=NULL, ss_flags=SS_DISABLE, ss_size=0}) = 0 <0.000236>
2871  01:31:13.671451 <... rt_sigprocmask resumed>[], 8) = 0 <0.000223>
2872  01:31:13.671665 sigaltstack({ss_sp=0xc000088000, ss_flags=0, ss_size=32768},  <unfinished ...>
2871  01:31:13.671876 clone(child_stack=0xc000098000, flags=CLONE_VM|CLONE_FS|CLONE_FILES|CLONE_SIGHAND|CLONE_THREAD|CLONE_SYSVSEM|CLONE_SETTLS <unfinished ...>
2872  01:31:13.672076 <... sigaltstack resumed>NULL) = 0 <0.000224>
2872  01:31:13.672340 rt_sigprocmask(SIG_SETMASK, [],  <unfinished ...>
2873  01:31:13.672582 gettid( <unfinished ...>
2871  01:31:13.672804 <... clone resumed>, tls=0xc00007a490) = 2873 <0.000748>
2873  01:31:13.673032 <... gettid resumed>) = 2873 <0.000246>
2872  01:31:13.673230 <... rt_sigprocmask resumed>NULL, 8) = 0 <0.000668>
2873  01:31:13.673467 sigaltstack(NULL,  <unfinished ...>
2871  01:31:13.673702 rt_sigprocmask(SIG_SETMASK, [],  <unfinished ...>
2873  01:31:13.673937 <... sigaltstack resumed>{ss_sp=NULL, ss_flags=SS_DISABLE, ss_size=0}) = 0 <0.000252>
2872  01:31:13.674177 gettid( <unfinished ...>
2873  01:31:13.674430 sigaltstack({ss_sp=0xc000098000, ss_flags=0, ss_size=32768},  <unfinished ...>
2871  01:31:13.674661 <... rt_sigprocmask resumed>NULL, 8) = 0 <0.000743>
2873  01:31:13.674882 <... sigaltstack resumed>NULL) = 0 <0.000241>
2872  01:31:13.675062 <... gettid resumed>) = 2872 <0.000655>
2873  01:31:13.675397 rt_sigprocmask(SIG_SETMASK, [],  <unfinished ...>
2871  01:31:13.675640 rt_sigprocmask(SIG_SETMASK, ~[],  <unfinished ...>
2873  01:31:13.675829 <... rt_sigprocmask resumed>NULL, 8) = 0 <0.000210>
2872  01:31:13.676020 nanosleep({tv_sec=0, tv_nsec=20000},  <unfinished ...>
2873  01:31:13.676220 gettid( <unfinished ...>
2871  01:31:13.676480 <... rt_sigprocmask resumed>[], 8) = 0 <0.000673>
2873  01:31:13.676673 <... gettid resumed>) = 2873 <0.000212>
2872  01:31:13.676851 <... nanosleep resumed>NULL) = 0 <0.000654>
2873  01:31:13.677033 mmap(NULL, 262144, PROT_READ|PROT_WRITE, MAP_PRIVATE|MAP_ANONYMOUS, -1, 0 <unfinished ...>
2871  01:31:13.677222 clone(child_stack=0xc000092000, flags=CLONE_VM|CLONE_FS|CLONE_FILES|CLONE_SIGHAND|CLONE_THREAD|CLONE_SYSVSEM|CLONE_SETTLS <unfinished ...>
2873  01:31:13.677426 <... mmap resumed>) = 0x7fa080cc9000 <0.000226>
2872  01:31:13.677615 nanosleep({tv_sec=0, tv_nsec=20000},  <unfinished ...>
2873  01:31:13.677831 rt_sigprocmask(SIG_SETMASK, ~[],  <unfinished ...>
2874  01:31:13.678161 gettid( <unfinished ...>
2873  01:31:13.678474 <... rt_sigprocmask resumed>[], 8) = 0 <0.000411>
2872  01:31:13.678780 <... nanosleep resumed>NULL) = 0 <0.000992>
2871  01:31:13.679015 <... clone resumed>, tls=0xc00007a890) = 2874 <0.001609>
2874  01:31:13.679218 <... gettid resumed>) = 2874 <0.000793>
2873  01:31:13.679441 clone(child_stack=0xc000112000, flags=CLONE_VM|CLONE_FS|CLONE_FILES|CLONE_SIGHAND|CLONE_THREAD|CLONE_SYSVSEM|CLONE_SETTLS <unfinished ...>
2872  01:31:13.679662 nanosleep({tv_sec=0, tv_nsec=20000},  <unfinished ...>
2874  01:31:13.680013 sigaltstack(NULL,  <unfinished ...>
2871  01:31:13.680402 rt_sigprocmask(SIG_SETMASK, [],  <unfinished ...>
2875  01:31:13.680766 gettid( <unfinished ...>
2874  01:31:13.681027 <... sigaltstack resumed>{ss_sp=NULL, ss_flags=SS_DISABLE, ss_size=0}) = 0 <0.000717>
2873  01:31:13.681256 <... clone resumed>, tls=0xc000100090) = 2875 <0.001614>
2872  01:31:13.681444 <... nanosleep resumed>NULL) = 0 <0.001531>
2871  01:31:13.681629 <... rt_sigprocmask resumed>NULL, 8) = 0 <0.000922>
2875  01:31:13.681813 <... gettid resumed>) = 2875 <0.000812>
2874  01:31:13.681997 sigaltstack({ss_sp=0xc0000a2000, ss_flags=0, ss_size=32768},  <unfinished ...>
2873  01:31:13.682185 rt_sigprocmask(SIG_SETMASK, [],  <unfinished ...>
2872  01:31:13.682376 nanosleep({tv_sec=0, tv_nsec=20000},  <unfinished ...>
2875  01:31:13.682571 sigaltstack(NULL,  <unfinished ...>
2874  01:31:13.682798 <... sigaltstack resumed>NULL) = 0 <0.000632>
2873  01:31:13.683030 <... rt_sigprocmask resumed>NULL, 8) = 0 <0.000676>
2871  01:31:13.683241 futex(0x3b3bb68, FUTEX_WAIT_PRIVATE, 0, NULL <unfinished ...>
2875  01:31:13.683469 <... sigaltstack resumed>{ss_sp=NULL, ss_flags=SS_DISABLE, ss_size=0}) = 0 <0.000691>
2874  01:31:13.683712 rt_sigprocmask(SIG_SETMASK, [],  <unfinished ...>
2873  01:31:13.684009 futex(0x3b3bb68, FUTEX_WAKE_PRIVATE, 1 <unfinished ...>
2872  01:31:13.684323 <... nanosleep resumed>NULL) = 0 <0.001772>
2875  01:31:13.684557 sigaltstack({ss_sp=0xc000104000, ss_flags=0, ss_size=32768},  <unfinished ...>
2874  01:31:13.684763 <... rt_sigprocmask resumed>NULL, 8) = 0 <0.000777>
2873  01:31:13.684949 <... futex resumed>) = 0 <0.000680>
2871  01:31:13.685134 <... futex resumed>) = -1 EAGAIN (Resource temporarily unavailable) <0.001688>
2875  01:31:13.685370 <... sigaltstack resumed>NULL) = 0 <0.000626>
2874  01:31:13.685624 gettid( <unfinished ...>
2873  01:31:13.685861 futex(0xc00007a548, FUTEX_WAIT_PRIVATE, 0, NULL <unfinished ...>
2872  01:31:13.686109 nanosleep({tv_sec=0, tv_nsec=20000},  <unfinished ...>
2875  01:31:13.686386 rt_sigprocmask(SIG_SETMASK, [],  <unfinished ...>
2874  01:31:13.686616 <... gettid resumed>) = 2874 <0.000797>
2871  01:31:13.686835 futex(0x3b3bb68, FUTEX_WAIT_PRIVATE, 0, NULL <unfinished ...>
2875  01:31:13.687157 <... rt_sigprocmask resumed>NULL, 8) = 0 <0.000556>
2874  01:31:13.687509 futex(0x3b3bb68, FUTEX_WAKE_PRIVATE, 1 <unfinished ...>
2872  01:31:13.687873 <... nanosleep resumed>NULL) = 0 <0.001512>
2875  01:31:13.688247 gettid( <unfinished ...>
2874  01:31:13.688442 <... futex resumed>) = 0 <0.000614>
2871  01:31:13.688628 <... futex resumed>) = -1 EAGAIN (Resource temporarily unavailable) <0.001535>
2875  01:31:13.688820 <... gettid resumed>) = 2875 <0.000397>
2874  01:31:13.689012 futex(0xc00007a948, FUTEX_WAIT_PRIVATE, 0, NULL <unfinished ...>
2872  01:31:13.689210 nanosleep({tv_sec=0, tv_nsec=20000},  <unfinished ...>
2875  01:31:13.689411 futex(0xc000100148, FUTEX_WAIT_PRIVATE, 0, NULL <unfinished ...>
2871  01:31:13.689651 getrlimit(RLIMIT_NOFILE,  <unfinished ...>
2872  01:31:13.689882 <... nanosleep resumed>NULL) = 0 <0.000495>
2871  01:31:13.690108 <... getrlimit resumed>{rlim_cur=1024, rlim_max=1024*1024}) = 0 <0.000249>
2872  01:31:13.690307 nanosleep({tv_sec=0, tv_nsec=20000},  <unfinished ...>
2871  01:31:13.690592 setrlimit(RLIMIT_NOFILE, {rlim_cur=1024*1024, rlim_max=1024*1024} <unfinished ...>
2872  01:31:13.690889 <... nanosleep resumed>NULL) = 0 <0.000317>
2871  01:31:13.691202 <... setrlimit resumed>) = 0 <0.000330>
2872  01:31:13.691751 nanosleep({tv_sec=0, tv_nsec=20000},  <unfinished ...>
2871  01:31:13.692116 fcntl(0</dev/pts/5<char 136:5>>, F_GETFL <unfinished ...>
2872  01:31:13.692599 <... nanosleep resumed>NULL) = 0 <0.000537>
2871  01:31:13.692993 <... fcntl resumed>) = 0x2 (flags O_RDWR) <0.000449>
2872  01:31:13.693365 futex(0xc000100148, FUTEX_WAKE_PRIVATE, 1 <unfinished ...>
2871  01:31:13.693624 futex(0xc00007a948, FUTEX_WAKE_PRIVATE, 1 <unfinished ...>
2875  01:31:13.693960 <... futex resumed>) = 0 <0.004319>
2872  01:31:13.694321 <... futex resumed>) = 1 <0.000721>
2875  01:31:13.694561 nanosleep({tv_sec=0, tv_nsec=3000},  <unfinished ...>
2874  01:31:13.694774 <... futex resumed>) = 0 <0.005584>
2871  01:31:13.694964 <... futex resumed>) = 1 <0.001058>
2875  01:31:13.695155 <... nanosleep resumed>NULL) = 0 <0.000400>
2874  01:31:13.695340 nanosleep({tv_sec=0, tv_nsec=3000},  <unfinished ...>
2872  01:31:13.695532 getpid( <unfinished ...>
2875  01:31:13.695729 futex(0xc000100148, FUTEX_WAIT_PRIVATE, 0, NULL <unfinished ...>
2874  01:31:13.695931 <... nanosleep resumed>NULL) = 0 <0.000418>
2871  01:31:13.696121 mmap(NULL, 262144, PROT_READ|PROT_WRITE, MAP_PRIVATE|MAP_ANONYMOUS, -1, 0 <unfinished ...>
2874  01:31:13.696309 futex(0xc00007a948, FUTEX_WAIT_PRIVATE, 0, NULL <unfinished ...>
2872  01:31:13.696495 <... getpid resumed>) = 2871 <0.000789>
2871  01:31:13.696682 <... mmap resumed>) = 0x7fa080c89000 <0.000396>
2872  01:31:13.696871 tgkill(2871, 2871, SIGURG <unfinished ...>
2871  01:31:13.697104 futex(0xc00007a948, FUTEX_WAKE_PRIVATE, 1 <unfinished ...>
2872  01:31:13.697303 <... tgkill resumed>) = 0 <0.000217>
2874  01:31:13.697488 <... futex resumed>) = 0 <0.001012>
2871  01:31:13.697685 <... futex resumed>) = 1 <0.000402>
2874  01:31:13.697873 futex(0x3b3bb68, FUTEX_WAKE_PRIVATE, 1 <unfinished ...>
2872  01:31:13.698062 nanosleep({tv_sec=0, tv_nsec=20000},  <unfinished ...>
2874  01:31:13.698346 <... futex resumed>) = 0 <0.000301>
2871  01:31:13.698677 --- SIGURG {si_signo=SIGURG, si_code=SI_TKILL, si_pid=2871, si_uid=0} ---
2874  01:31:13.699003 futex(0xc00007a948, FUTEX_WAIT_PRIVATE, 0, NULL <unfinished ...>
2872  01:31:13.699319 <... nanosleep resumed>NULL) = 0 <0.001026>
2871  01:31:13.699599 rt_sigreturn({mask=[]} <unfinished ...>
2872  01:31:13.699850 nanosleep({tv_sec=0, tv_nsec=20000},  <unfinished ...>
2871  01:31:13.700102 <... rt_sigreturn resumed>) = 1 <0.000269>
2872  01:31:13.700363 <... nanosleep resumed>NULL) = 0 <0.000261>
2871  01:31:13.700633 fcntl(1</dev/pts/5<char 136:5>>, F_GETFL <unfinished ...>
2872  01:31:13.700892 nanosleep({tv_sec=0, tv_nsec=20000},  <unfinished ...>
2871  01:31:13.701128 <... fcntl resumed>) = 0x2 (flags O_RDWR) <0.000257>
2872  01:31:13.701330 <... nanosleep resumed>NULL) = 0 <0.000225>
2871  01:31:13.701576 fcntl(2</dev/pts/5<char 136:5>>, F_GETFL <unfinished ...>
2872  01:31:13.701888 nanosleep({tv_sec=0, tv_nsec=20000},  <unfinished ...>
2871  01:31:13.702166 <... fcntl resumed>) = 0x2 (flags O_RDWR) <0.000328>
2872  01:31:13.702430 <... nanosleep resumed>NULL) = 0 <0.000310>
2872  01:31:13.702822 nanosleep({tv_sec=0, tv_nsec=20000}, NULL) = 0 <0.000218>
2872  01:31:13.703657 nanosleep({tv_sec=0, tv_nsec=20000}, NULL) = 0 <0.000284>
2871  01:31:13.704604 readlinkat(AT_FDCWD</mnt/e/Concordia ISS Class Resources/INSE 6130/Project/Attacks/PrevilegeEscalation-Rakshit/Attack>, "/proc/self/exe",  <unfinished ...>
2872  01:31:13.704966 nanosleep({tv_sec=0, tv_nsec=20000},  <unfinished ...>
2871  01:31:13.705292 <... readlinkat resumed>"/mnt/wsl/docker-desktop/cli-tools/usr/bin/docker", 128) = 48 <0.000372>
2872  01:31:13.705570 <... nanosleep resumed>NULL) = 0 <0.000335>
2871  01:31:13.705847 openat(AT_FDCWD</mnt/e/Concordia ISS Class Resources/INSE 6130/Project/Attacks/PrevilegeEscalation-Rakshit/Attack>, "/mnt/wsl/docker-desktop/cli-tools/usr/bin/docker", O_RDONLY|O_CLOEXEC <unfinished ...>
2872  01:31:13.706144 nanosleep({tv_sec=0, tv_nsec=20000},  <unfinished ...>
2871  01:31:13.706353 <... openat resumed>) = 3</mnt/wsl/docker-desktop/cli-tools/usr/bin/docker> <0.000231>
2872  01:31:13.706560 <... nanosleep resumed>NULL) = 0 <0.000229>
2871  01:31:13.706766 epoll_create1(EPOLL_CLOEXEC <unfinished ...>
2872  01:31:13.706971 nanosleep({tv_sec=0, tv_nsec=20000},  <unfinished ...>
2871  01:31:13.707266 <... epoll_create1 resumed>) = 4<anon_inode:[eventpoll]> <0.000312>
2872  01:31:13.707561 <... nanosleep resumed>NULL) = 0 <0.000354>
2871  01:31:13.707883 pipe2( <unfinished ...>
2872  01:31:13.708180 nanosleep({tv_sec=0, tv_nsec=20000},  <unfinished ...>
2871  01:31:13.708412 <... pipe2 resumed>[5<pipe:[55709]>, 6<pipe:[55709]>], O_NONBLOCK|O_CLOEXEC) = 0 <0.000287>
2872  01:31:13.708620 <... nanosleep resumed>NULL) = 0 <0.000231>
2871  01:31:13.708833 epoll_ctl(4<anon_inode:[eventpoll]>, EPOLL_CTL_ADD, 5<pipe:[55709]>, {events=EPOLLIN, data={u32=62307896, u64=62307896}} <unfinished ...>
2872  01:31:13.709092 nanosleep({tv_sec=0, tv_nsec=20000},  <unfinished ...>
2871  01:31:13.709313 <... epoll_ctl resumed>) = 0 <0.000247>
2872  01:31:13.709513 <... nanosleep resumed>NULL) = 0 <0.000221>
2871  01:31:13.709788 epoll_ctl(4<anon_inode:[eventpoll]>, EPOLL_CTL_ADD, 3</mnt/wsl/docker-desktop/cli-tools/usr/bin/docker>, {events=EPOLLIN|EPOLLOUT|EPOLLRDHUP|EPOLLET, data={u32=2160779832, u64=140327332274744}} <unfinished ...>
2872  01:31:13.710056 epoll_pwait(4<anon_inode:[eventpoll]>,  <unfinished ...>
2871  01:31:13.710301 <... epoll_ctl resumed>) = -1 EPERM (Operation not permitted) <0.000267>
2872  01:31:13.710552 <... epoll_pwait resumed>[], 128, 0, NULL, 140723154129040) = 0 <0.000266>
2871  01:31:13.710893 fstat(3</mnt/wsl/docker-desktop/cli-tools/usr/bin/docker>,  <unfinished ...>
2872  01:31:13.711260 nanosleep({tv_sec=0, tv_nsec=20000},  <unfinished ...>
2871  01:31:13.711545 <... fstat resumed>{st_dev=makedev(0x7, 0), st_ino=1930, st_mode=S_IFREG|0755, st_nlink=1, st_uid=0, st_gid=0, st_blksize=2048, st_blocks=113032, st_size=57872384, st_atime=1697795773 /* 2023-10-20T05:56:13-0400 */, st_atime_nsec=0, st_mtime=1697795773 /* 2023-10-20T05:56:13-0400 */, st_mtime_nsec=0, st_ctime=1697795791 /* 2023-10-20T05:56:31-0400 */, st_ctime_nsec=0}) = 0 <0.000338>
2872  01:31:13.711767 <... nanosleep resumed>NULL) = 0 <0.000242>
2871  01:31:13.712056 pread64(3</mnt/wsl/docker-desktop/cli-tools/usr/bin/docker>,  <unfinished ...>
2872  01:31:13.712333 nanosleep({tv_sec=0, tv_nsec=20000},  <unfinished ...>
2871  01:31:13.712544 <... pread64 resumed>"\177ELF\2\1\1\0\0\0\0\0\0\0\0\0\2\0>\0\1\0\0\0\200\225F\0\0\0\0\0@\0\0\0\0\0\0\0\310\1\0\0\0\0\0\0\0\0\0\0@\08\0\7\0@\0\16\0\3\0", 64, 0) = 64 <0.000235>
2872  01:31:13.712735 <... nanosleep resumed>NULL) = 0 <0.000211>
2871  01:31:13.712933 pread64(3</mnt/wsl/docker-desktop/cli-tools/usr/bin/docker>,  <unfinished ...>
2872  01:31:13.713257 nanosleep({tv_sec=0, tv_nsec=20000},  <unfinished ...>
2871  01:31:13.713483 <... pread64 resumed>"\0L\211\310\350\267O\222\377H\215\r\260\313-\1H\211\214$\240\0\0\0H\211\204$\250\0\0\0H\215\5\374\246\260\1\2733\0\0\0H\215\214$\240\0\0\0\277\1\0\0\0H\211\376\17\37@\0", 64, 7234048) = 64 <0.000277>
2872  01:31:13.713727 <... nanosleep resumed>NULL) = 0 <0.000265>
2871  01:31:13.713936 pread64(3</mnt/wsl/docker-desktop/cli-tools/usr/bin/docker>,  <unfinished ...>
2872  01:31:13.714207 nanosleep({tv_sec=0, tv_nsec=20000},  <unfinished ...>
2871  01:31:13.714498 <... pread64 resumed>"\323\350\272\3121\377H\213D$8H\213\\$HH\213l$hH\203\304p\303H\213T$PL\213\2I\213p\20H\205\366thH\213|$x\204\7\203=7\377\231\2\0u:H\213\16H\211", 64, 14468096) = 64 <0.000346>
2872  01:31:13.714737 <... nanosleep resumed>NULL) = 0 <0.000263>
2871  01:31:13.715049 pread64(3</mnt/wsl/docker-desktop/cli-tools/usr/bin/docker>,  <unfinished ...>
2872  01:31:13.715395 nanosleep({tv_sec=0, tv_nsec=20000},  <unfinished ...>
2871  01:31:13.715613 <... pread64 resumed>"\\$\20H\211L$\30\350\2638\273\376H\213D$\10H\213\\$\20H\213L$\30\17\37@\0\351;\377\377\377\314\314\314\314\314\314\314\314\314\314\314\314\314\314\314\314\314\314\314\314\314\314\314\314\314\314\314", 64, 21702144) = 64 <0.000246>
2872  01:31:13.715832 <... nanosleep resumed>NULL) = 0 <0.000242>
2871  01:31:13.716107 pread64(3</mnt/wsl/docker-desktop/cli-tools/usr/bin/docker>,  <unfinished ...>
2872  01:31:13.716431 nanosleep({tv_sec=0, tv_nsec=20000},  <unfinished ...>
2871  01:31:13.716728 <... pread64 resumed>"@\266\32\2\0\0\0\0\370\252e\2\0\0\0\0\20\10\320\0\f\0\0\0\0\0\0\0\0\0\0\0\10\0\0\0\0\0\0\0\10\0\0\0\0\0\0\0\20\26\377\346\2\10\0105\0\0\0\0\0\0\0\0", 64, 28936192) = 64 <0.000349>
2872  01:31:13.716997 <... nanosleep resumed>NULL) = 0 <0.000321>
2871  01:31:13.717410 pread64(3</mnt/wsl/docker-desktop/cli-tools/usr/bin/docker>,  <unfinished ...>
2872  01:31:13.717786 nanosleep({tv_sec=0, tv_nsec=20000},  <unfinished ...>
2871  01:31:13.718174 <... pread64 resumed>"5\0\0\0G\7\0\0w\26\6\0003\0\0\0\377\377\0\0005\0\0\0a\7\0\0\303\27\6\0\34\0\0\0\377\377\0\0005\0\0\0z\7\0\0\303\27\6\0v\0\0\0\377\377\0\0005\0\0\0", 64, 36170240) = 64 <0.000404>
2872  01:31:13.718551 <... nanosleep resumed>NULL) = 0 <0.000436>
2871  01:31:13.718856 pread64(3</mnt/wsl/docker-desktop/cli-tools/usr/bin/docker>,  <unfinished ...>
2872  01:31:13.719158 nanosleep({tv_sec=0, tv_nsec=20000},  <unfinished ...>
2871  01:31:13.719419 <... pread64 resumed>"nfigurationInput).SetPrivateDnsName\0github.com/aws/aws-sdk-go/se", 64, 43404288) = 64 <0.000300>
2872  01:31:13.719691 <... nanosleep resumed>NULL) = 0 <0.000299>
2871  01:31:13.719974 pread64(3</mnt/wsl/docker-desktop/cli-tools/usr/bin/docker>,  <unfinished ...>
2872  01:31:13.720260 epoll_pwait(4<anon_inode:[eventpoll]>,  <unfinished ...>
2871  01:31:13.720505 <... pread64 resumed>"\0\0\0\0\58\6\0\178\6\0\n8\6\0\350l\0\0\320\32\0\0\377\377\377\377\370\275\10\0\377\377\377\377\23\5\0\0k\0\0\0\0\0\0\0\2407\25\0\3\306\1\0\20\0\0\0\0\0\0\0", 64, 50638336) = 64 <0.000291>
2872  01:31:13.720730 <... epoll_pwait resumed>[], 128, 0, NULL, 140723154129040) = 0 <0.000248>
2871  01:31:13.720945 close(3</mnt/wsl/docker-desktop/cli-tools/usr/bin/docker> <unfinished ...>
2872  01:31:13.721167 futex(0xc00007a948, FUTEX_WAKE_PRIVATE, 1 <unfinished ...>
2871  01:31:13.721378 <... close resumed>) = 0 <0.000233>
2874  01:31:13.721596 <... futex resumed>) = 0 <0.022304>
2872  01:31:13.721846 <... futex resumed>) = 1 <0.000487>
2874  01:31:13.722086 futex(0xc00007a948, FUTEX_WAIT_PRIVATE, 0, NULL <unfinished ...>
2871  01:31:13.722293 mmap(0xc000400000, 4194304, PROT_READ|PROT_WRITE, MAP_PRIVATE|MAP_FIXED|MAP_ANONYMOUS, -1, 0 <unfinished ...>
2872  01:31:13.722484 nanosleep({tv_sec=0, tv_nsec=20000},  <unfinished ...>
2871  01:31:13.722682 <... mmap resumed>) = 0xc000400000 <0.000221>
2872  01:31:13.722866 <... nanosleep resumed>NULL) = 0 <0.000204>
2872  01:31:13.723220 nanosleep({tv_sec=0, tv_nsec=20000}, NULL) = 0 <0.000241>
2871  01:31:13.724302 futex(0xc00007a948, FUTEX_WAKE_PRIVATE, 1 <unfinished ...>
2872  01:31:13.724776 nanosleep({tv_sec=0, tv_nsec=20000},  <unfinished ...>
2874  01:31:13.725244 <... futex resumed>) = 0 <0.002969>
2871  01:31:13.725538 <... futex resumed>) = 1 <0.000819>
2874  01:31:13.725977 nanosleep({tv_sec=0, tv_nsec=3000},  <unfinished ...>
2872  01:31:13.726350 <... nanosleep resumed>NULL) = 0 <0.001162>
2874  01:31:13.726591 <... nanosleep resumed>NULL) = 0 <0.000259>
2871  01:31:13.726827 futex(0xc000100148, FUTEX_WAKE_PRIVATE, 1 <unfinished ...>
2874  01:31:13.727063 futex(0xc00007a548, FUTEX_WAKE_PRIVATE, 1 <unfinished ...>
2872  01:31:13.727293 nanosleep({tv_sec=0, tv_nsec=20000},  <unfinished ...>
2875  01:31:13.727536 <... futex resumed>) = 0 <0.031623>
2874  01:31:13.727808 <... futex resumed>) = 1 <0.000550>
2873  01:31:13.728081 <... futex resumed>) = 0 <0.042014>
2871  01:31:13.728286 <... futex resumed>) = 1 <0.001267>
2875  01:31:13.728481 futex(0xc000100148, FUTEX_WAIT_PRIVATE, 0, NULL <unfinished ...>
2874  01:31:13.728688 futex(0x3b3b4e0, FUTEX_WAKE_PRIVATE, 1 <unfinished ...>
2873  01:31:13.728924 futex(0xc00007a548, FUTEX_WAIT_PRIVATE, 0, NULL <unfinished ...>
2872  01:31:13.729164 <... nanosleep resumed>NULL) = 0 <0.001650>
2874  01:31:13.729378 <... futex resumed>) = 0 <0.000474>
2873  01:31:13.729581 <... futex resumed>) = -1 EAGAIN (Resource temporarily unavailable) <0.000437>
2871  01:31:13.729801 futex(0xc00007a548, FUTEX_WAKE_PRIVATE, 1 <unfinished ...>
2874  01:31:13.730009 nanosleep({tv_sec=0, tv_nsec=3000},  <unfinished ...>
2873  01:31:13.730231 nanosleep({tv_sec=0, tv_nsec=3000},  <unfinished ...>
2872  01:31:13.730510 nanosleep({tv_sec=0, tv_nsec=20000},  <unfinished ...>
2874  01:31:13.730808 <... nanosleep resumed>NULL) = 0 <0.000594>
2873  01:31:13.731068 <... nanosleep resumed>NULL) = 0 <0.000599>
2871  01:31:13.731339 <... futex resumed>) = 0 <0.001359>
2874  01:31:13.731556 futex(0x3b3b4e0, FUTEX_WAKE_PRIVATE, 1 <unfinished ...>
2873  01:31:13.731814 futex(0xc00007a548, FUTEX_WAIT_PRIVATE, 0, NULL <unfinished ...>
2872  01:31:13.732041 <... nanosleep resumed>NULL) = 0 <0.001275>
2874  01:31:13.732267 <... futex resumed>) = 0 <0.000475>
2873  01:31:13.732447 <... futex resumed>) = -1 EAGAIN (Resource temporarily unavailable) <0.000426>
2871  01:31:13.732633 futex(0xc00007a548, FUTEX_WAKE_PRIVATE, 1 <unfinished ...>
2874  01:31:13.732874 nanosleep({tv_sec=0, tv_nsec=3000},  <unfinished ...>
2873  01:31:13.733133 nanosleep({tv_sec=0, tv_nsec=3000},  <unfinished ...>
2872  01:31:13.733352 epoll_pwait(4<anon_inode:[eventpoll]>,  <unfinished ...>
2871  01:31:13.733556 <... futex resumed>) = 0 <0.000735>
2874  01:31:13.733849 <... nanosleep resumed>NULL) = 0 <0.000755>
2873  01:31:13.734177 <... nanosleep resumed>NULL) = 0 <0.000840>
2872  01:31:13.734415 <... epoll_pwait resumed>[], 128, 0, NULL, 140723154129040) = 0 <0.000879>
2874  01:31:13.734703 futex(0x3b3b4e0, FUTEX_WAKE_PRIVATE, 1 <unfinished ...>
2873  01:31:13.735028 futex(0xc00007a548, FUTEX_WAIT_PRIVATE, 0, NULL <unfinished ...>
2871  01:31:13.735393 futex(0xc000100148, FUTEX_WAKE_PRIVATE, 1 <unfinished ...>
2874  01:31:13.735617 <... futex resumed>) = 0 <0.000610>
2872  01:31:13.735850 nanosleep({tv_sec=0, tv_nsec=20000},  <unfinished ...>
2875  01:31:13.736090 <... futex resumed>) = 0 <0.007424>
2874  01:31:13.736319 futex(0xc00007a948, FUTEX_WAIT_PRIVATE, 0, NULL <unfinished ...>
2871  01:31:13.736513 <... futex resumed>) = 1 <0.000922>
2875  01:31:13.736703 futex(0xc000100148, FUTEX_WAIT_PRIVATE, 0, NULL <unfinished ...>
2872  01:31:13.736889 <... nanosleep resumed>NULL) = 0 <0.000821>
2875  01:31:13.737074 <... futex resumed>) = -1 EAGAIN (Resource temporarily unavailable) <0.000205>
2871  01:31:13.737259 futex(0xc000100148, FUTEX_WAKE_PRIVATE, 1 <unfinished ...>
2875  01:31:13.737446 nanosleep({tv_sec=0, tv_nsec=3000},  <unfinished ...>
2872  01:31:13.737633 nanosleep({tv_sec=0, tv_nsec=20000},  <unfinished ...>
2875  01:31:13.737949 <... nanosleep resumed>NULL) = 0 <0.000331>
2871  01:31:13.738215 <... futex resumed>) = 0 <0.000789>
2875  01:31:13.738423 futex(0xc00007a948, FUTEX_WAKE_PRIVATE, 1 <unfinished ...>
2872  01:31:13.738596 <... nanosleep resumed>NULL) = 0 <0.000698>
2875  01:31:13.738796 <... futex resumed>) = 1 <0.000220>
2874  01:31:13.738985 <... futex resumed>) = 0 <0.002492>
2871  01:31:13.739206 futex(0x3b3b4e0, FUTEX_WAIT_PRIVATE, 0, NULL <unfinished ...>
2875  01:31:13.739400 futex(0x3b3b4e0, FUTEX_WAKE_PRIVATE, 1 <unfinished ...>
2874  01:31:13.739591 futex(0xc00007a948, FUTEX_WAIT_PRIVATE, 0, NULL <unfinished ...>
2872  01:31:13.739781 nanosleep({tv_sec=0, tv_nsec=20000},  <unfinished ...>
2875  01:31:13.739989 <... futex resumed>) = 0 <0.000420>
2871  01:31:13.740206 <... futex resumed>) = -1 EAGAIN (Resource temporarily unavailable) <0.000828>
2875  01:31:13.740419 futex(0xc000100148, FUTEX_WAIT_PRIVATE, 0, NULL <unfinished ...>
2872  01:31:13.740698 <... nanosleep resumed>NULL) = 0 <0.000732>
2875  01:31:13.740955 <... futex resumed>) = -1 EAGAIN (Resource temporarily unavailable) <0.000276>
2871  01:31:13.741279 futex(0xc000100148, FUTEX_WAKE_PRIVATE, 1 <unfinished ...>
2875  01:31:13.741489 nanosleep({tv_sec=0, tv_nsec=3000},  <unfinished ...>
2872  01:31:13.741682 nanosleep({tv_sec=0, tv_nsec=20000},  <unfinished ...>
2875  01:31:13.741915 <... nanosleep resumed>NULL) = 0 <0.000249>
2871  01:31:13.742171 <... futex resumed>) = 0 <0.000701>
2875  01:31:13.742399 futex(0xc00007a948, FUTEX_WAKE_PRIVATE, 1 <unfinished ...>
2872  01:31:13.742598 <... nanosleep resumed>NULL) = 0 <0.000733>
2875  01:31:13.742792 <... futex resumed>) = 1 <0.000217>
2874  01:31:13.742972 <... futex resumed>) = 0 <0.003211>
2871  01:31:13.743169 futex(0x3b3b4e0, FUTEX_WAIT_PRIVATE, 0, NULL <unfinished ...>
2875  01:31:13.743369 futex(0x3b3b4e0, FUTEX_WAKE_PRIVATE, 1 <unfinished ...>
2874  01:31:13.743552 futex(0xc00007a948, FUTEX_WAIT_PRIVATE, 0, NULL <unfinished ...>
2872  01:31:13.743737 epoll_pwait(4<anon_inode:[eventpoll]>,  <unfinished ...>
2875  01:31:13.743955 <... futex resumed>) = 0 <0.000422>
2871  01:31:13.744224 <... futex resumed>) = -1 EAGAIN (Resource temporarily unavailable) <0.000874>
2875  01:31:13.744533 futex(0xc000100148, FUTEX_WAIT_PRIVATE, 0, NULL <unfinished ...>
2872  01:31:13.744819 <... epoll_pwait resumed>[], 128, 0, NULL, 140723154129040) = 0 <0.000883>
2875  01:31:13.745145 <... futex resumed>) = -1 EAGAIN (Resource temporarily unavailable) <0.000375>
2871  01:31:13.745372 futex(0xc000100148, FUTEX_WAKE_PRIVATE, 1 <unfinished ...>
2875  01:31:13.745621 nanosleep({tv_sec=0, tv_nsec=3000},  <unfinished ...>
2872  01:31:13.745903 nanosleep({tv_sec=0, tv_nsec=20000},  <unfinished ...>
2875  01:31:13.746158 <... nanosleep resumed>NULL) = 0 <0.000275>
2871  01:31:13.746442 <... futex resumed>) = 0 <0.000844>
2875  01:31:13.746704 futex(0xc00007a948, FUTEX_WAKE_PRIVATE, 1 <unfinished ...>
2872  01:31:13.746963 <... nanosleep resumed>NULL) = 0 <0.000828>
2875  01:31:13.747199 <... futex resumed>) = 1 <0.000255>
2874  01:31:13.747409 <... futex resumed>) = 0 <0.003690>
2871  01:31:13.747597 futex(0x3b3b4e0, FUTEX_WAIT_PRIVATE, 0, NULL <unfinished ...>
2875  01:31:13.747784 futex(0x3b3b4e0, FUTEX_WAKE_PRIVATE, 1 <unfinished ...>
2874  01:31:13.747964 futex(0xc00007a948, FUTEX_WAIT_PRIVATE, 0, NULL <unfinished ...>
2872  01:31:13.748154 nanosleep({tv_sec=0, tv_nsec=20000},  <unfinished ...>
2875  01:31:13.748357 <... futex resumed>) = 0 <0.000412>
2871  01:31:13.748541 <... futex resumed>) = -1 EAGAIN (Resource temporarily unavailable) <0.000780>
2875  01:31:13.748730 futex(0xc000100148, FUTEX_WAIT_PRIVATE, 0, NULL <unfinished ...>
2872  01:31:13.748914 <... nanosleep resumed>NULL) = 0 <0.000581>
2875  01:31:13.749098 <... futex resumed>) = -1 EAGAIN (Resource temporarily unavailable) <0.000203>
2871  01:31:13.749291 futex(0xc000100148, FUTEX_WAKE_PRIVATE, 1 <unfinished ...>
2875  01:31:13.749489 nanosleep({tv_sec=0, tv_nsec=3000},  <unfinished ...>
2872  01:31:13.749684 nanosleep({tv_sec=0, tv_nsec=20000},  <unfinished ...>
2875  01:31:13.749914 <... nanosleep resumed>NULL) = 0 <0.000246>
2871  01:31:13.750168 <... futex resumed>) = 0 <0.000700>
2875  01:31:13.750484 futex(0xc00007a948, FUTEX_WAKE_PRIVATE, 1 <unfinished ...>
2872  01:31:13.750832 <... nanosleep resumed>NULL) = 0 <0.000963>
2875  01:31:13.751271 <... futex resumed>) = 1 <0.000487>
2874  01:31:13.751605 <... futex resumed>) = 0 <0.003472>
2871  01:31:13.751943 futex(0x3b3b4e0, FUTEX_WAIT_PRIVATE, 0, NULL <unfinished ...>
2875  01:31:13.752223 futex(0x3b3b4e0, FUTEX_WAKE_PRIVATE, 1 <unfinished ...>
2874  01:31:13.752441 futex(0xc00007a948, FUTEX_WAIT_PRIVATE, 0, NULL <unfinished ...>
2872  01:31:13.752648 nanosleep({tv_sec=0, tv_nsec=20000},  <unfinished ...>
2875  01:31:13.752864 <... futex resumed>) = 0 <0.000445>
2871  01:31:13.753074 <... futex resumed>) = -1 EAGAIN (Resource temporarily unavailable) <0.000878>
2875  01:31:13.753327 futex(0xc000100148, FUTEX_WAIT_PRIVATE, 0, NULL <unfinished ...>
2872  01:31:13.753616 <... nanosleep resumed>NULL) = 0 <0.000771>
2875  01:31:13.753893 <... futex resumed>) = -1 EAGAIN (Resource temporarily unavailable) <0.000323>
2871  01:31:13.754190 futex(0xc000100148, FUTEX_WAKE_PRIVATE, 1 <unfinished ...>
2875  01:31:13.754472 nanosleep({tv_sec=0, tv_nsec=3000},  <unfinished ...>
2872  01:31:13.754739 epoll_pwait(4<anon_inode:[eventpoll]>,  <unfinished ...>
2875  01:31:13.755005 <... nanosleep resumed>NULL) = 0 <0.000287>
2871  01:31:13.755300 <... futex resumed>) = 0 <0.000848>
2875  01:31:13.755647 futex(0xc00007a948, FUTEX_WAKE_PRIVATE, 1 <unfinished ...>
2872  01:31:13.755854 <... epoll_pwait resumed>[], 128, 0, NULL, 140723154129040) = 0 <0.000870>
2875  01:31:13.756244 <... futex resumed>) = 1 <0.000406>
2874  01:31:13.756689 <... futex resumed>) = 0 <0.004058>
2871  01:31:13.757164 futex(0x3b3b4e0, FUTEX_WAIT_PRIVATE, 0, NULL <unfinished ...>
2875  01:31:13.757555 futex(0x3b3b4e0, FUTEX_WAKE_PRIVATE, 1 <unfinished ...>
2874  01:31:13.757807 futex(0xc00007a948, FUTEX_WAIT_PRIVATE, 0, NULL <unfinished ...>
2872  01:31:13.758053 nanosleep({tv_sec=0, tv_nsec=20000},  <unfinished ...>
2875  01:31:13.758307 <... futex resumed>) = 0 <0.000521>
2871  01:31:13.758569 <... futex resumed>) = -1 EAGAIN (Resource temporarily unavailable) <0.001040>
2875  01:31:13.758925 futex(0xc000100148, FUTEX_WAIT_PRIVATE, 0, NULL <unfinished ...>
2872  01:31:13.759247 <... nanosleep resumed>NULL) = 0 <0.000959>
2875  01:31:13.759658 <... futex resumed>) = -1 EAGAIN (Resource temporarily unavailable) <0.000456>
2871  01:31:13.760015 futex(0xc000100148, FUTEX_WAKE_PRIVATE, 1 <unfinished ...>
2875  01:31:13.760462 nanosleep({tv_sec=0, tv_nsec=3000},  <unfinished ...>
2872  01:31:13.760685 nanosleep({tv_sec=0, tv_nsec=20000},  <unfinished ...>
2875  01:31:13.760931 <... nanosleep resumed>NULL) = 0 <0.000263>
2871  01:31:13.761190 <... futex resumed>) = 0 <0.000828>
2875  01:31:13.761400 futex(0xc00007a948, FUTEX_WAKE_PRIVATE, 1 <unfinished ...>
2872  01:31:13.761597 <... nanosleep resumed>NULL) = 0 <0.000715>
2875  01:31:13.761792 <... futex resumed>) = 1 <0.000217>
2874  01:31:13.761975 <... futex resumed>) = 0 <0.003942>
2871  01:31:13.762159 futex(0x3b3b4e0, FUTEX_WAIT_PRIVATE, 0, NULL <unfinished ...>
2875  01:31:13.762351 futex(0x3b3b4e0, FUTEX_WAKE_PRIVATE, 1 <unfinished ...>
2874  01:31:13.762535 futex(0xc00007a948, FUTEX_WAIT_PRIVATE, 0, NULL <unfinished ...>
2872  01:31:13.762719 nanosleep({tv_sec=0, tv_nsec=20000},  <unfinished ...>
2875  01:31:13.762923 <... futex resumed>) = 0 <0.000407>
2871  01:31:13.763105 <... futex resumed>) = -1 EAGAIN (Resource temporarily unavailable) <0.000776>
2875  01:31:13.763378 futex(0xc000100148, FUTEX_WAIT_PRIVATE, 0, NULL <unfinished ...>
2872  01:31:13.763676 <... nanosleep resumed>NULL) = 0 <0.000773>
2875  01:31:13.763968 <... futex resumed>) = -1 EAGAIN (Resource temporarily unavailable) <0.000342>
2871  01:31:13.764299 futex(0xc000100148, FUTEX_WAKE_PRIVATE, 1 <unfinished ...>
2875  01:31:13.764558 nanosleep({tv_sec=0, tv_nsec=3000},  <unfinished ...>
2872  01:31:13.764801 epoll_pwait(4<anon_inode:[eventpoll]>,  <unfinished ...>
2875  01:31:13.765103 <... nanosleep resumed>NULL) = 0 <0.000316>
2871  01:31:13.765406 <... futex resumed>) = 0 <0.000873>
2875  01:31:13.765601 futex(0xc00007a948, FUTEX_WAKE_PRIVATE, 1 <unfinished ...>
2872  01:31:13.765787 <... epoll_pwait resumed>[], 128, 0, NULL, 140723154129040) = 0 <0.000738>
2875  01:31:13.765978 <... futex resumed>) = 1 <0.000211>
2874  01:31:13.766244 <... futex resumed>) = 0 <0.003542>
2871  01:31:13.766488 futex(0x3b3b4e0, FUTEX_WAIT_PRIVATE, 0, NULL <unfinished ...>
2875  01:31:13.766696 futex(0x3b3b4e0, FUTEX_WAKE_PRIVATE, 1 <unfinished ...>
2874  01:31:13.766892 futex(0xc00007a948, FUTEX_WAIT_PRIVATE, 0, NULL <unfinished ...>
2872  01:31:13.767249 nanosleep({tv_sec=0, tv_nsec=20000},  <unfinished ...>
2875  01:31:13.767581 <... futex resumed>) = 0 <0.000704>
2871  01:31:13.767944 <... futex resumed>) = -1 EAGAIN (Resource temporarily unavailable) <0.001267>
2875  01:31:13.768221 futex(0xc000100148, FUTEX_WAIT_PRIVATE, 0, NULL <unfinished ...>
2872  01:31:13.768469 <... nanosleep resumed>NULL) = 0 <0.000923>
2875  01:31:13.768784 <... futex resumed>) = -1 EAGAIN (Resource temporarily unavailable) <0.000335>
2871  01:31:13.769098 futex(0xc000100148, FUTEX_WAKE_PRIVATE, 1 <unfinished ...>
2875  01:31:13.769401 nanosleep({tv_sec=0, tv_nsec=3000},  <unfinished ...>
2872  01:31:13.769624 nanosleep({tv_sec=0, tv_nsec=20000},  <unfinished ...>
2875  01:31:13.769824 <... nanosleep resumed>NULL) = 0 <0.000221>
2871  01:31:13.770038 <... futex resumed>) = 0 <0.000662>
2875  01:31:13.770245 futex(0xc00007a948, FUTEX_WAKE_PRIVATE, 1 <unfinished ...>
2872  01:31:13.770497 <... nanosleep resumed>NULL) = 0 <0.000698>
2875  01:31:13.770973 <... futex resumed>) = 1 <0.000493>
2874  01:31:13.771353 <... futex resumed>) = 0 <0.004147>
2871  01:31:13.771722 futex(0x3b3b4e0, FUTEX_WAIT_PRIVATE, 0, NULL <unfinished ...>
2875  01:31:13.772038 futex(0x3b3b4e0, FUTEX_WAKE_PRIVATE, 1 <unfinished ...>
2874  01:31:13.772471 futex(0xc00007a948, FUTEX_WAIT_PRIVATE, 0, NULL <unfinished ...>
2872  01:31:13.772783 nanosleep({tv_sec=0, tv_nsec=20000},  <unfinished ...>
2875  01:31:13.773125 <... futex resumed>) = 0 <0.000695>
2871  01:31:13.773509 <... futex resumed>) = -1 EAGAIN (Resource temporarily unavailable) <0.001506>
2875  01:31:13.773936 futex(0xc000100148, FUTEX_WAIT_PRIVATE, 0, NULL <unfinished ...>
2872  01:31:13.774305 <... nanosleep resumed>NULL) = 0 <0.001211>
2875  01:31:13.774607 <... futex resumed>) = -1 EAGAIN (Resource temporarily unavailable) <0.000355>
2871  01:31:13.774975 futex(0xc000100148, FUTEX_WAKE_PRIVATE, 1 <unfinished ...>
2875  01:31:13.775277 nanosleep({tv_sec=0, tv_nsec=3000},  <unfinished ...>
2872  01:31:13.775553 epoll_pwait(4<anon_inode:[eventpoll]>,  <unfinished ...>
2875  01:31:13.775843 <... nanosleep resumed>NULL) = 0 <0.000310>
2871  01:31:13.776091 <... futex resumed>) = 0 <0.000841>
2875  01:31:13.776309 futex(0xc00007a948, FUTEX_WAKE_PRIVATE, 1 <unfinished ...>
2872  01:31:13.776544 <... epoll_pwait resumed>[], 128, 0, NULL, 140723154129040) = 0 <0.000736>
2875  01:31:13.776761 <... futex resumed>) = 1 <0.000240>
2874  01:31:13.776946 <... futex resumed>) = 0 <0.004188>
2871  01:31:13.777163 futex(0x3b3b4e0, FUTEX_WAIT_PRIVATE, 0, NULL <unfinished ...>
2875  01:31:13.777388 futex(0x3b3b4e0, FUTEX_WAKE_PRIVATE, 1 <unfinished ...>
2874  01:31:13.777660 futex(0xc00007a948, FUTEX_WAIT_PRIVATE, 0, NULL <unfinished ...>
2872  01:31:13.777917 nanosleep({tv_sec=0, tv_nsec=20000},  <unfinished ...>
2875  01:31:13.778154 <... futex resumed>) = 0 <0.000515>
2871  01:31:13.778403 <... futex resumed>) = -1 EAGAIN (Resource temporarily unavailable) <0.001045>
2875  01:31:13.778593 futex(0xc000100148, FUTEX_WAIT_PRIVATE, 0, NULL <unfinished ...>
2872  01:31:13.778840 <... nanosleep resumed>NULL) = 0 <0.000707>
2871  01:31:13.779070 epoll_pwait(4<anon_inode:[eventpoll]>,  <unfinished ...>
2872  01:31:13.779311 futex(0x3b3d978, FUTEX_WAIT_PRIVATE, 0, {tv_sec=60, tv_nsec=0} <unfinished ...>
2871  01:31:13.779499 <... epoll_pwait resumed>[], 128, 0, NULL, 0) = 0 <0.000210>
2871  01:31:13.779737 futex(0x3b3d978, FUTEX_WAKE_PRIVATE, 1 <unfinished ...>
2872  01:31:13.780020 <... futex resumed>) = 0 <0.000539>
2871  01:31:13.780228 <... futex resumed>) = 1 <0.000330>
2872  01:31:13.780455 sched_yield( <unfinished ...>
2871  01:31:13.780646 futex(0xc000100148, FUTEX_WAKE_PRIVATE, 1 <unfinished ...>
2872  01:31:13.780827 <... sched_yield resumed>) = 0 <0.000201>
2875  01:31:13.781156 <... futex resumed>) = 0 <0.002338>
2871  01:31:13.781398 <... futex resumed>) = 1 <0.000593>
2875  01:31:13.781583 futex(0xc00007a948, FUTEX_WAKE_PRIVATE, 1 <unfinished ...>
2872  01:31:13.781765 futex(0x3b3d898, FUTEX_WAKE_PRIVATE, 1 <unfinished ...>
2875  01:31:13.781957 <... futex resumed>) = 1 <0.000212>
2874  01:31:13.782140 <... futex resumed>) = 0 <0.004242>
2871  01:31:13.782398 mmap(NULL, 65536, PROT_READ|PROT_WRITE, MAP_PRIVATE|MAP_ANONYMOUS, -1, 0 <unfinished ...>
2875  01:31:13.782805 getpid( <unfinished ...>
2874  01:31:13.783159 futex(0xc00007a548, FUTEX_WAKE_PRIVATE, 1 <unfinished ...>
2872  01:31:13.783543 <... futex resumed>) = 0 <0.001604>
2875  01:31:13.783961 <... getpid resumed>) = 2871 <0.000843>
2874  01:31:13.784434 <... futex resumed>) = 1 <0.000936>
2873  01:31:13.784756 <... futex resumed>) = 0 <0.049391>
2871  01:31:13.785034 <... mmap resumed>) = 0x7fa080c79000 <0.002291>
2875  01:31:13.785284 tgkill(2871, 2871, SIGURG <unfinished ...>
2874  01:31:13.785582 futex(0xc00007a948, FUTEX_WAIT_PRIVATE, 0, NULL <unfinished ...>
2873  01:31:13.785984 futex(0xc00007a548, FUTEX_WAIT_PRIVATE, 0, NULL <unfinished ...>
2872  01:31:13.786352 nanosleep({tv_sec=0, tv_nsec=20000},  <unfinished ...>
2875  01:31:13.786654 <... tgkill resumed>) = 0 <0.001126>
2873  01:31:13.786966 <... futex resumed>) = -1 EAGAIN (Resource temporarily unavailable) <0.000662>
2871  01:31:13.787421 futex(0xc00007a548, FUTEX_WAKE_PRIVATE, 1 <unfinished ...>
2875  01:31:13.787744 futex(0xc00007a948, FUTEX_WAKE_PRIVATE, 1 <unfinished ...>
2873  01:31:13.788136 getpid( <unfinished ...>
2872  01:31:13.788483 <... nanosleep resumed>NULL) = 0 <0.001883>
2875  01:31:13.788760 <... futex resumed>) = 1 <0.000671>
2874  01:31:13.788991 <... futex resumed>) = 0 <0.003060>
2873  01:31:13.789205 <... getpid resumed>) = 2871 <0.000743>
2871  01:31:13.789414 <... futex resumed>) = 0 <0.001721>
2875  01:31:13.789623 futex(0x3b3bb68, FUTEX_WAKE_PRIVATE, 1 <unfinished ...>
2874  01:31:13.789830 mmap(NULL, 262144, PROT_READ|PROT_WRITE, MAP_PRIVATE|MAP_ANONYMOUS, -1, 0 <unfinished ...>
2873  01:31:13.790038 tgkill(2871, 2875, SIGURG <unfinished ...>
2872  01:31:13.790249 epoll_pwait(4<anon_inode:[eventpoll]>,  <unfinished ...>
2875  01:31:13.790538 <... futex resumed>) = 0 <0.000728>
2874  01:31:13.790787 <... mmap resumed>) = 0x7fa080c39000 <0.000771>
2873  01:31:13.791016 <... tgkill resumed>) = 0 <0.000788>
2871  01:31:13.791262 --- SIGURG {si_signo=SIGURG, si_code=SI_TKILL, si_pid=2871, si_uid=0} ---
2875  01:31:13.791601 --- SIGURG {si_signo=SIGURG, si_code=SI_TKILL, si_pid=2871, si_uid=0} ---
2874  01:31:13.791916 rt_sigprocmask(SIG_SETMASK, ~[],  <unfinished ...>
2873  01:31:13.792285 futex(0x3b3d990, FUTEX_WAIT_PRIVATE, 0, {tv_sec=0, tv_nsec=100000} <unfinished ...>
2872  01:31:13.792603 <... epoll_pwait resumed>[], 128, 0, NULL, 140723154129040) = 0 <0.002116>
2875  01:31:13.792854 rt_sigreturn({mask=[]} <unfinished ...>
2874  01:31:13.793090 <... rt_sigprocmask resumed>[], 8) = 0 <0.000851>
2873  01:31:13.793321 <... futex resumed>) = -1 ETIMEDOUT (Connection timed out) <0.000739>
2871  01:31:13.793533 rt_sigreturn({mask=[]} <unfinished ...>
2875  01:31:13.793733 <... rt_sigreturn resumed>) = 0 <0.000663>
2874  01:31:13.793938 clone(child_stack=0xc000532000, flags=CLONE_VM|CLONE_FS|CLONE_FILES|CLONE_SIGHAND|CLONE_THREAD|CLONE_SYSVSEM|CLONE_SETTLS <unfinished ...>
2873  01:31:13.794131 futex(0x3b3d990, FUTEX_WAIT_PRIVATE, 0, {tv_sec=0, tv_nsec=100000} <unfinished ...>
2872  01:31:13.794357 nanosleep({tv_sec=0, tv_nsec=20000},  <unfinished ...>
2875  01:31:13.794583 futex(0xc000100148, FUTEX_WAIT_PRIVATE, 0, NULL <unfinished ...>
2873  01:31:13.794794 <... futex resumed>) = -1 ETIMEDOUT (Connection timed out) <0.000458>
2871  01:31:13.794985 <... rt_sigreturn resumed>) = 0 <0.001275>
2876  01:31:13.795180 gettid( <unfinished ...>
2874  01:31:13.795376 <... clone resumed>, tls=0xc000520090) = 2876 <0.001264>
2873  01:31:13.795650 futex(0x3b3d990, FUTEX_WAIT_PRIVATE, 0, {tv_sec=0, tv_nsec=100000} <unfinished ...>
2872  01:31:13.795882 <... nanosleep resumed>NULL) = 0 <0.001342>
2876  01:31:13.796095 <... gettid resumed>) = 2876 <0.000739>
2874  01:31:13.796287 rt_sigprocmask(SIG_SETMASK, [],  <unfinished ...>
2873  01:31:13.796487 <... futex resumed>) = -1 ETIMEDOUT (Connection timed out) <0.000625>
2871  01:31:13.796676 futex(0x3b3bb68, FUTEX_WAIT_PRIVATE, 0, NULL <unfinished ...>
2876  01:31:13.796865 sigaltstack(NULL,  <unfinished ...>
2874  01:31:13.797048 <... rt_sigprocmask resumed>NULL, 8) = 0 <0.000581>
2873  01:31:13.797231 futex(0x3b3d990, FUTEX_WAIT_PRIVATE, 0, {tv_sec=0, tv_nsec=100000} <unfinished ...>
2872  01:31:13.797425 nanosleep({tv_sec=0, tv_nsec=20000},  <unfinished ...>
2876  01:31:13.797623 <... sigaltstack resumed>{ss_sp=NULL, ss_flags=SS_DISABLE, ss_size=0}) = 0 <0.000595>
2874  01:31:13.797813 futex(0xc00007a948, FUTEX_WAIT_PRIVATE, 0, NULL <unfinished ...>
2873  01:31:13.798041 <... futex resumed>) = -1 ETIMEDOUT (Connection timed out) <0.000634>
2876  01:31:13.798280 sigaltstack({ss_sp=0xc000524000, ss_flags=0, ss_size=32768},  <unfinished ...>
2872  01:31:13.798497 <... nanosleep resumed>NULL) = 0 <0.000897>
2876  01:31:13.798709 <... sigaltstack resumed>NULL) = 0 <0.000231>
2873  01:31:13.798946 futex(0x3b3d990, FUTEX_WAIT_PRIVATE, 0, {tv_sec=0, tv_nsec=100000} <unfinished ...>
2876  01:31:13.799176 rt_sigprocmask(SIG_SETMASK, [],  <unfinished ...>
2872  01:31:13.799445 nanosleep({tv_sec=0, tv_nsec=20000},  <unfinished ...>
2876  01:31:13.799635 <... rt_sigprocmask resumed>NULL, 8) = 0 <0.000212>
2873  01:31:13.799823 <... futex resumed>) = -1 ETIMEDOUT (Connection timed out) <0.000666>
2876  01:31:13.800034 gettid( <unfinished ...>
2872  01:31:13.800218 <... nanosleep resumed>NULL) = 0 <0.000606>
2876  01:31:13.800508 <... gettid resumed>) = 2876 <0.000307>
2873  01:31:13.800795 futex(0x3b3d990, FUTEX_WAIT_PRIVATE, 0, {tv_sec=0, tv_nsec=100000} <unfinished ...>
2876  01:31:13.801113 futex(0x3b3d990, FUTEX_WAKE_PRIVATE, 1 <unfinished ...>
2872  01:31:13.801434 epoll_pwait(4<anon_inode:[eventpoll]>,  <unfinished ...>
2876  01:31:13.801714 <... futex resumed>) = 0 <0.000329>
2873  01:31:13.802068 <... futex resumed>) = -1 EAGAIN (Resource temporarily unavailable) <0.001008>
2876  01:31:13.802329 futex(0xc000520148, FUTEX_WAIT_PRIVATE, 0, NULL <unfinished ...>
2872  01:31:13.802533 <... epoll_pwait resumed>[], 128, 0, NULL, 140723154129040) = 0 <0.000847>
2873  01:31:13.802902 epoll_pwait(4<anon_inode:[eventpoll]>,  <unfinished ...>
2872  01:31:13.803372 nanosleep({tv_sec=0, tv_nsec=20000},  <unfinished ...>
2873  01:31:13.803628 <... epoll_pwait resumed>[], 128, 0, NULL, 0) = 0 <0.000310>
2872  01:31:13.803895 <... nanosleep resumed>NULL) = 0 <0.000288>
2873  01:31:13.804122 mmap(NULL, 262144, PROT_READ|PROT_WRITE, MAP_PRIVATE|MAP_ANONYMOUS, -1, 0 <unfinished ...>
2872  01:31:13.804368 sched_yield( <unfinished ...>
2873  01:31:13.804561 <... mmap resumed>) = 0x7fa080bf9000 <0.000215>
2872  01:31:13.804747 <... sched_yield resumed>) = 0 <0.000208>
2873  01:31:13.804980 futex(0xc000520148, FUTEX_WAKE_PRIVATE, 1 <unfinished ...>
2872  01:31:13.805218 futex(0x3b3d898, FUTEX_WAKE_PRIVATE, 1 <unfinished ...>
2876  01:31:13.805506 <... futex resumed>) = 0 <0.002993>
2873  01:31:13.805747 <... futex resumed>) = 1 <0.000549>
2876  01:31:13.806052 mmap(NULL, 262144, PROT_READ|PROT_WRITE, MAP_PRIVATE|MAP_ANONYMOUS, -1, 0 <unfinished ...>
2872  01:31:13.806306 <... futex resumed>) = 0 <0.000826>
2876  01:31:13.806526 <... mmap resumed>) = 0x7fa080bb9000 <0.000236>
2873  01:31:13.806735 futex(0x3b3d990, FUTEX_WAIT_PRIVATE, 0, {tv_sec=0, tv_nsec=100000} <unfinished ...>
2876  01:31:13.806939 futex(0x3b3d990, FUTEX_WAKE_PRIVATE, 1 <unfinished ...>
2872  01:31:13.807127 getpid( <unfinished ...>
2876  01:31:13.807318 <... futex resumed>) = 0 <0.000211>
2873  01:31:13.807508 <... futex resumed>) = -1 EAGAIN (Resource temporarily unavailable) <0.000591>
2876  01:31:13.807699 futex(0xc00007a948, FUTEX_WAKE_PRIVATE, 1 <unfinished ...>
2872  01:31:13.807928 <... getpid resumed>) = 2871 <0.000632>
2876  01:31:13.808131 <... futex resumed>) = 1 <0.000222>
2874  01:31:13.808317 <... futex resumed>) = 0 <0.010297>
2873  01:31:13.808521 futex(0xc00007a548, FUTEX_WAIT_PRIVATE, 0, NULL <unfinished ...>
2876  01:31:13.808713 futex(0x3b3bb68, FUTEX_WAKE_PRIVATE, 1 <unfinished ...>
2874  01:31:13.808912 futex(0xc00007a948, FUTEX_WAIT_PRIVATE, 0, NULL <unfinished ...>
2872  01:31:13.809102 tgkill(2871, 2873, SIGURG <unfinished ...>
2876  01:31:13.809292 <... futex resumed>) = 1 <0.000404>
2871  01:31:13.809477 <... futex resumed>) = 0 <0.012637>
2876  01:31:13.809662 futex(0xc000520148, FUTEX_WAIT_PRIVATE, 0, NULL <unfinished ...>
2873  01:31:13.809846 <... futex resumed>) = ? ERESTARTSYS (To be restarted if SA_RESTART is set) <0.001154>
2872  01:31:13.810050 <... tgkill resumed>) = 0 <0.000781>
2876  01:31:13.810240 <... futex resumed>) = -1 EAGAIN (Resource temporarily unavailable) <0.000414>
2873  01:31:13.810465 --- SIGURG {si_signo=SIGURG, si_code=SI_TKILL, si_pid=2871, si_uid=0} ---
2871  01:31:13.810718 futex(0xc000520148, FUTEX_WAKE_PRIVATE, 1 <unfinished ...>
2876  01:31:13.810919 nanosleep({tv_sec=0, tv_nsec=3000},  <unfinished ...>
2873  01:31:13.811140 rt_sigreturn({mask=[]} <unfinished ...>
2872  01:31:13.811430 nanosleep({tv_sec=0, tv_nsec=20000},  <unfinished ...>
2876  01:31:13.811752 <... nanosleep resumed>NULL) = 0 <0.000631>
2873  01:31:13.812084 <... rt_sigreturn resumed>) = 202 <0.000670>
2871  01:31:13.812329 <... futex resumed>) = 0 <0.001432>
2876  01:31:13.812559 futex(0xc00007a948, FUTEX_WAKE_PRIVATE, 1 <unfinished ...>
2873  01:31:13.812795 futex(0xc00007a548, FUTEX_WAIT_PRIVATE, 0, NULL <unfinished ...>
2872  01:31:13.813101 <... nanosleep resumed>NULL) = 0 <0.001404>
2876  01:31:13.813379 <... futex resumed>) = 1 <0.000602>
2874  01:31:13.813623 <... futex resumed>) = 0 <0.004542>
2871  01:31:13.813850 getpid( <unfinished ...>
2876  01:31:13.814058 futex(0xc000520148, FUTEX_WAIT_PRIVATE, 0, NULL <unfinished ...>
2874  01:31:13.814266 futex(0xc00007a948, FUTEX_WAIT_PRIVATE, 0, NULL <unfinished ...>
2872  01:31:13.814462 epoll_pwait(4<anon_inode:[eventpoll]>,  <unfinished ...>
2871  01:31:13.814671 <... getpid resumed>) = 2871 <0.000635>
2872  01:31:13.814866 <... epoll_pwait resumed>[], 128, 0, NULL, 140723154129040) = 0 <0.000220>
2871  01:31:13.815055 newfstatat(AT_FDCWD</mnt/e/Concordia ISS Class Resources/INSE 6130/Project/Attacks/PrevilegeEscalation-Rakshit/Attack>, "/proc",  <unfinished ...>
2872  01:31:13.815271 futex(0xc00007a948, FUTEX_WAKE_PRIVATE, 1 <unfinished ...>
2871  01:31:13.815468 <... newfstatat resumed>{st_dev=makedev(0, 0x27), st_ino=1, st_mode=S_IFDIR|0555, st_nlink=301, st_uid=0, st_gid=0, st_blksize=1024, st_blocks=0, st_size=0, st_atime=1711859888 /* 2024-03-31T00:38:08.479107416-0400 */, st_atime_nsec=479107416, st_mtime=1711859888 /* 2024-03-31T00:38:08.479107416-0400 */, st_mtime_nsec=479107416, st_ctime=1711859888 /* 2024-03-31T00:38:08.479107416-0400 */, st_ctime_nsec=479107416}, 0) = 0 <0.000218>
2874  01:31:13.815755 <... futex resumed>) = 0 <0.001313>
2872  01:31:13.815961 <... futex resumed>) = 1 <0.000514>
2874  01:31:13.816160 sched_yield( <unfinished ...>
2871  01:31:13.816365 futex(0xc000520148, FUTEX_WAKE_PRIVATE, 1 <unfinished ...>
2874  01:31:13.816558 <... sched_yield resumed>) = 0 <0.000212>
2872  01:31:13.816747 nanosleep({tv_sec=0, tv_nsec=20000},  <unfinished ...>
2876  01:31:13.816955 <... futex resumed>) = 0 <0.002709>
2874  01:31:13.817253 futex(0x3b3ac00, FUTEX_WAKE_PRIVATE, 1 <unfinished ...>
2871  01:31:13.817482 <... futex resumed>) = 1 <0.000944>
2876  01:31:13.817690 nanosleep({tv_sec=0, tv_nsec=3000},  <unfinished ...>
2874  01:31:13.817893 <... futex resumed>) = 0 <0.000432>
2872  01:31:13.818081 <... nanosleep resumed>NULL) = 0 <0.001150>
2876  01:31:13.818289 <... nanosleep resumed>NULL) = 0 <0.000415>
2874  01:31:13.818556 futex(0x3b3bb68, FUTEX_WAKE_PRIVATE, 1 <unfinished ...>
2871  01:31:13.819001 futex(0xc00007a548, FUTEX_WAKE_PRIVATE, 1 <unfinished ...>
2876  01:31:13.819476 futex(0xc000520148, FUTEX_WAIT_PRIVATE, 0, NULL <unfinished ...>
2874  01:31:13.819764 <... futex resumed>) = 0 <0.000824>
2872  01:31:13.820029 nanosleep({tv_sec=0, tv_nsec=20000},  <unfinished ...>
2874  01:31:13.820347 futex(0xc00007a948, FUTEX_WAIT_PRIVATE, 0, NULL <unfinished ...>
2873  01:31:13.820624 <... futex resumed>) = 0 <0.007566>
2871  01:31:13.820897 <... futex resumed>) = 1 <0.001478>
2873  01:31:13.821151 futex(0xc00007a548, FUTEX_WAIT_PRIVATE, 0, NULL <unfinished ...>
2872  01:31:13.821460 <... nanosleep resumed>NULL) = 0 <0.001164>
2873  01:31:13.821697 <... futex resumed>) = -1 EAGAIN (Resource temporarily unavailable) <0.000258>
2871  01:31:13.821952 futex(0xc00007a548, FUTEX_WAKE_PRIVATE, 1 <unfinished ...>
2873  01:31:13.822227 nanosleep({tv_sec=0, tv_nsec=3000},  <unfinished ...>
2872  01:31:13.822580 nanosleep({tv_sec=0, tv_nsec=20000},  <unfinished ...>
2873  01:31:13.822858 <... nanosleep resumed>NULL) = 0 <0.000299>
2871  01:31:13.823174 <... futex resumed>) = 0 <0.000993>
2873  01:31:13.823477 futex(0xc00007a948, FUTEX_WAKE_PRIVATE, 1 <unfinished ...>
2872  01:31:13.823710 <... nanosleep resumed>NULL) = 0 <0.000902>
2874  01:31:13.823962 <... futex resumed>) = 0 <0.003359>
2873  01:31:13.824259 <... futex resumed>) = 1 <0.000564>
