2872  01:31:14.007255 <... nanosleep resumed>NULL) = 0 <0.000262>
2879  01:31:14.007601 gettid( <unfinished ...>
2872  01:31:14.007880 nanosleep({tv_sec=0, tv_nsec=20000},  <unfinished ...>
2879  01:31:14.008140 <... gettid resumed>) = 2879 <0.000297>
2871  01:31:14.008424 <... clone resumed>, tls=0xc000101890) = 2879 <0.001155>
2879  01:31:14.008647 sigaltstack(NULL,  <unfinished ...>
2872  01:31:14.008858 <... nanosleep resumed>NULL) = 0 <0.000768>
2879  01:31:14.009114 <... sigaltstack resumed>{ss_sp=NULL, ss_flags=SS_DISABLE, ss_size=0}) = 0 <0.000275>
2871  01:31:14.009327 rt_sigprocmask(SIG_SETMASK, [],  <unfinished ...>
2879  01:31:14.009526 sigaltstack({ss_sp=0xc0008b0000, ss_flags=0, ss_size=32768},  <unfinished ...>
2872  01:31:14.009727 nanosleep({tv_sec=0, tv_nsec=20000},  <unfinished ...>
2879  01:31:14.009924 <... sigaltstack resumed>NULL) = 0 <0.000216>
2871  01:31:14.010152 <... rt_sigprocmask resumed>NULL, 8) = 0 <0.000647>
2879  01:31:14.010589 rt_sigprocmask(SIG_SETMASK, [],  <unfinished ...>
2872  01:31:14.010983 <... nanosleep resumed>NULL) = 0 <0.001078>
2871  01:31:14.011351 --- SIGURG {si_signo=SIGURG, si_code=SI_TKILL, si_pid=2871, si_uid=0} ---
2879  01:31:14.011758 <... rt_sigprocmask resumed>NULL, 8) = 0 <0.000817>
2872  01:31:14.012158 nanosleep({tv_sec=0, tv_nsec=20000},  <unfinished ...>
2879  01:31:14.012525 gettid( <unfinished ...>
2871  01:31:14.012954 rt_sigreturn({mask=[]} <unfinished ...>
2879  01:31:14.013382 <... gettid resumed>) = 2879 <0.000483>
2872  01:31:14.013761 <... nanosleep resumed>NULL) = 0 <0.001281>
2871  01:31:14.014071 <... rt_sigreturn resumed>) = 0 <0.000748>
2879  01:31:14.014391 futex(0x3b6c938, FUTEX_WAIT_PRIVATE, 0, NULL <unfinished ...>
2872  01:31:14.014697 nanosleep({tv_sec=0, tv_nsec=20000},  <unfinished ...>
2871  01:31:14.014982 rt_sigprocmask(SIG_SETMASK, ~[HUP INT QUIT ILL TRAP ABRT BUS FPE SEGV TERM STKFLT CHLD URG PROF SYS RTMIN RT_1 RT_2],  <unfinished ...>
2872  01:31:14.015233 <... nanosleep resumed>NULL) = 0 <0.000270>
2871  01:31:14.015467 <... rt_sigprocmask resumed>NULL, 8) = 0 <0.000256>
2872  01:31:14.015707 nanosleep({tv_sec=0, tv_nsec=20000},  <unfinished ...>
2871  01:31:14.015980 futex(0xc00007a548, FUTEX_WAKE_PRIVATE, 1 <unfinished ...>
2872  01:31:14.016255 <... nanosleep resumed>NULL) = 0 <0.000311>
2873  01:31:14.016526 <... futex resumed>) = 0 <0.010269>
2871  01:31:14.016761 <... futex resumed>) = 1 <0.000538>
2873  01:31:14.017040 nanosleep({tv_sec=0, tv_nsec=3000},  <unfinished ...>
2872  01:31:14.017385 nanosleep({tv_sec=0, tv_nsec=20000},  <unfinished ...>
2873  01:31:14.017744 <... nanosleep resumed>NULL) = 0 <0.000401>
2871  01:31:14.018039 rt_sigprocmask(SIG_SETMASK, ~[HUP INT QUIT ILL TRAP ABRT BUS FPE SEGV TERM STKFLT CHLD URG PROF SYS RTMIN RT_1 RT_2],  <unfinished ...>
2873  01:31:14.018346 futex(0xc000520148, FUTEX_WAKE_PRIVATE, 1 <unfinished ...>
2872  01:31:14.018722 <... nanosleep resumed>NULL) = 0 <0.001024>
2876  01:31:14.019045 <... futex resumed>) = 0 <0.025937>
2873  01:31:14.019336 <... futex resumed>) = 1 <0.000641>
2871  01:31:14.019650 <... rt_sigprocmask resumed>NULL, 8) = 0 <0.001348>
2876  01:31:14.019991 futex(0xc000520148, FUTEX_WAIT_PRIVATE, 0, NULL <unfinished ...>
2873  01:31:14.020281 futex(0xc00007a548, FUTEX_WAIT_PRIVATE, 0, NULL <unfinished ...>
2872  01:31:14.020674 getpid( <unfinished ...>
2873  01:31:14.020964 <... futex resumed>) = -1 EAGAIN (Resource temporarily unavailable) <0.000332>
2871  01:31:14.021546 futex(0xc00007a548, FUTEX_WAKE_PRIVATE, 1 <unfinished ...>
2873  01:31:14.021921 futex(0x3b3bb68, FUTEX_WAKE_PRIVATE, 1 <unfinished ...>
2872  01:31:14.022141 <... getpid resumed>) = 2871 <0.001219>
2873  01:31:14.022341 <... futex resumed>) = 0 <0.000220>
2871  01:31:14.022578 <... futex resumed>) = 0 <0.000688>
2873  01:31:14.022808 futex(0xc00007a548, FUTEX_WAIT_PRIVATE, 0, NULL <unfinished ...>
2872  01:31:14.022997 tgkill(2871, 2871, SIGURG <unfinished ...>
2873  01:31:14.023188 <... futex resumed>) = -1 EAGAIN (Resource temporarily unavailable) <0.000209>
2871  01:31:14.023380 futex(0xc00007a548, FUTEX_WAKE_PRIVATE, 1 <unfinished ...>
2873  01:31:14.023575 nanosleep({tv_sec=0, tv_nsec=3000},  <unfinished ...>
2872  01:31:14.023837 <... tgkill resumed>) = 0 <0.000670>
2873  01:31:14.024039 <... nanosleep resumed>NULL) = 0 <0.000286>
2871  01:31:14.024313 <... futex resumed>) = 0 <0.000757>
2873  01:31:14.024541 futex(0xc000520148, FUTEX_WAKE_PRIVATE, 1 <unfinished ...>
2872  01:31:14.024835 nanosleep({tv_sec=0, tv_nsec=20000},  <unfinished ...>
2876  01:31:14.025065 <... futex resumed>) = 0 <0.004808>
2873  01:31:14.025260 <... futex resumed>) = 1 <0.000481>
2871  01:31:14.025464 --- SIGURG {si_signo=SIGURG, si_code=SI_TKILL, si_pid=2871, si_uid=0} ---
2876  01:31:14.025663 futex(0xc000520148, FUTEX_WAIT_PRIVATE, 0, NULL <unfinished ...>
2873  01:31:14.025953 futex(0xc000520148, FUTEX_WAKE_PRIVATE, 1 <unfinished ...>
2872  01:31:14.026264 <... nanosleep resumed>NULL) = 0 <0.001221>
2876  01:31:14.026597 <... futex resumed>) = -1 EAGAIN (Resource temporarily unavailable) <0.000694>
2873  01:31:14.026897 <... futex resumed>) = 0 <0.000675>
2871  01:31:14.027133 rt_sigreturn({mask=~[HUP INT QUIT ILL TRAP ABRT BUS FPE KILL SEGV TERM STKFLT CHLD STOP URG PROF SYS RTMIN RT_1 RT_2]} <unfinished ...>
2876  01:31:14.027489 nanosleep({tv_sec=0, tv_nsec=3000},  <unfinished ...>
2873  01:31:14.027722 futex(0x3b6cac0, FUTEX_WAIT_PRIVATE, 0, NULL <unfinished ...>
2872  01:31:14.027918 nanosleep({tv_sec=0, tv_nsec=20000},  <unfinished ...>
2876  01:31:14.028117 <... nanosleep resumed>NULL) = 0 <0.000415>
2871  01:31:14.028310 <... rt_sigreturn resumed>) = 0 <0.000858>
2876  01:31:14.028500 futex(0xc000520148, FUTEX_WAIT_PRIVATE, 0, NULL <unfinished ...>
2872  01:31:14.028692 <... nanosleep resumed>NULL) = 0 <0.000600>
2876  01:31:14.028953 <... futex resumed>) = -1 EAGAIN (Resource temporarily unavailable) <0.000280>
2871  01:31:14.029209 futex(0xc000520148, FUTEX_WAKE_PRIVATE, 1 <unfinished ...>
2876  01:31:14.029543 nanosleep({tv_sec=0, tv_nsec=3000},  <unfinished ...>
2872  01:31:14.029822 nanosleep({tv_sec=0, tv_nsec=20000},  <unfinished ...>
2871  01:31:14.030156 <... futex resumed>) = 0 <0.000667>
2876  01:31:14.030531 <... nanosleep resumed>NULL) = 0 <0.000729>
2872  01:31:14.030857 <... nanosleep resumed>NULL) = 0 <0.000747>
2876  01:31:14.031255 futex(0xc000520948, FUTEX_WAKE_PRIVATE, 1 <unfinished ...>
2871  01:31:14.031515 rt_sigprocmask(SIG_SETMASK, ~[HUP INT QUIT ILL TRAP ABRT BUS FPE SEGV TERM STKFLT CHLD URG PROF SYS RTMIN RT_1 RT_2],  <unfinished ...>
2878  01:31:14.031847 <... futex resumed>) = 0 <0.039018>
2876  01:31:14.032065 <... futex resumed>) = 1 <0.000570>
2872  01:31:14.032274 nanosleep({tv_sec=0, tv_nsec=20000},  <unfinished ...>
2878  01:31:14.032470 futex(0xc000520948, FUTEX_WAIT_PRIVATE, 0, NULL <unfinished ...>
2876  01:31:14.032663 futex(0xc000520148, FUTEX_WAIT_PRIVATE, 0, NULL <unfinished ...>
2871  01:31:14.032870 <... rt_sigprocmask resumed>NULL, 8) = 0 <0.001079>
2872  01:31:14.033104 <... nanosleep resumed>NULL) = 0 <0.000656>
2871  01:31:14.033414 futex(0xc000520148, FUTEX_WAKE_PRIVATE, 1 <unfinished ...>
2872  01:31:14.033742 nanosleep({tv_sec=0, tv_nsec=20000},  <unfinished ...>
2876  01:31:14.034070 <... futex resumed>) = 0 <0.001221>
2871  01:31:14.034430 <... futex resumed>) = 1 <0.000742>
2876  01:31:14.034716 nanosleep({tv_sec=0, tv_nsec=3000},  <unfinished ...>
2872  01:31:14.034998 <... nanosleep resumed>NULL) = 0 <0.000947>
2876  01:31:14.035257 <... nanosleep resumed>NULL) = 0 <0.000300>
2871  01:31:14.035528 futex(0xc000520948, FUTEX_WAKE_PRIVATE, 1 <unfinished ...>
2876  01:31:14.035749 futex(0xc000520548, FUTEX_WAKE_PRIVATE, 1 <unfinished ...>
2872  01:31:14.035985 nanosleep({tv_sec=0, tv_nsec=20000},  <unfinished ...>
2878  01:31:14.036238 <... futex resumed>) = 0 <0.003599>
2877  01:31:14.036544 <... futex resumed>) = 0 <0.088016>
2876  01:31:14.036880 <... futex resumed>) = 1 <0.000914>
2871  01:31:14.037119 <... futex resumed>) = 1 <0.001395>
2878  01:31:14.037390 futex(0xc000520948, FUTEX_WAIT_PRIVATE, 0, NULL <unfinished ...>
2877  01:31:14.037633 futex(0xc000520548, FUTEX_WAIT_PRIVATE, 0, NULL <unfinished ...>
2876  01:31:14.037861 futex(0xc000520548, FUTEX_WAKE_PRIVATE, 1 <unfinished ...>
2872  01:31:14.038053 <... nanosleep resumed>NULL) = 0 <0.001833>
2877  01:31:14.038251 <... futex resumed>) = -1 EAGAIN (Resource temporarily unavailable) <0.000408>
2876  01:31:14.038451 <... futex resumed>) = 0 <0.000418>
2871  01:31:14.038639 futex(0x3b3bb68, FUTEX_WAIT_PRIVATE, 0, NULL <unfinished ...>
2877  01:31:14.038836 nanosleep({tv_sec=0, tv_nsec=3000},  <unfinished ...>
2876  01:31:14.039031 openat(AT_FDCWD</mnt/e/Concordia ISS Class Resources/INSE 6130/Project/Attacks/PrevilegeEscalation-Rakshit/Attack>, "/root/.docker/config.json", O_RDONLY|O_CLOEXEC <unfinished ...>
2872  01:31:14.039247 nanosleep({tv_sec=0, tv_nsec=20000},  <unfinished ...>
2877  01:31:14.039551 <... nanosleep resumed>NULL) = 0 <0.000536>
2876  01:31:14.039842 <... openat resumed>) = -1 ENOENT (No such file or directory) <0.000614>
2877  01:31:14.040054 futex(0xc000520948, FUTEX_WAKE_PRIVATE, 1 <unfinished ...>
2872  01:31:14.040248 <... nanosleep resumed>NULL) = 0 <0.000755>
2878  01:31:14.040540 <... futex resumed>) = 0 <0.002925>
2877  01:31:14.040856 <... futex resumed>) = 1 <0.000624>
2876  01:31:14.041097 newfstatat(AT_FDCWD</mnt/e/Concordia ISS Class Resources/INSE 6130/Project/Attacks/PrevilegeEscalation-Rakshit/Attack>, "/root/.docker/contexts/meta",  <unfinished ...>
2878  01:31:14.041331 futex(0xc000520948, FUTEX_WAIT_PRIVATE, 0, NULL <unfinished ...>
2877  01:31:14.041555 futex(0xc000520548, FUTEX_WAIT_PRIVATE, 0, NULL <unfinished ...>
2872  01:31:14.041803 nanosleep({tv_sec=0, tv_nsec=20000},  <unfinished ...>
2876  01:31:14.042036 <... newfstatat resumed>{st_dev=makedev(0x8, 0x20), st_ino=12318, st_mode=S_IFDIR|0755, st_nlink=2, st_uid=0, st_gid=0, st_blksize=4096, st_blocks=8, st_size=4096, st_atime=1711859968 /* 2024-03-31T00:39:28.010189065-0400 */, st_atime_nsec=10189065, st_mtime=1667753214 /* 2022-11-06T11:46:54.725204985-0500 */, st_mtime_nsec=725204985, st_ctime=1667753214 /* 2022-11-06T11:46:54.725204985-0500 */, st_ctime_nsec=725204985}, 0) = 0 <0.000728>
2872  01:31:14.042398 <... nanosleep resumed>NULL) = 0 <0.000383>
2876  01:31:14.042893 openat(AT_FDCWD</mnt/e/Concordia ISS Class Resources/INSE 6130/Project/Attacks/PrevilegeEscalation-Rakshit/Attack>, "/root/.docker/contexts/meta/37a8eec1ce19687d132fe29051dca629d164e2c4958ba141d5f4133a33f0688f/meta.json", O_RDONLY|O_CLOEXEC <unfinished ...>
2872  01:31:14.043445 nanosleep({tv_sec=0, tv_nsec=20000},  <unfinished ...>
2876  01:31:14.044042 <... openat resumed>) = -1 ENOENT (No such file or directory) <0.000659>
2872  01:31:14.044618 <... nanosleep resumed>NULL) = 0 <0.000629>
2876  01:31:14.045126 openat(AT_FDCWD</mnt/e/Concordia ISS Class Resources/INSE 6130/Project/Attacks/PrevilegeEscalation-Rakshit/Attack>, "/root/.docker/config.json", O_RDONLY|O_CLOEXEC <unfinished ...>
2872  01:31:14.045633 nanosleep({tv_sec=0, tv_nsec=20000},  <unfinished ...>
2876  01:31:14.045980 <... openat resumed>) = -1 ENOENT (No such file or directory) <0.000410>
2872  01:31:14.046281 <... nanosleep resumed>NULL) = 0 <0.000334>
2876  01:31:14.046559 openat(AT_FDCWD</mnt/e/Concordia ISS Class Resources/INSE 6130/Project/Attacks/PrevilegeEscalation-Rakshit/Attack>, "/root/.dockercfg", O_RDONLY|O_CLOEXEC <unfinished ...>
2872  01:31:14.046879 nanosleep({tv_sec=0, tv_nsec=20000},  <unfinished ...>
2876  01:31:14.047160 <... openat resumed>) = -1 ENOENT (No such file or directory) <0.000309>
2872  01:31:14.047548 <... nanosleep resumed>NULL) = 0 <0.000414>
2876  01:31:14.047872 openat(AT_FDCWD</mnt/e/Concordia ISS Class Resources/INSE 6130/Project/Attacks/PrevilegeEscalation-Rakshit/Attack>, "/root/.docker/config.json", O_RDONLY|O_CLOEXEC <unfinished ...>
2872  01:31:14.048219 nanosleep({tv_sec=0, tv_nsec=20000},  <unfinished ...>
2876  01:31:14.048533 <... openat resumed>) = -1 ENOENT (No such file or directory) <0.000352>
2872  01:31:14.048804 <... nanosleep resumed>NULL) = 0 <0.000300>
2876  01:31:14.049055 openat(AT_FDCWD</mnt/e/Concordia ISS Class Resources/INSE 6130/Project/Attacks/PrevilegeEscalation-Rakshit/Attack>, "/root/.dockercfg", O_RDONLY|O_CLOEXEC <unfinished ...>
2872  01:31:14.049338 nanosleep({tv_sec=0, tv_nsec=20000},  <unfinished ...>
2876  01:31:14.049676 <... openat resumed>) = -1 ENOENT (No such file or directory) <0.000363>
2872  01:31:14.049938 <... nanosleep resumed>NULL) = 0 <0.000291>
2876  01:31:14.050173 newfstatat(AT_FDCWD</mnt/e/Concordia ISS Class Resources/INSE 6130/Project/Attacks/PrevilegeEscalation-Rakshit/Attack>, "/usr/local/sbin/pass",  <unfinished ...>
2872  01:31:14.050514 nanosleep({tv_sec=0, tv_nsec=20000},  <unfinished ...>
2876  01:31:14.050871 <... newfstatat resumed>0xc0003c82a8, 0) = -1 ENOENT (No such file or directory) <0.000385>
2872  01:31:14.051281 <... nanosleep resumed>NULL) = 0 <0.000448>
2876  01:31:14.051654 newfstatat(AT_FDCWD</mnt/e/Concordia ISS Class Resources/INSE 6130/Project/Attacks/PrevilegeEscalation-Rakshit/Attack>, "/usr/local/bin/pass",  <unfinished ...>
2872  01:31:14.052031 nanosleep({tv_sec=0, tv_nsec=20000},  <unfinished ...>
2876  01:31:14.052434 <... newfstatat resumed>0xc0003c8378, 0) = -1 ENOENT (No such file or directory) <0.000431>
2872  01:31:14.052716 <... nanosleep resumed>NULL) = 0 <0.000309>
2876  01:31:14.052966 newfstatat(AT_FDCWD</mnt/e/Concordia ISS Class Resources/INSE 6130/Project/Attacks/PrevilegeEscalation-Rakshit/Attack>, "/usr/sbin/pass",  <unfinished ...>
2872  01:31:14.053226 nanosleep({tv_sec=0, tv_nsec=20000},  <unfinished ...>
2876  01:31:14.053473 <... newfstatat resumed>0xc0003c8448, 0) = -1 ENOENT (No such file or directory) <0.000265>
2872  01:31:14.053752 <... nanosleep resumed>NULL) = 0 <0.000306>
2876  01:31:14.054003 newfstatat(AT_FDCWD</mnt/e/Concordia ISS Class Resources/INSE 6130/Project/Attacks/PrevilegeEscalation-Rakshit/Attack>, "/usr/bin/pass",  <unfinished ...>
2872  01:31:14.054473 nanosleep({tv_sec=0, tv_nsec=20000},  <unfinished ...>
2876  01:31:14.054894 <... newfstatat resumed>0xc0003c8518, 0) = -1 ENOENT (No such file or directory) <0.000468>
2872  01:31:14.055294 <... nanosleep resumed>NULL) = 0 <0.000446>
2876  01:31:14.055720 newfstatat(AT_FDCWD</mnt/e/Concordia ISS Class Resources/INSE 6130/Project/Attacks/PrevilegeEscalation-Rakshit/Attack>, "/sbin/pass",  <unfinished ...>
2872  01:31:14.056168 nanosleep({tv_sec=0, tv_nsec=20000},  <unfinished ...>
2876  01:31:14.056410 <... newfstatat resumed>0xc0003c85e8, 0) = -1 ENOENT (No such file or directory) <0.000273>
2872  01:31:14.056641 <... nanosleep resumed>NULL) = 0 <0.000252>
2876  01:31:14.056846 newfstatat(AT_FDCWD</mnt/e/Concordia ISS Class Resources/INSE 6130/Project/Attacks/PrevilegeEscalation-Rakshit/Attack>, "/bin/pass",  <unfinished ...>
2872  01:31:14.057065 nanosleep({tv_sec=0, tv_nsec=20000},  <unfinished ...>
2876  01:31:14.057253 <... newfstatat resumed>0xc0003c86b8, 0) = -1 ENOENT (No such file or directory) <0.000209>
2872  01:31:14.057784 <... nanosleep resumed>NULL) = 0 <0.000540>
2876  01:31:14.058379 newfstatat(AT_FDCWD</mnt/e/Concordia ISS Class Resources/INSE 6130/Project/Attacks/PrevilegeEscalation-Rakshit/Attack>, "/mnt/e/Concordia ISS Class Resources/INSE 6130/Project/Attacks/PrevilegeEscalation-Rakshit/Attack/pass",  <unfinished ...>
2872  01:31:14.058869 nanosleep({tv_sec=0, tv_nsec=20000},  <unfinished ...>
2876  01:31:14.059270 <... newfstatat resumed>0xc0003c8788, 0) = -1 ENOENT (No such file or directory) <0.000436>
2872  01:31:14.059662 <... nanosleep resumed>NULL) = 0 <0.000415>
2876  01:31:14.060198 newfstatat(AT_FDCWD</mnt/e/Concordia ISS Class Resources/INSE 6130/Project/Attacks/PrevilegeEscalation-Rakshit/Attack>, "/usr/local/sbin/docker-credential-secretservice",  <unfinished ...>
2872  01:31:14.060620 nanosleep({tv_sec=0, tv_nsec=20000},  <unfinished ...>
2876  01:31:14.060899 <... newfstatat resumed>0xc0003c8858, 0) = -1 ENOENT (No such file or directory) <0.000311>
2872  01:31:14.061126 <... nanosleep resumed>NULL) = 0 <0.000250>
2876  01:31:14.061344 newfstatat(AT_FDCWD</mnt/e/Concordia ISS Class Resources/INSE 6130/Project/Attacks/PrevilegeEscalation-Rakshit/Attack>, "/usr/local/bin/docker-credential-secretservice",  <unfinished ...>
2872  01:31:14.061586 nanosleep({tv_sec=0, tv_nsec=20000},  <unfinished ...>
2876  01:31:14.061806 <... newfstatat resumed>0xc0003c8928, 0) = -1 ENOENT (No such file or directory) <0.000241>
2872  01:31:14.062023 <... nanosleep resumed>NULL) = 0 <0.000245>
2876  01:31:14.062218 newfstatat(AT_FDCWD</mnt/e/Concordia ISS Class Resources/INSE 6130/Project/Attacks/PrevilegeEscalation-Rakshit/Attack>, "/usr/sbin/docker-credential-secretservice",  <unfinished ...>
2872  01:31:14.062415 nanosleep({tv_sec=0, tv_nsec=20000},  <unfinished ...>
2876  01:31:14.062647 <... newfstatat resumed>0xc0003c89f8, 0) = -1 ENOENT (No such file or directory) <0.000253>
2872  01:31:14.062869 <... nanosleep resumed>NULL) = 0 <0.000241>
2876  01:31:14.063059 newfstatat(AT_FDCWD</mnt/e/Concordia ISS Class Resources/INSE 6130/Project/Attacks/PrevilegeEscalation-Rakshit/Attack>, "/usr/bin/docker-credential-secretservice",  <unfinished ...>
2872  01:31:14.063269 nanosleep({tv_sec=0, tv_nsec=20000},  <unfinished ...>
2876  01:31:14.063472 <... newfstatat resumed>0xc0003c8ac8, 0) = -1 ENOENT (No such file or directory) <0.000227>
2872  01:31:14.063674 <... nanosleep resumed>NULL) = 0 <0.000223>
2876  01:31:14.063880 newfstatat(AT_FDCWD</mnt/e/Concordia ISS Class Resources/INSE 6130/Project/Attacks/PrevilegeEscalation-Rakshit/Attack>, "/sbin/docker-credential-secretservice",  <unfinished ...>
2872  01:31:14.064088 nanosleep({tv_sec=0, tv_nsec=20000},  <unfinished ...>
2876  01:31:14.064283 <... newfstatat resumed>0xc0003c8b98, 0) = -1 ENOENT (No such file or directory) <0.000215>
2872  01:31:14.064474 <... nanosleep resumed>NULL) = 0 <0.000211>
2876  01:31:14.064669 newfstatat(AT_FDCWD</mnt/e/Concordia ISS Class Resources/INSE 6130/Project/Attacks/PrevilegeEscalation-Rakshit/Attack>, "/bin/docker-credential-secretservice",  <unfinished ...>
2872  01:31:14.064871 nanosleep({tv_sec=0, tv_nsec=20000},  <unfinished ...>
2876  01:31:14.065114 <... newfstatat resumed>0xc0003c8c68, 0) = -1 ENOENT (No such file or directory) <0.000263>
2872  01:31:14.065343 <... nanosleep resumed>NULL) = 0 <0.000248>
2876  01:31:14.065573 newfstatat(AT_FDCWD</mnt/e/Concordia ISS Class Resources/INSE 6130/Project/Attacks/PrevilegeEscalation-Rakshit/Attack>, "/mnt/e/Concordia ISS Class Resources/INSE 6130/Project/Attacks/PrevilegeEscalation-Rakshit/Attack/docker-credential-secretservice",  <unfinished ...>
2872  01:31:14.066038 nanosleep({tv_sec=0, tv_nsec=20000},  <unfinished ...>
2876  01:31:14.066379 <... newfstatat resumed>0xc0003c8d38, 0) = -1 ENOENT (No such file or directory) <0.000353>
2872  01:31:14.066623 <... nanosleep resumed>NULL) = 0 <0.000378>
2876  01:31:14.066874 ioctl(1</dev/pts/5<char 136:5>>, TCGETS <unfinished ...>
2872  01:31:14.067136 nanosleep({tv_sec=0, tv_nsec=20000},  <unfinished ...>
2876  01:31:14.067342 <... ioctl resumed>, {c_iflag=ICRNL|IXON, c_oflag=NL0|CR0|TAB0|BS0|VT0|FF0|OPOST|ONLCR, c_cflag=B38400|CS8|CREAD, c_lflag=ISIG|ICANON|ECHO|ECHOE|ECHOK|IEXTEN|ECHOCTL|ECHOKE, c_line=N_TTY, c_cc=[[VINTR]=0x3, [VQUIT]=0x1c, [VERASE]=0x7f, [VKILL]=0x15, [VEOF]=0x4, [VTIME]=0, [VMIN]=0x1, [VSWTC]=0, [VSTART]=0x11, [VSTOP]=0x13, [VSUSP]=0x1a, [VEOL]=0, [VREPRINT]=0x12, [VDISCARD]=0xf, [VWERASE]=0x17, [VLNEXT]=0x16, [VEOL2]=0, [17]=0, [18]=0]}) = 0 <0.000228>
2872  01:31:14.067646 <... nanosleep resumed>NULL) = 0 <0.000322>
2876  01:31:14.067876 ioctl(0</dev/pts/5<char 136:5>>, TCGETS <unfinished ...>
2872  01:31:14.068099 nanosleep({tv_sec=0, tv_nsec=20000},  <unfinished ...>
2876  01:31:14.068310 <... ioctl resumed>, {c_iflag=ICRNL|IXON, c_oflag=NL0|CR0|TAB0|BS0|VT0|FF0|OPOST|ONLCR, c_cflag=B38400|CS8|CREAD, c_lflag=ISIG|ICANON|ECHO|ECHOE|ECHOK|IEXTEN|ECHOCTL|ECHOKE, c_line=N_TTY, c_cc=[[VINTR]=0x3, [VQUIT]=0x1c, [VERASE]=0x7f, [VKILL]=0x15, [VEOF]=0x4, [VTIME]=0, [VMIN]=0x1, [VSWTC]=0, [VSTART]=0x11, [VSTOP]=0x13, [VSUSP]=0x1a, [VEOL]=0, [VREPRINT]=0x12, [VDISCARD]=0xf, [VWERASE]=0x17, [VLNEXT]=0x16, [VEOL2]=0, [17]=0, [18]=0]}) = 0 <0.000233>
2872  01:31:14.068521 <... nanosleep resumed>NULL) = 0 <0.000231>
2876  01:31:14.068784 ioctl(1</dev/pts/5<char 136:5>>, TCGETS <unfinished ...>
2872  01:31:14.069148 nanosleep({tv_sec=0, tv_nsec=20000},  <unfinished ...>
2876  01:31:14.069476 <... ioctl resumed>, {c_iflag=ICRNL|IXON, c_oflag=NL0|CR0|TAB0|BS0|VT0|FF0|OPOST|ONLCR, c_cflag=B38400|CS8|CREAD, c_lflag=ISIG|ICANON|ECHO|ECHOE|ECHOK|IEXTEN|ECHOCTL|ECHOKE, c_line=N_TTY, c_cc=[[VINTR]=0x3, [VQUIT]=0x1c, [VERASE]=0x7f, [VKILL]=0x15, [VEOF]=0x4, [VTIME]=0, [VMIN]=0x1, [VSWTC]=0, [VSTART]=0x11, [VSTOP]=0x13, [VSUSP]=0x1a, [VEOL]=0, [VREPRINT]=0x12, [VDISCARD]=0xf, [VWERASE]=0x17, [VLNEXT]=0x16, [VEOL2]=0, [17]=0, [18]=0]}) = 0 <0.000353>
2872  01:31:14.069872 <... nanosleep resumed>NULL) = 0 <0.000441>
2876  01:31:14.070114 ioctl(0</dev/pts/5<char 136:5>>, TCGETS <unfinished ...>
2872  01:31:14.070325 nanosleep({tv_sec=0, tv_nsec=20000},  <unfinished ...>
2876  01:31:14.070635 <... ioctl resumed>, {c_iflag=ICRNL|IXON, c_oflag=NL0|CR0|TAB0|BS0|VT0|FF0|OPOST|ONLCR, c_cflag=B38400|CS8|CREAD, c_lflag=ISIG|ICANON|ECHO|ECHOE|ECHOK|IEXTEN|ECHOCTL|ECHOKE, c_line=N_TTY, c_cc=[[VINTR]=0x3, [VQUIT]=0x1c, [VERASE]=0x7f, [VKILL]=0x15, [VEOF]=0x4, [VTIME]=0, [VMIN]=0x1, [VSWTC]=0, [VSTART]=0x11, [VSTOP]=0x13, [VSUSP]=0x1a, [VEOL]=0, [VREPRINT]=0x12, [VDISCARD]=0xf, [VWERASE]=0x17, [VLNEXT]=0x16, [VEOL2]=0, [17]=0, [18]=0]}) = 0 <0.000330>
2872  01:31:14.070931 <... nanosleep resumed>NULL) = 0 <0.000339>
2876  01:31:14.071143 openat(AT_FDCWD</mnt/e/Concordia ISS Class Resources/INSE 6130/Project/Attacks/PrevilegeEscalation-Rakshit/Attack>, "/root/.docker/contexts/meta/37a8eec1ce19687d132fe29051dca629d164e2c4958ba141d5f4133a33f0688f/meta.json", O_RDONLY|O_CLOEXEC <unfinished ...>
2872  01:31:14.071347 nanosleep({tv_sec=0, tv_nsec=20000},  <unfinished ...>
2876  01:31:14.071563 <... openat resumed>) = -1 ENOENT (No such file or directory) <0.000236>
2872  01:31:14.071781 <... nanosleep resumed>NULL) = 0 <0.000237>
2876  01:31:14.072019 readlinkat(AT_FDCWD</mnt/e/Concordia ISS Class Resources/INSE 6130/Project/Attacks/PrevilegeEscalation-Rakshit/Attack>, "/proc/self/exe",  <unfinished ...>
2872  01:31:14.072241 nanosleep({tv_sec=0, tv_nsec=20000},  <unfinished ...>
2876  01:31:14.072435 <... readlinkat resumed>"/mnt/wsl/docker-desktop/cli-tools/usr/bin/docker", 128) = 48 <0.000215>
2872  01:31:14.072629 <... nanosleep resumed>NULL) = 0 <0.000213>
2876  01:31:14.072847 newfstatat(AT_FDCWD</mnt/e/Concordia ISS Class Resources/INSE 6130/Project/Attacks/PrevilegeEscalation-Rakshit/Attack>, "/mnt",  <unfinished ...>
2872  01:31:14.073181 nanosleep({tv_sec=0, tv_nsec=20000},  <unfinished ...>
2876  01:31:14.073419 <... newfstatat resumed>{st_dev=makedev(0x8, 0x20), st_ino=24578, st_mode=S_IFDIR|0755, st_nlink=11, st_uid=0, st_gid=0, st_blksize=4096, st_blocks=8, st_size=4096, st_atime=1710652998 /* 2024-03-17T01:23:18.308260260-0400 */, st_atime_nsec=308260260, st_mtime=1669278044 /* 2022-11-24T03:20:44.738340667-0500 */, st_mtime_nsec=738340667, st_ctime=1669278044 /* 2022-11-24T03:20:44.738340667-0500 */, st_ctime_nsec=738340667}, AT_SYMLINK_NOFOLLOW) = 0 <0.000334>
2872  01:31:14.073664 <... nanosleep resumed>NULL) = 0 <0.000263>
2876  01:31:14.073903 newfstatat(AT_FDCWD</mnt/e/Concordia ISS Class Resources/INSE 6130/Project/Attacks/PrevilegeEscalation-Rakshit/Attack>, "/mnt/wsl",  <unfinished ...>
2872  01:31:14.074328 nanosleep({tv_sec=0, tv_nsec=20000},  <unfinished ...>
2876  01:31:14.074755 <... newfstatat resumed>{st_dev=makedev(0, 0x16), st_ino=1, st_mode=S_IFDIR|S_ISVTX|0777, st_nlink=5, st_uid=0, st_gid=0, st_blksize=4096, st_blocks=0, st_size=120, st_atime=1711859886 /* 2024-03-31T00:38:06.022034900-0400 */, st_atime_nsec=22034900, st_mtime=1711859951 /* 2024-03-31T00:39:11.560434006-0400 */, st_mtime_nsec=560434006, st_ctime=1711859951 /* 2024-03-31T00:39:11.560434006-0400 */, st_ctime_nsec=560434006}, AT_SYMLINK_NOFOLLOW) = 0 <0.000480>
2872  01:31:14.075128 <... nanosleep resumed>NULL) = 0 <0.000427>
2876  01:31:14.075411 newfstatat(AT_FDCWD</mnt/e/Concordia ISS Class Resources/INSE 6130/Project/Attacks/PrevilegeEscalation-Rakshit/Attack>, "/mnt/wsl/docker-desktop",  <unfinished ...>
2872  01:31:14.075662 nanosleep({tv_sec=0, tv_nsec=20000},  <unfinished ...>
2876  01:31:14.075879 <... newfstatat resumed>{st_dev=makedev(0, 0x16), st_ino=6, st_mode=S_IFDIR|0755, st_nlink=4, st_uid=0, st_gid=0, st_blksize=4096, st_blocks=0, st_size=100, st_atime=1711859949 /* 2024-03-31T00:39:09.169107672-0400 */, st_atime_nsec=169107672, st_mtime=1711859949 /* 2024-03-31T00:39:09.169107672-0400 */, st_mtime_nsec=169107672, st_ctime=1711859949 /* 2024-03-31T00:39:09.169107672-0400 */, st_ctime_nsec=169107672}, AT_SYMLINK_NOFOLLOW) = 0 <0.000242>
2872  01:31:14.076103 <... nanosleep resumed>NULL) = 0 <0.000247>
2876  01:31:14.076308 newfstatat(AT_FDCWD</mnt/e/Concordia ISS Class Resources/INSE 6130/Project/Attacks/PrevilegeEscalation-Rakshit/Attack>, "/mnt/wsl/docker-desktop/cli-tools",  <unfinished ...>
2872  01:31:14.076535 nanosleep({tv_sec=0, tv_nsec=20000},  <unfinished ...>
2876  01:31:14.076743 <... newfstatat resumed>{st_dev=makedev(0x7, 0), st_ino=1792, st_mode=S_IFDIR|0755, st_nlink=3, st_uid=0, st_gid=0, st_blksize=2048, st_blocks=4, st_size=2048, st_atime=1697795773 /* 2023-10-20T05:56:13-0400 */, st_atime_nsec=0, st_mtime=1697795773 /* 2023-10-20T05:56:13-0400 */, st_mtime_nsec=0, st_ctime=1697795793 /* 2023-10-20T05:56:33-0400 */, st_ctime_nsec=0}, AT_SYMLINK_NOFOLLOW) = 0 <0.000230>
2872  01:31:14.076971 <... nanosleep resumed>NULL) = 0 <0.000251>
2876  01:31:14.077175 newfstatat(AT_FDCWD</mnt/e/Concordia ISS Class Resources/INSE 6130/Project/Attacks/PrevilegeEscalation-Rakshit/Attack>, "/mnt/wsl/docker-desktop/cli-tools/usr",  <unfinished ...>
2872  01:31:14.077392 nanosleep({tv_sec=0, tv_nsec=20000},  <unfinished ...>
2876  01:31:14.077595 <... newfstatat resumed>{st_dev=makedev(0x7, 0), st_ino=1856, st_mode=S_IFDIR|0755, st_nlink=5, st_uid=0, st_gid=0, st_blksize=2048, st_blocks=4, st_size=2048, st_atime=1697795773 /* 2023-10-20T05:56:13-0400 */, st_atime_nsec=0, st_mtime=1697795773 /* 2023-10-20T05:56:13-0400 */, st_mtime_nsec=0, st_ctime=1697795793 /* 2023-10-20T05:56:33-0400 */, st_ctime_nsec=0}, AT_SYMLINK_NOFOLLOW) = 0 <0.000225>
2872  01:31:14.077831 <... nanosleep resumed>NULL) = 0 <0.000254>
2876  01:31:14.078095 newfstatat(AT_FDCWD</mnt/e/Concordia ISS Class Resources/INSE 6130/Project/Attacks/PrevilegeEscalation-Rakshit/Attack>, "/mnt/wsl/docker-desktop/cli-tools/usr/bin",  <unfinished ...>
2872  01:31:14.078346 nanosleep({tv_sec=0, tv_nsec=20000},  <unfinished ...>
2876  01:31:14.078582 <... newfstatat resumed>{st_dev=makedev(0x7, 0), st_ino=1920, st_mode=S_IFDIR|0755, st_nlink=2, st_uid=0, st_gid=0, st_blksize=2048, st_blocks=4, st_size=2048, st_atime=1697795772 /* 2023-10-20T05:56:12-0400 */, st_atime_nsec=0, st_mtime=1697795772 /* 2023-10-20T05:56:12-0400 */, st_mtime_nsec=0, st_ctime=1697795792 /* 2023-10-20T05:56:32-0400 */, st_ctime_nsec=0}, AT_SYMLINK_NOFOLLOW) = 0 <0.000275>
2872  01:31:14.078835 <... nanosleep resumed>NULL) = 0 <0.000295>
2876  01:31:14.079040 newfstatat(AT_FDCWD</mnt/e/Concordia ISS Class Resources/INSE 6130/Project/Attacks/PrevilegeEscalation-Rakshit/Attack>, "/mnt/wsl/docker-desktop/cli-tools/usr/bin/docker",  <unfinished ...>
2872  01:31:14.079238 nanosleep({tv_sec=0, tv_nsec=20000},  <unfinished ...>
2876  01:31:14.079433 <... newfstatat resumed>{st_dev=makedev(0x7, 0), st_ino=1930, st_mode=S_IFREG|0755, st_nlink=1, st_uid=0, st_gid=0, st_blksize=2048, st_blocks=113032, st_size=57872384, st_atime=1697795773 /* 2023-10-20T05:56:13-0400 */, st_atime_nsec=0, st_mtime=1697795773 /* 2023-10-20T05:56:13-0400 */, st_mtime_nsec=0, st_ctime=1697795791 /* 2023-10-20T05:56:31-0400 */, st_ctime_nsec=0}, AT_SYMLINK_NOFOLLOW) = 0 <0.000216>
2872  01:31:14.079629 <... nanosleep resumed>NULL) = 0 <0.000216>
2876  01:31:14.079820 newfstatat(AT_FDCWD</mnt/e/Concordia ISS Class Resources/INSE 6130/Project/Attacks/PrevilegeEscalation-Rakshit/Attack>, "/mnt/wsl/docker-desktop/cli-tools/usr/bin/com.docker.cli",  <unfinished ...>
2872  01:31:14.080022 nanosleep({tv_sec=0, tv_nsec=20000},  <unfinished ...>
2876  01:31:14.080218 <... newfstatat resumed>{st_dev=makedev(0x7, 0), st_ino=1926, st_mode=S_IFREG|0755, st_nlink=1, st_uid=0, st_gid=0, st_blksize=2048, st_blocks=70179, st_size=35931576, st_atime=1697795790 /* 2023-10-20T05:56:30-0400 */, st_atime_nsec=0, st_mtime=1693830736 /* 2023-09-04T08:32:16-0400 */, st_mtime_nsec=0, st_ctime=1697795791 /* 2023-10-20T05:56:31-0400 */, st_ctime_nsec=0}, 0) = 0 <0.000220>
2872  01:31:14.080537 <... nanosleep resumed>NULL) = 0 <0.000339>
2876  01:31:14.080789 futex(0xc000520548, FUTEX_WAKE_PRIVATE, 1 <unfinished ...>
2872  01:31:14.081014 getpid( <unfinished ...>
2877  01:31:14.081309 <... futex resumed>) = 0 <0.039535>
2876  01:31:14.081693 <... futex resumed>) = 1 <0.000698>
2877  01:31:14.082005 nanosleep({tv_sec=0, tv_nsec=3000},  <unfinished ...>
2872  01:31:14.082217 <... getpid resumed>) = 2871 <0.000931>
2877  01:31:14.082418 <... nanosleep resumed>NULL) = 0 <0.000222>
2876  01:31:14.082658 futex(0x3b3bb68, FUTEX_WAKE_PRIVATE, 1 <unfinished ...>
2877  01:31:14.082873 futex(0xc000520948, FUTEX_WAKE_PRIVATE, 1 <unfinished ...>
2872  01:31:14.083079 tgkill(2871, 2876, SIGURG <unfinished ...>
2878  01:31:14.083300 <... futex resumed>) = 0 <0.041765>
2877  01:31:14.083496 <... futex resumed>) = 1 <0.000441>
2876  01:31:14.083687 <... futex resumed>) = 1 <0.000840>
2871  01:31:14.083876 <... futex resumed>) = 0 <0.045064>
2878  01:31:14.084213 futex(0xc000520948, FUTEX_WAIT_PRIVATE, 0, NULL <unfinished ...>
2877  01:31:14.084543 futex(0xc000520548, FUTEX_WAIT_PRIVATE, 0, NULL <unfinished ...>
2876  01:31:14.084805 --- SIGURG {si_signo=SIGURG, si_code=SI_TKILL, si_pid=2871, si_uid=0} ---
2872  01:31:14.085054 <... tgkill resumed>) = 0 <0.001777>
2876  01:31:14.085256 rt_sigreturn({mask=[]} <unfinished ...>
2871  01:31:14.085479 rt_sigprocmask(SIG_SETMASK, ~[HUP INT QUIT ILL TRAP ABRT BUS FPE SEGV TERM STKFLT CHLD URG PROF SYS RTMIN RT_1 RT_2],  <unfinished ...>
2876  01:31:14.085696 <... rt_sigreturn resumed>) = 1 <0.000239>
2872  01:31:14.085912 nanosleep({tv_sec=0, tv_nsec=20000},  <unfinished ...>
2876  01:31:14.086128 futex(0xc000520148, FUTEX_WAIT_PRIVATE, 0, NULL <unfinished ...>
2871  01:31:14.086333 <... rt_sigprocmask resumed>NULL, 8) = 0 <0.000663>
2872  01:31:14.086532 <... nanosleep resumed>NULL) = 0 <0.000425>
2871  01:31:14.086732 futex(0xc000520148, FUTEX_WAKE_PRIVATE, 1 <unfinished ...>
2872  01:31:14.086925 nanosleep({tv_sec=0, tv_nsec=20000},  <unfinished ...>
2876  01:31:14.087191 <... futex resumed>) = 0 <0.000870>
2871  01:31:14.087484 <... futex resumed>) = 1 <0.000578>
2876  01:31:14.087742 nanosleep({tv_sec=0, tv_nsec=3000},  <unfinished ...>
2872  01:31:14.088015 <... nanosleep resumed>NULL) = 0 <0.000880>
2876  01:31:14.088219 <... nanosleep resumed>NULL) = 0 <0.000229>
2871  01:31:14.088415 futex(0xc000520548, FUTEX_WAKE_PRIVATE, 1 <unfinished ...>
2876  01:31:14.088673 futex(0xc000520948, FUTEX_WAKE_PRIVATE, 1 <unfinished ...>
2872  01:31:14.088981 nanosleep({tv_sec=0, tv_nsec=20000},  <unfinished ...>
2878  01:31:14.089226 <... futex resumed>) = 0 <0.004713>
2877  01:31:14.089457 <... futex resumed>) = 0 <0.004670>
2876  01:31:14.089717 <... futex resumed>) = 1 <0.000753>
2871  01:31:14.089976 <... futex resumed>) = 1 <0.001326>
2878  01:31:14.090280 futex(0xc000520948, FUTEX_WAIT_PRIVATE, 0, NULL <unfinished ...>
2877  01:31:14.090640 futex(0xc000520548, FUTEX_WAIT_PRIVATE, 0, NULL <unfinished ...>
2876  01:31:14.091095 futex(0xc000520548, FUTEX_WAKE_PRIVATE, 1 <unfinished ...>
2872  01:31:14.091356 <... nanosleep resumed>NULL) = 0 <0.002153>
2877  01:31:14.091610 <... futex resumed>) = -1 EAGAIN (Resource temporarily unavailable) <0.000540>
2876  01:31:14.091852 <... futex resumed>) = 0 <0.000518>
2871  01:31:14.092069 futex(0x3b3bb68, FUTEX_WAIT_PRIVATE, 0, NULL <unfinished ...>
2877  01:31:14.092277 nanosleep({tv_sec=0, tv_nsec=3000},  <unfinished ...>
2876  01:31:14.092492 futex(0x3b3bb68, FUTEX_WAKE_PRIVATE, 1 <unfinished ...>
2872  01:31:14.092731 nanosleep({tv_sec=0, tv_nsec=20000},  <unfinished ...>
2877  01:31:14.093024 <... nanosleep resumed>NULL) = 0 <0.000559>
2876  01:31:14.093252 <... futex resumed>) = 0 <0.000548>
2871  01:31:14.093460 <... futex resumed>) = -1 EAGAIN (Resource temporarily unavailable) <0.001208>
2877  01:31:14.093674 futex(0xc000520548, FUTEX_WAIT_PRIVATE, 0, NULL <unfinished ...>
2876  01:31:14.093894 futex(0xc000520148, FUTEX_WAIT_PRIVATE, 0, NULL <unfinished ...>
2872  01:31:14.094125 <... nanosleep resumed>NULL) = 0 <0.001125>
2871  01:31:14.094356 rt_sigprocmask(SIG_SETMASK, ~[HUP INT QUIT ILL TRAP ABRT BUS FPE SEGV TERM STKFLT CHLD URG PROF SYS RTMIN RT_1 RT_2],  <unfinished ...>
2872  01:31:14.094586 nanosleep({tv_sec=0, tv_nsec=20000},  <unfinished ...>
2871  01:31:14.094882 <... rt_sigprocmask resumed>NULL, 8) = 0 <0.000314>
2872  01:31:14.095083 <... nanosleep resumed>NULL) = 0 <0.000223>
2871  01:31:14.095344 futex(0xc000520148, FUTEX_WAKE_PRIVATE, 1 <unfinished ...>
2872  01:31:14.095621 nanosleep({tv_sec=0, tv_nsec=20000},  <unfinished ...>
2876  01:31:14.095878 <... futex resumed>) = 0 <0.001770>
2871  01:31:14.096101 <... futex resumed>) = 1 <0.000501>
2876  01:31:14.096297 nanosleep({tv_sec=0, tv_nsec=3000},  <unfinished ...>
2872  01:31:14.096493 <... nanosleep resumed>NULL) = 0 <0.000666>
2876  01:31:14.096681 <... nanosleep resumed>NULL) = 0 <0.000207>
2871  01:31:14.096881 futex(0xc000520548, FUTEX_WAKE_PRIVATE, 1 <unfinished ...>
2876  01:31:14.097081 futex(0xc000520948, FUTEX_WAKE_PRIVATE, 1 <unfinished ...>
2872  01:31:14.097313 nanosleep({tv_sec=0, tv_nsec=20000},  <unfinished ...>
2878  01:31:14.097553 <... futex resumed>) = 0 <0.006961>
2877  01:31:14.097795 <... futex resumed>) = 0 <0.003923>
2876  01:31:14.098043 <... futex resumed>) = 1 <0.000749>
2871  01:31:14.098233 <... futex resumed>) = 1 <0.001175>
2878  01:31:14.098422 futex(0xc000520948, FUTEX_WAIT_PRIVATE, 0, NULL <unfinished ...>
2877  01:31:14.098608 futex(0xc000520548, FUTEX_WAIT_PRIVATE, 0, NULL <unfinished ...>
2876  01:31:14.098790 futex(0xc000520548, FUTEX_WAKE_PRIVATE, 1 <unfinished ...>
2872  01:31:14.098971 <... nanosleep resumed>NULL) = 0 <0.001439>
2877  01:31:14.099161 <... futex resumed>) = -1 EAGAIN (Resource temporarily unavailable) <0.000392>
2876  01:31:14.099348 <... futex resumed>) = 0 <0.000396>
2871  01:31:14.099526 futex(0x3b3bb68, FUTEX_WAIT_PRIVATE, 0, NULL <unfinished ...>
2877  01:31:14.099713 nanosleep({tv_sec=0, tv_nsec=3000},  <unfinished ...>
2876  01:31:14.099901 futex(0x3b3bb68, FUTEX_WAKE_PRIVATE, 1 <unfinished ...>
2872  01:31:14.100081 nanosleep({tv_sec=0, tv_nsec=20000},  <unfinished ...>
2877  01:31:14.100295 <... nanosleep resumed>NULL) = 0 <0.000413>
2876  01:31:14.100564 <... futex resumed>) = 0 <0.000499>
2871  01:31:14.100871 <... futex resumed>) = -1 EAGAIN (Resource temporarily unavailable) <0.001175>
2877  01:31:14.101236 futex(0xc000520548, FUTEX_WAIT_PRIVATE, 0, NULL <unfinished ...>
2876  01:31:14.101524 futex(0xc000520148, FUTEX_WAIT_PRIVATE, 0, NULL <unfinished ...>
2872  01:31:14.101831 <... nanosleep resumed>NULL) = 0 <0.001552>
2871  01:31:14.102141 rt_sigprocmask(SIG_SETMASK, ~[HUP INT QUIT ILL TRAP ABRT BUS FPE SEGV TERM STKFLT CHLD URG PROF SYS RTMIN RT_1 RT_2],  <unfinished ...>
2872  01:31:14.102428 nanosleep({tv_sec=0, tv_nsec=20000},  <unfinished ...>
2871  01:31:14.102696 <... rt_sigprocmask resumed>NULL, 8) = 0 <0.000313>
2872  01:31:14.102960 <... nanosleep resumed>NULL) = 0 <0.000307>
2871  01:31:14.103205 futex(0xc000520148, FUTEX_WAKE_PRIVATE, 1 <unfinished ...>
2872  01:31:14.103404 nanosleep({tv_sec=0, tv_nsec=20000},  <unfinished ...>
2876  01:31:14.103640 <... futex resumed>) = 0 <0.001842>
2871  01:31:14.103879 <... futex resumed>) = 1 <0.000496>
2876  01:31:14.104081 nanosleep({tv_sec=0, tv_nsec=3000},  <unfinished ...>
2872  01:31:14.104290 <... nanosleep resumed>NULL) = 0 <0.000693>
2876  01:31:14.104508 <... nanosleep resumed>NULL) = 0 <0.000243>
2871  01:31:14.104695 futex(0xc000520548, FUTEX_WAKE_PRIVATE, 1 <unfinished ...>
2876  01:31:14.104886 futex(0xc000520948, FUTEX_WAKE_PRIVATE, 1 <unfinished ...>
2872  01:31:14.105209 nanosleep({tv_sec=0, tv_nsec=20000},  <unfinished ...>
2878  01:31:14.105495 <... futex resumed>) = 0 <0.006904>
2877  01:31:14.105796 <... futex resumed>) = 0 <0.004319>
2876  01:31:14.106106 <... futex resumed>) = 1 <0.000944>
2871  01:31:14.106452 <... futex resumed>) = 1 <0.001586>
2878  01:31:14.106794 futex(0xc000520948, FUTEX_WAIT_PRIVATE, 0, NULL <unfinished ...>
2877  01:31:14.107082 futex(0xc000520548, FUTEX_WAIT_PRIVATE, 0, NULL <unfinished ...>
2876  01:31:14.107312 futex(0xc000520548, FUTEX_WAKE_PRIVATE, 1 <unfinished ...>
2872  01:31:14.107560 <... nanosleep resumed>NULL) = 0 <0.002107>
2877  01:31:14.107827 <... futex resumed>) = -1 EAGAIN (Resource temporarily unavailable) <0.000536>
2876  01:31:14.108059 <... futex resumed>) = 0 <0.000531>
2871  01:31:14.108253 futex(0x3b3bb68, FUTEX_WAIT_PRIVATE, 0, NULL <unfinished ...>
2877  01:31:14.108447 nanosleep({tv_sec=0, tv_nsec=3000},  <unfinished ...>
2876  01:31:14.108764 futex(0x3b3bb68, FUTEX_WAKE_PRIVATE, 1 <unfinished ...>
2872  01:31:14.109082 nanosleep({tv_sec=0, tv_nsec=20000},  <unfinished ...>
2877  01:31:14.109311 <... nanosleep resumed>NULL) = 0 <0.000595>
2876  01:31:14.109601 <... futex resumed>) = 0 <0.000538>
2871  01:31:14.109911 <... futex resumed>) = -1 EAGAIN (Resource temporarily unavailable) <0.001486>
2877  01:31:14.110164 futex(0xc000520548, FUTEX_WAIT_PRIVATE, 0, NULL <unfinished ...>
2876  01:31:14.110526 futex(0xc000520148, FUTEX_WAIT_PRIVATE, 0, NULL <unfinished ...>
2872  01:31:14.110808 <... nanosleep resumed>NULL) = 0 <0.001515>
2871  01:31:14.111066 rt_sigprocmask(SIG_SETMASK, ~[HUP INT QUIT ILL TRAP ABRT BUS FPE USR1 SEGV TERM STKFLT CHLD URG PROF SYS RTMIN RT_1 RT_2],  <unfinished ...>
2872  01:31:14.111286 nanosleep({tv_sec=0, tv_nsec=20000},  <unfinished ...>
2871  01:31:14.111484 <... rt_sigprocmask resumed>NULL, 8) = 0 <0.000223>
2872  01:31:14.111736 <... nanosleep resumed>NULL) = 0 <0.000273>
2871  01:31:14.111964 futex(0xc000520148, FUTEX_WAKE_PRIVATE, 1 <unfinished ...>
2872  01:31:14.112157 nanosleep({tv_sec=0, tv_nsec=20000},  <unfinished ...>
2876  01:31:14.112356 <... futex resumed>) = 0 <0.001593>
2871  01:31:14.112549 <... futex resumed>) = 1 <0.000412>
2876  01:31:14.112755 nanosleep({tv_sec=0, tv_nsec=3000},  <unfinished ...>
2872  01:31:14.112964 <... nanosleep resumed>NULL) = 0 <0.000628>
2876  01:31:14.113169 <... nanosleep resumed>NULL) = 0 <0.000224>
2871  01:31:14.113355 futex(0xc000520548, FUTEX_WAKE_PRIVATE, 1 <unfinished ...>
2876  01:31:14.113548 futex(0xc000520948, FUTEX_WAKE_PRIVATE, 1 <unfinished ...>
2872  01:31:14.113809 nanosleep({tv_sec=0, tv_nsec=20000},  <unfinished ...>
2878  01:31:14.114068 <... futex resumed>) = 0 <0.007007>
2877  01:31:14.114301 <... futex resumed>) = 0 <0.003915>
2876  01:31:14.114536 <... futex resumed>) = 1 <0.000818>
2871  01:31:14.114799 <... futex resumed>) = 1 <0.001273>
2878  01:31:14.115043 futex(0xc000520948, FUTEX_WAIT_PRIVATE, 0, NULL <unfinished ...>
2877  01:31:14.115322 futex(0xc000520548, FUTEX_WAIT_PRIVATE, 0, NULL <unfinished ...>
2876  01:31:14.115565 futex(0xc000520548, FUTEX_WAKE_PRIVATE, 1 <unfinished ...>
2872  01:31:14.115803 <... nanosleep resumed>NULL) = 0 <0.001759>
2877  01:31:14.116037 <... futex resumed>) = -1 EAGAIN (Resource temporarily unavailable) <0.000495>
2876  01:31:14.116239 <... futex resumed>) = 0 <0.000458>
2871  01:31:14.116436 futex(0x3b3bb68, FUTEX_WAIT_PRIVATE, 0, NULL <unfinished ...>
2877  01:31:14.116638 nanosleep({tv_sec=0, tv_nsec=3000},  <unfinished ...>
2876  01:31:14.116835 futex(0x3b3bb68, FUTEX_WAKE_PRIVATE, 1 <unfinished ...>
2872  01:31:14.117024 nanosleep({tv_sec=0, tv_nsec=20000},  <unfinished ...>
2877  01:31:14.117221 <... nanosleep resumed>NULL) = 0 <0.000406>
2876  01:31:14.117448 <... futex resumed>) = 0 <0.000447>
2871  01:31:14.117729 <... futex resumed>) = -1 EAGAIN (Resource temporarily unavailable) <0.001112>
2877  01:31:14.117993 futex(0xc000520548, FUTEX_WAIT_PRIVATE, 0, NULL <unfinished ...>
2876  01:31:14.118232 futex(0xc000520148, FUTEX_WAIT_PRIVATE, 0, NULL <unfinished ...>
2872  01:31:14.118570 <... nanosleep resumed>NULL) = 0 <0.001369>
2871  01:31:14.118847 rt_sigprocmask(SIG_SETMASK, ~[HUP INT QUIT ILL TRAP ABRT BUS FPE USR1 SEGV USR2 TERM STKFLT CHLD URG PROF SYS RTMIN RT_1 RT_2],  <unfinished ...>
2872  01:31:14.119092 nanosleep({tv_sec=0, tv_nsec=20000},  <unfinished ...>
2871  01:31:14.119412 <... rt_sigprocmask resumed>NULL, 8) = 0 <0.000335>
2872  01:31:14.119719 <... nanosleep resumed>NULL) = 0 <0.000373>
2871  01:31:14.119982 futex(0xc000520148, FUTEX_WAKE_PRIVATE, 1 <unfinished ...>
2872  01:31:14.120243 nanosleep({tv_sec=0, tv_nsec=20000},  <unfinished ...>
2876  01:31:14.120658 <... futex resumed>) = 0 <0.002105>
2871  01:31:14.120971 <... futex resumed>) = 1 <0.000773>
2876  01:31:14.121231 nanosleep({tv_sec=0, tv_nsec=3000},  <unfinished ...>
2872  01:31:14.121476 <... nanosleep resumed>NULL) = 0 <0.000872>
2876  01:31:14.121772 <... nanosleep resumed>NULL) = 0 <0.000312>
2871  01:31:14.122101 futex(0xc000520548, FUTEX_WAKE_PRIVATE, 1 <unfinished ...>
2876  01:31:14.122385 futex(0xc000520948, FUTEX_WAKE_PRIVATE, 1 <unfinished ...>
2872  01:31:14.122728 nanosleep({tv_sec=0, tv_nsec=20000},  <unfinished ...>
2878  01:31:14.123113 <... futex resumed>) = 0 <0.007809>
2877  01:31:14.123361 <... futex resumed>) = 0 <0.005145>
2876  01:31:14.123660 <... futex resumed>) = 1 <0.000973>
2871  01:31:14.123925 <... futex resumed>) = 1 <0.001565>
2878  01:31:14.124171 futex(0xc000520948, FUTEX_WAIT_PRIVATE, 0, NULL <unfinished ...>
2877  01:31:14.124457 futex(0xc000520548, FUTEX_WAIT_PRIVATE, 0, NULL <unfinished ...>
2876  01:31:14.124748 futex(0xc000520548, FUTEX_WAKE_PRIVATE, 1 <unfinished ...>
2872  01:31:14.125089 <... nanosleep resumed>NULL) = 0 <0.002003>
2877  01:31:14.125532 <... futex resumed>) = -1 EAGAIN (Resource temporarily unavailable) <0.000802>
2876  01:31:14.125917 <... futex resumed>) = 0 <0.000866>
2871  01:31:14.126250 futex(0x3b3bb68, FUTEX_WAIT_PRIVATE, 0, NULL <unfinished ...>
2877  01:31:14.126463 nanosleep({tv_sec=0, tv_nsec=3000},  <unfinished ...>
2876  01:31:14.126674 futex(0x3b3bb68, FUTEX_WAKE_PRIVATE, 1 <unfinished ...>
2872  01:31:14.126904 nanosleep({tv_sec=0, tv_nsec=20000},  <unfinished ...>
2877  01:31:14.127149 <... nanosleep resumed>NULL) = 0 <0.000495>
2876  01:31:14.127345 <... futex resumed>) = 0 <0.000486>
2871  01:31:14.127536 <... futex resumed>) = -1 EAGAIN (Resource temporarily unavailable) <0.001100>
2877  01:31:14.127735 futex(0xc000520548, FUTEX_WAIT_PRIVATE, 0, NULL <unfinished ...>
2876  01:31:14.127925 futex(0xc000520148, FUTEX_WAIT_PRIVATE, 0, NULL <unfinished ...>
2872  01:31:14.128113 <... nanosleep resumed>NULL) = 0 <0.000987>
2871  01:31:14.128296 rt_sigprocmask(SIG_SETMASK, ~[HUP INT QUIT ILL TRAP ABRT BUS FPE USR1 SEGV USR2 PIPE TERM STKFLT CHLD URG PROF SYS RTMIN RT_1 RT_2],  <unfinished ...>
2872  01:31:14.128497 nanosleep({tv_sec=0, tv_nsec=20000},  <unfinished ...>
2871  01:31:14.128682 <... rt_sigprocmask resumed>NULL, 8) = 0 <0.000207>
2872  01:31:14.128942 <... nanosleep resumed>NULL) = 0 <0.000279>
2871  01:31:14.129167 futex(0xc000520148, FUTEX_WAKE_PRIVATE, 1 <unfinished ...>
2872  01:31:14.129388 nanosleep({tv_sec=0, tv_nsec=20000},  <unfinished ...>
2876  01:31:14.129657 <... futex resumed>) = 0 <0.001560>
2871  01:31:14.129949 <... futex resumed>) = 1 <0.000578>
2876  01:31:14.130205 nanosleep({tv_sec=0, tv_nsec=3000},  <unfinished ...>
2872  01:31:14.130592 <... nanosleep resumed>NULL) = 0 <0.000980>
2876  01:31:14.130886 <... nanosleep resumed>NULL) = 0 <0.000334>
2871  01:31:14.131139 futex(0xc000520548, FUTEX_WAKE_PRIVATE, 1 <unfinished ...>
2876  01:31:14.131317 futex(0xc000520948, FUTEX_WAKE_PRIVATE, 1 <unfinished ...>
2872  01:31:14.131536 nanosleep({tv_sec=0, tv_nsec=20000},  <unfinished ...>
2878  01:31:14.131750 <... futex resumed>) = 0 <0.007338>
2877  01:31:14.131938 <... futex resumed>) = 0 <0.004035>
2876  01:31:14.132125 <... futex resumed>) = 1 <0.000615>
2871  01:31:14.132352 <... futex resumed>) = 1 <0.001056>
2878  01:31:14.132590 futex(0xc000520948, FUTEX_WAIT_PRIVATE, 0, NULL <unfinished ...>
2877  01:31:14.132822 futex(0xc000520548, FUTEX_WAIT_PRIVATE, 0, NULL <unfinished ...>
2876  01:31:14.133096 futex(0xc000520548, FUTEX_WAKE_PRIVATE, 1 <unfinished ...>
2872  01:31:14.133285 <... nanosleep resumed>NULL) = 0 <0.001559>
2877  01:31:14.133465 <... futex resumed>) = -1 EAGAIN (Resource temporarily unavailable) <0.000403>
2876  01:31:14.133643 <... futex resumed>) = 0 <0.000378>
2871  01:31:14.133838 futex(0x3b3bb68, FUTEX_WAIT_PRIVATE, 0, NULL <unfinished ...>
2877  01:31:14.134036 nanosleep({tv_sec=0, tv_nsec=3000},  <unfinished ...>
2876  01:31:14.134437 futex(0x3b3bb68, FUTEX_WAKE_PRIVATE, 1 <unfinished ...>
2872  01:31:14.134771 nanosleep({tv_sec=0, tv_nsec=20000},  <unfinished ...>
2877  01:31:14.135106 <... nanosleep resumed>NULL) = 0 <0.000718>
2876  01:31:14.135342 <... futex resumed>) = 0 <0.000617>
2871  01:31:14.135700 <... futex resumed>) = -1 EAGAIN (Resource temporarily unavailable) <0.001682>
2877  01:31:14.135984 futex(0xc000520548, FUTEX_WAIT_PRIVATE, 0, NULL <unfinished ...>
2876  01:31:14.136228 futex(0xc000520148, FUTEX_WAIT_PRIVATE, 0, NULL <unfinished ...>
2872  01:31:14.136455 <... nanosleep resumed>NULL) = 0 <0.001371>
2871  01:31:14.136681 rt_sigprocmask(SIG_SETMASK, ~[HUP INT QUIT ILL TRAP ABRT BUS FPE USR1 SEGV USR2 PIPE ALRM TERM STKFLT CHLD URG PROF SYS RTMIN RT_1 RT_2],  <unfinished ...>
2872  01:31:14.136919 nanosleep({tv_sec=0, tv_nsec=20000},  <unfinished ...>
2871  01:31:14.137150 <... rt_sigprocmask resumed>NULL, 8) = 0 <0.000253>
2872  01:31:14.137426 <... nanosleep resumed>NULL) = 0 <0.000297>
2871  01:31:14.137757 futex(0xc000520148, FUTEX_WAKE_PRIVATE, 1 <unfinished ...>
2872  01:31:14.138166 nanosleep({tv_sec=0, tv_nsec=20000},  <unfinished ...>
2876  01:31:14.138635 <... futex resumed>) = 0 <0.002196>
2871  01:31:14.139060 <... futex resumed>) = 1 <0.000955>
2876  01:31:14.139334 nanosleep({tv_sec=0, tv_nsec=3000},  <unfinished ...>
2872  01:31:14.139553 <... nanosleep resumed>NULL) = 0 <0.000970>
2876  01:31:14.139759 <... nanosleep resumed>NULL) = 0 <0.000227>
2871  01:31:14.140041 futex(0xc000520548, FUTEX_WAKE_PRIVATE, 1 <unfinished ...>
2876  01:31:14.140275 futex(0xc000520948, FUTEX_WAKE_PRIVATE, 1 <unfinished ...>
2872  01:31:14.140620 nanosleep({tv_sec=0, tv_nsec=20000},  <unfinished ...>
2878  01:31:14.140904 <... futex resumed>) = 0 <0.008101>
2877  01:31:14.141159 <... futex resumed>) = 0 <0.004953>
2876  01:31:14.141373 <... futex resumed>) = 1 <0.000773>
2871  01:31:14.141587 <... futex resumed>) = 1 <0.001336>
2878  01:31:14.141794 futex(0xc000520948, FUTEX_WAIT_PRIVATE, 0, NULL <unfinished ...>
2877  01:31:14.142002 futex(0xc000520548, FUTEX_WAIT_PRIVATE, 0, NULL <unfinished ...>
2876  01:31:14.142194 futex(0xc000520548, FUTEX_WAKE_PRIVATE, 1 <unfinished ...>
2872  01:31:14.142378 <... nanosleep resumed>NULL) = 0 <0.001498>
2877  01:31:14.142564 <... futex resumed>) = -1 EAGAIN (Resource temporarily unavailable) <0.000391>
2876  01:31:14.142795 <... futex resumed>) = 0 <0.000437>
2871  01:31:14.143026 futex(0x3b3bb68, FUTEX_WAIT_PRIVATE, 0, NULL <unfinished ...>
2877  01:31:14.143244 nanosleep({tv_sec=0, tv_nsec=3000},  <unfinished ...>
2876  01:31:14.143445 futex(0x3b3bb68, FUTEX_WAKE_PRIVATE, 1 <unfinished ...>
2872  01:31:14.143629 nanosleep({tv_sec=0, tv_nsec=20000},  <unfinished ...>
2877  01:31:14.143879 <... nanosleep resumed>NULL) = 0 <0.000454>
2876  01:31:14.144138 <... futex resumed>) = 0 <0.000528>
2871  01:31:14.144332 <... futex resumed>) = -1 EAGAIN (Resource temporarily unavailable) <0.001113>
2877  01:31:14.144528 futex(0xc000520548, FUTEX_WAIT_PRIVATE, 0, NULL <unfinished ...>
2876  01:31:14.144713 futex(0xc000520148, FUTEX_WAIT_PRIVATE, 0, NULL <unfinished ...>
2872  01:31:14.144942 <... nanosleep resumed>NULL) = 0 <0.001083>
2871  01:31:14.145133 rt_sigprocmask(SIG_SETMASK, ~[HUP INT QUIT ILL TRAP ABRT BUS FPE USR1 SEGV USR2 PIPE ALRM TERM STKFLT CHLD URG PROF SYS RTMIN RT_1 RT_2],  <unfinished ...>
2872  01:31:14.145375 nanosleep({tv_sec=0, tv_nsec=20000},  <unfinished ...>
2871  01:31:14.145610 <... rt_sigprocmask resumed>NULL, 8) = 0 <0.000260>
2872  01:31:14.145837 <... nanosleep resumed>NULL) = 0 <0.000248>
2871  01:31:14.146062 futex(0xc000520148, FUTEX_WAKE_PRIVATE, 1 <unfinished ...>
2872  01:31:14.146250 nanosleep({tv_sec=0, tv_nsec=20000},  <unfinished ...>
2876  01:31:14.146441 <... futex resumed>) = 0 <0.001517>
2871  01:31:14.146625 <... futex resumed>) = 1 <0.000396>
2876  01:31:14.146813 nanosleep({tv_sec=0, tv_nsec=3000},  <unfinished ...>
2872  01:31:14.146998 <... nanosleep resumed>NULL) = 0 <0.000578>
2876  01:31:14.147187 <... nanosleep resumed>NULL) = 0 <0.000206>
2871  01:31:14.147420 futex(0xc000520548, FUTEX_WAKE_PRIVATE, 1 <unfinished ...>
2876  01:31:14.147615 futex(0xc000520948, FUTEX_WAKE_PRIVATE, 1 <unfinished ...>
2872  01:31:14.147940 nanosleep({tv_sec=0, tv_nsec=20000},  <unfinished ...>
2878  01:31:14.148246 <... futex resumed>) = 0 <0.006266>
2877  01:31:14.148626 <... futex resumed>) = 0 <0.003925>
